Archive member included because of file (symbol)

.\CortexM3\ARM_GCC_441\Debug\Project 1.a(USBFS.o)
                              .\CortexM3\ARM_GCC_441\Debug\main.o (USBFS_Start)
.\CortexM3\ARM_GCC_441\Debug\Project 1.a(USBFS_drv.o)
                              .\CortexM3\ARM_GCC_441\Debug\Project 1.a(USBFS.o) (USBFS_EP)
.\CortexM3\ARM_GCC_441\Debug\Project 1.a(USBFS_episr.o)
                              .\CortexM3\ARM_GCC_441\Debug\Project 1.a(USBFS.o) (USBFS_EP_1_ISR)
.\CortexM3\ARM_GCC_441\Debug\Project 1.a(USBFS_hid.o)
                              .\CortexM3\ARM_GCC_441\Debug\Project 1.a(USBFS.o) (USBFS_hidProtocol)
.\CortexM3\ARM_GCC_441\Debug\Project 1.a(USBFS_std.o)
                              .\CortexM3\ARM_GCC_441\Debug\Project 1.a(USBFS_drv.o) (USBFS_HandleStandardRqst)
.\CortexM3\ARM_GCC_441\Debug\Project 1.a(USBFS_vnd.o)
                              .\CortexM3\ARM_GCC_441\Debug\Project 1.a(USBFS_drv.o) (USBFS_HandleVendorRqst)
.\CortexM3\ARM_GCC_441\Debug\Project 1.a(ADC.o)
                              .\CortexM3\ARM_GCC_441\Debug\main.o (ADC_Start)
.\CortexM3\ARM_GCC_441\Debug\Project 1.a(ADC_INT.o)
                              .\CortexM3\ARM_GCC_441\Debug\Project 1.a(ADC.o) (ADC_ISR1)
.\CortexM3\ARM_GCC_441\Debug\Project 1.a(PWM.o)
                              .\CortexM3\ARM_GCC_441\Debug\main.o (PWM_Start)
.\CortexM3\ARM_GCC_441\Debug\Project 1.a(LED_2.o)
                              .\CortexM3\ARM_GCC_441\Debug\main.o (LED_2_Write)
.\CortexM3\ARM_GCC_441\Debug\Project 1.a(LCD.o)
                              .\CortexM3\ARM_GCC_441\Debug\main.o (LCD_Start)
.\CortexM3\ARM_GCC_441\Debug\Project 1.a(ADC_theACLK.o)
                              .\CortexM3\ARM_GCC_441\Debug\Project 1.a(ADC.o) (ADC_theACLK_SetDividerRegister)
.\CortexM3\ARM_GCC_441\Debug\Project 1.a(ADC_Ext_CP_Clk.o)
                              .\CortexM3\ARM_GCC_441\Debug\Project 1.a(ADC.o) (ADC_Ext_CP_Clk_SetDividerRegister)
.\CortexM3\ARM_GCC_441\Debug\Project 1.a(ADC_AMux.o)
                              .\CortexM3\ARM_GCC_441\Debug\Project 1.a(ADC.o) (ADC_AMux_Select)
.\CortexM3\ARM_GCC_441\Debug\Project 1.a(CyBootAsmGnu.o)
                              .\CortexM3\ARM_GCC_441\Debug\Project 1.a(USBFS.o) (CyDelayCycles)
.\CortexM3\ARM_GCC_441\Debug\Project 1.a(CyLib.o)
                              .\CortexM3\ARM_GCC_441\Debug\Cm3Start.o (CyResetStatus)
.\CortexM3\ARM_GCC_441\Debug\Project 1.a(cyPm.o)
                              .\CortexM3\ARM_GCC_441\Debug\Project 1.a(CyLib.o) (CyPmReadStatus)
.\CortexM3\ARM_GCC_441\Debug\Project 1.a(AMux_1.o)
                              .\CortexM3\ARM_GCC_441\Debug\main.o (AMux_1_Start)
.\CortexM3\ARM_GCC_441\Debug\Project 1.a(cyfitter_cfg.o)
                              .\CortexM3\ARM_GCC_441\Debug\Project 1.a(AMux_1.o) (AMux_1_Set)
.\CortexM3\ARM_GCC_441\Debug\Project 1.a(USBFS_cls.o)
                              .\CortexM3\ARM_GCC_441\Debug\Project 1.a(USBFS_drv.o) (USBFS_DispatchClassRqst)
.\CortexM3\ARM_GCC_441\Debug\Project 1.a(USBFS_descr.o)
                              .\CortexM3\ARM_GCC_441\Debug\Project 1.a(USBFS_std.o) (USBFS_STRING_DESCRIPTORS)
.\CortexM3\ARM_GCC_441\Debug\Project 1.a(CyFlash.o)
                              .\CortexM3\ARM_GCC_441\Debug\Project 1.a(cyPm.o) (CyFlash_SetWaitCycles)
.\CortexM3\ARM_GCC_441\Debug\Project 1.a(CySpc.o)
                              .\CortexM3\ARM_GCC_441\Debug\Project 1.a(CyFlash.o) (CySpcStart)
c:/program files (x86)/cypress/psoc creator/2.2/psoc creator/import/gnu_cs/arm/4.4.1/bin/../lib/gcc/arm-none-eabi/4.4.1/thumb2\libgcc.a(_arm_addsubdf3.o)
                              .\CortexM3\ARM_GCC_441\Debug\Project 1.a(ADC.o) (__aeabi_f2d)
c:/program files (x86)/cypress/psoc creator/2.2/psoc creator/import/gnu_cs/arm/4.4.1/bin/../lib/gcc/arm-none-eabi/4.4.1/thumb2\libgcc.a(_arm_cmpdf2.o)
                              .\CortexM3\ARM_GCC_441\Debug\Project 1.a(ADC.o) (__aeabi_dcmpgt)
c:/program files (x86)/cypress/psoc creator/2.2/psoc creator/import/gnu_cs/arm/4.4.1/bin/../lib/gcc/arm-none-eabi/4.4.1/thumb2\libgcc.a(_arm_addsubsf3.o)
                              .\CortexM3\ARM_GCC_441\Debug\Project 1.a(ADC.o) (__aeabi_ui2f)
c:/program files (x86)/cypress/psoc creator/2.2/psoc creator/import/gnu_cs/arm/4.4.1/bin/../lib/gcc/arm-none-eabi/4.4.1/thumb2\libgcc.a(_arm_muldivsf3.o)
                              .\CortexM3\ARM_GCC_441\Debug\Project 1.a(ADC.o) (__aeabi_fmul)
c:/program files (x86)/cypress/psoc creator/2.2/psoc creator/import/gnu_cs/arm/4.4.1/bin/../lib/gcc/arm-none-eabi/4.4.1/thumb2\libgcc.a(_arm_fixunssfsi.o)
                              .\CortexM3\ARM_GCC_441\Debug\Project 1.a(ADC.o) (__aeabi_f2uiz)
c:/program files (x86)/cypress/psoc creator/2.2/psoc creator/import/gnu_cs/arm/4.4.1/bin/../lib/gcc/arm-none-eabi/4.4.1/../../../../arm-none-eabi/lib/thumb2\libc.a(lib_a-memcpy.o)
                              .\CortexM3\ARM_GCC_441\Debug\Project 1.a(cyfitter_cfg.o) (memcpy)
[...]
Memory Configuration

Name             Origin             Length             Attributes
rom              0x00000000         0x00040000         xr
ram              0x1fff8000         0x0000b000         xrw
*default*        0x00000000         0xffffffff

Linker script and memory map

LOAD c:/program files (x86)/cypress/psoc creator/2.2/psoc creator/import/gnu_cs/arm/4.4.1/bin/../lib/gcc/arm-none-eabi/4.4.1/thumb2/crti.o
LOAD c:/program files (x86)/cypress/psoc creator/2.2/psoc creator/import/gnu_cs/arm/4.4.1/bin/../lib/gcc/arm-none-eabi/4.4.1/thumb2/crtbegin.o
START GROUP
LOAD .\CortexM3\ARM_GCC_441\Debug\main.o
LOAD .\CortexM3\ARM_GCC_441\Debug\Cm3Start.o
LOAD .\CortexM3\ARM_GCC_441\Debug\Project 1.a
LOAD C:\Program Files (x86)\Cypress\PSoC Creator\2.2\PSoC Creator\psoc\content\cycomponentlibrary\CyComponentLibrary.cylib\CortexM3\ARM_GCC_441\Debug\CyComponentLibrary.a
END GROUP
START GROUP
LOAD c:/program files (x86)/cypress/psoc creator/2.2/psoc creator/import/gnu_cs/arm/4.4.1/bin/../lib/gcc/arm-none-eabi/4.4.1/thumb2\libgcc.a
LOAD c:/program files (x86)/cypress/psoc creator/2.2/psoc creator/import/gnu_cs/arm/4.4.1/bin/../lib/gcc/arm-none-eabi/4.4.1/../../../../arm-none-eabi/lib/thumb2\libc.a
END GROUP
LOAD c:/program files (x86)/cypress/psoc creator/2.2/psoc creator/import/gnu_cs/arm/4.4.1/bin/../lib/gcc/arm-none-eabi/4.4.1/thumb2/crtend.o
LOAD c:/program files (x86)/cypress/psoc creator/2.2/psoc creator/import/gnu_cs/arm/4.4.1/bin/../lib/gcc/arm-none-eabi/4.4.1/thumb2/crtn.o
START GROUP
LOAD c:/program files (x86)/cypress/psoc creator/2.2/psoc creator/import/gnu_cs/arm/4.4.1/bin/../lib/gcc/arm-none-eabi/4.4.1/thumb2\libgcc.a
LOAD c:/program files (x86)/cypress/psoc creator/2.2/psoc creator/import/gnu_cs/arm/4.4.1/bin/../lib/gcc/arm-none-eabi/4.4.1/../../../../arm-none-eabi/lib/thumb2\libc.a
LOAD c:/program files (x86)/cypress/psoc creator/2.2/psoc creator/import/gnu_cs/arm/4.4.1/bin/../lib/gcc/arm-none-eabi/4.4.1/../../../../arm-none-eabi/lib/thumb2\libcs3.a
LOAD c:/program files (x86)/cypress/psoc creator/2.2/psoc creator/import/gnu_cs/arm/4.4.1/bin/../lib/gcc/arm-none-eabi/4.4.1/../../../../arm-none-eabi/lib/thumb2\libcs3unhosted.a
LOAD c:/program files (x86)/cypress/psoc creator/2.2/psoc creator/import/gnu_cs/arm/4.4.1/bin/../lib/gcc/arm-none-eabi/4.4.1/../../../../arm-none-eabi/lib/thumb2\libcs3micro.a
END GROUP
                0x1fff8850                PROVIDE (__cs3_heap_start, _end)
                0x00000001                PROVIDE (__cs3_region_num, ((__cs3_regions_end - __cs3_regions) / 0x14))
                0x20008000                PROVIDE (__cs3_stack, 0x20008000)
                0x20004000                PROVIDE (__cs3_heap_end, (__cs3_stack - 0x4000))

.text           0x00000000     0xa35c
 CREATE_OBJECT_SYMBOLS
                0x00000000                __cs3_interrupt_vector = __cs3_interrupt_vector_micro
 *(.cs3.interrupt_vector)
 .cs3.interrupt_vector
                0x00000000       0xc0 c:/program files (x86)/cypress/psoc creator/2.2/psoc creator/import/gnu_cs/arm/4.4.1/bin/../lib/gcc/arm-none-eabi/4.4.1/../../../../arm-none-eabi/lib/thumb2\libcs3micro.a(micro-vector.o)
                0x00000000                __cs3_interrupt_vector_micro
                0x00000001                ASSERT ((. != __cs3_interrupt_vector_micro), No interrupt vector)
                0x00000a8c                PROVIDE (__cs3_reset, Reset)
 *(.cs3.reset)
                0x00000001                ASSERT ((. != __cs3_reset), No reset code)
 *(.dma_init)
 .dma_init      0x000000c0      0x1f8 .\CortexM3\ARM_GCC_441\Debug\Project 1.a(cyfitter_cfg.o)
                0x00000001                ASSERT ((((0x0 + .) <= 0x10000) || 0x0), DMA Init must be within the first 64k of flash)
 *(.text.cs3.init)
 .text.cs3.init
                0x000002b8       0x5c c:/program files (x86)/cypress/psoc creator/2.2/psoc creator/import/gnu_cs/arm/4.4.1/bin/../lib/gcc/arm-none-eabi/4.4.1/../../../../arm-none-eabi/lib/thumb2\libcs3.a(start_c.o)
                0x000002b8                __cs3_start_c
 *(.text .text.* .gnu.linkonce.t.*)
 .text          0x00000314       0x30 c:/program files (x86)/cypress/psoc creator/2.2/psoc creator/import/gnu_cs/arm/4.4.1/bin/../lib/gcc/arm-none-eabi/4.4.1/thumb2/crtbegin.o
 .text.main     0x00000344      0x134 .\CortexM3\ARM_GCC_441\Debug\main.o
                0x00000344                main
 .text.Process_EP2
                0x00000478       0x6c .\CortexM3\ARM_GCC_441\Debug\main.o
                0x00000478                Process_EP2
 .text.Process_EP1
                0x000004e4      0x520 .\CortexM3\ARM_GCC_441\Debug\main.o
                0x000004e4                Process_EP1
 .text.Update_LCD
                0x00000a04       0x88 .\CortexM3\ARM_GCC_441\Debug\main.o
                0x00000a04                Update_LCD
 .text.Reset    0x00000a8c       0x24 .\CortexM3\ARM_GCC_441\Debug\Cm3Start.o
                0x00000a8c                Reset
 .text.initialize_psoc
                0x00000ab0       0x9c .\CortexM3\ARM_GCC_441\Debug\Cm3Start.o
                0x00000ab0                initialize_psoc
 .text.USBFS_Start
                0x00000b4c       0x44 .\CortexM3\ARM_GCC_441\Debug\Project 1.a(USBFS.o)
                0x00000b4c                USBFS_Start
 .text.USBFS_Init
                0x00000b90      0x210 .\CortexM3\ARM_GCC_441\Debug\Project 1.a(USBFS.o)
                0x00000b90                USBFS_Init
 .text.USBFS_InitComponent
                0x00000da0      0x128 .\CortexM3\ARM_GCC_441\Debug\Project 1.a(USBFS.o)
                0x00000da0                USBFS_InitComponent
 .text.USBFS_ReInitComponent
                0x00000ec8       0xa8 .\CortexM3\ARM_GCC_441\Debug\Project 1.a(USBFS.o)
                0x00000ec8                USBFS_ReInitComponent
 .text.USBFS_GetConfiguration
                0x00000f70       0x18 .\CortexM3\ARM_GCC_441\Debug\Project 1.a(USBFS.o)
                0x00000f70                USBFS_GetConfiguration
 .text.USBFS_GetEPState
                0x00000f88       0x34 .\CortexM3\ARM_GCC_441\Debug\Project 1.a(USBFS.o)
                0x00000f88                USBFS_GetEPState
 .text.USBFS_GetEPCount
                0x00000fbc       0x70 .\CortexM3\ARM_GCC_441\Debug\Project 1.a(USBFS.o)
                0x00000fbc                USBFS_GetEPCount
 .text.USBFS_LoadInEP
                0x0000102c      0x158 .\CortexM3\ARM_GCC_441\Debug\Project 1.a(USBFS.o)
                0x0000102c                USBFS_LoadInEP
 .text.USBFS_ReadOutEP
                0x00001184       0x98 .\CortexM3\ARM_GCC_441\Debug\Project 1.a(USBFS.o)
                0x00001184                USBFS_ReadOutEP
 .text.USBFS_EnableOutEP
                0x0000121c       0x78 .\CortexM3\ARM_GCC_441\Debug\Project 1.a(USBFS.o)
                0x0000121c                USBFS_EnableOutEP
 .text.USBFS_EP_0_ISR
                0x00001294      0x144 .\CortexM3\ARM_GCC_441\Debug\Project 1.a(USBFS_drv.o)
                0x00001294                USBFS_EP_0_ISR
 .text.USBFS_HandleSetup
                0x000013d8       0xa4 .\CortexM3\ARM_GCC_441\Debug\Project 1.a(USBFS_drv.o)
                0x000013d8                USBFS_HandleSetup
 .text.USBFS_HandleIN
                0x0000147c       0x4c .\CortexM3\ARM_GCC_441\Debug\Project 1.a(USBFS_drv.o)
                0x0000147c                USBFS_HandleIN
 .text.USBFS_HandleOUT
                0x000014c8       0x5c .\CortexM3\ARM_GCC_441\Debug\Project 1.a(USBFS_drv.o)
                0x000014c8                USBFS_HandleOUT
 .text.USBFS_LoadEP0
                0x00001524      0x15c .\CortexM3\ARM_GCC_441\Debug\Project 1.a(USBFS_drv.o)
                0x00001524                USBFS_LoadEP0
 .text.USBFS_InitControlRead
                0x00001680       0x94 .\CortexM3\ARM_GCC_441\Debug\Project 1.a(USBFS_drv.o)
                0x00001680                USBFS_InitControlRead
 .text.USBFS_InitZeroLengthControlTransfer
                0x00001714       0x58 .\CortexM3\ARM_GCC_441\Debug\Project 1.a(USBFS_drv.o)
                0x00001714                USBFS_InitZeroLengthControlTransfer
 .text.USBFS_ControlReadDataStage
                0x0000176c        0xc .\CortexM3\ARM_GCC_441\Debug\Project 1.a(USBFS_drv.o)
                0x0000176c                USBFS_ControlReadDataStage
 .text.USBFS_ControlReadStatusStage
                0x00001778       0x54 .\CortexM3\ARM_GCC_441\Debug\Project 1.a(USBFS_drv.o)
                0x00001778                USBFS_ControlReadStatusStage
 .text.USBFS_InitControlWrite
                0x000017cc       0x88 .\CortexM3\ARM_GCC_441\Debug\Project 1.a(USBFS_drv.o)
                0x000017cc                USBFS_InitControlWrite
 .text.USBFS_ControlWriteDataStage
                0x00001854      0x114 .\CortexM3\ARM_GCC_441\Debug\Project 1.a(USBFS_drv.o)
                0x00001854                USBFS_ControlWriteDataStage
 .text.USBFS_ControlWriteStatusStage
                0x00001968       0x2c .\CortexM3\ARM_GCC_441\Debug\Project 1.a(USBFS_drv.o)
                0x00001968                USBFS_ControlWriteStatusStage
 .text.USBFS_InitNoDataControlTransfer
                0x00001994       0x48 .\CortexM3\ARM_GCC_441\Debug\Project 1.a(USBFS_drv.o)
                0x00001994                USBFS_InitNoDataControlTransfer
 .text.USBFS_NoDataControlStatusStage
                0x000019dc       0x68 .\CortexM3\ARM_GCC_441\Debug\Project 1.a(USBFS_drv.o)
                0x000019dc                USBFS_NoDataControlStatusStage
 .text.USBFS_UpdateStatusBlock
                0x00001a44       0x58 .\CortexM3\ARM_GCC_441\Debug\Project 1.a(USBFS_drv.o)
                0x00001a44                USBFS_UpdateStatusBlock
 .text.USBFS_InitializeStatusBlock
                0x00001a9c       0x48 .\CortexM3\ARM_GCC_441\Debug\Project 1.a(USBFS_drv.o)
                0x00001a9c                USBFS_InitializeStatusBlock
 .text.USBFS_EP_1_ISR
                0x00001ae4       0x70 .\CortexM3\ARM_GCC_441\Debug\Project 1.a(USBFS_episr.o)
                0x00001ae4                USBFS_EP_1_ISR
 .text.USBFS_EP_2_ISR
                0x00001b54       0x70 .\CortexM3\ARM_GCC_441\Debug\Project 1.a(USBFS_episr.o)
                0x00001b54                USBFS_EP_2_ISR
 .text.USBFS_SOF_ISR
                0x00001bc4        0xc .\CortexM3\ARM_GCC_441\Debug\Project 1.a(USBFS_episr.o)
                0x00001bc4                USBFS_SOF_ISR
 .text.USBFS_BUS_RESET_ISR
                0x00001bd0        0xc .\CortexM3\ARM_GCC_441\Debug\Project 1.a(USBFS_episr.o)
                0x00001bd0                USBFS_BUS_RESET_ISR
 .text.USBFS_DispatchHIDClassRqst
                0x00001bdc      0x2b8 .\CortexM3\ARM_GCC_441\Debug\Project 1.a(USBFS_hid.o)
                0x00001bdc                USBFS_DispatchHIDClassRqst
 .text.USBFS_FindHidClassDecriptor
                0x00001e94       0x9c .\CortexM3\ARM_GCC_441\Debug\Project 1.a(USBFS_hid.o)
                0x00001e94                USBFS_FindHidClassDecriptor
 .text.USBFS_FindReportDescriptor
                0x00001f30       0xb4 .\CortexM3\ARM_GCC_441\Debug\Project 1.a(USBFS_hid.o)
                0x00001f30                USBFS_FindReportDescriptor
 .text.USBFS_FindReport
                0x00001fe4      0x104 .\CortexM3\ARM_GCC_441\Debug\Project 1.a(USBFS_hid.o)
                0x00001fe4                USBFS_FindReport
 .text.USBFS_HandleStandardRqst
                0x000020e8      0x5bc .\CortexM3\ARM_GCC_441\Debug\Project 1.a(USBFS_std.o)
                0x000020e8                USBFS_HandleStandardRqst
 .text.USBFS_ConfigReg
                0x000026a4      0x208 .\CortexM3\ARM_GCC_441\Debug\Project 1.a(USBFS_std.o)
                0x000026a4                USBFS_ConfigReg
 .text.USBFS_Config
                0x000028ac      0x438 .\CortexM3\ARM_GCC_441\Debug\Project 1.a(USBFS_std.o)
                0x000028ac                USBFS_Config
 .text.USBFS_ConfigAltChanged
                0x00002ce4      0x360 .\CortexM3\ARM_GCC_441\Debug\Project 1.a(USBFS_std.o)
                0x00002ce4                USBFS_ConfigAltChanged
 .text.USBFS_GetConfigTablePtr
                0x00003044       0x2c .\CortexM3\ARM_GCC_441\Debug\Project 1.a(USBFS_std.o)
                0x00003044                USBFS_GetConfigTablePtr
 .text.USBFS_GetDeviceTablePtr
                0x00003070       0x28 .\CortexM3\ARM_GCC_441\Debug\Project 1.a(USBFS_std.o)
                0x00003070                USBFS_GetDeviceTablePtr
 .text.USBFS_GetInterfaceClassTablePtr
                0x00003098       0x50 .\CortexM3\ARM_GCC_441\Debug\Project 1.a(USBFS_std.o)
                0x00003098                USBFS_GetInterfaceClassTablePtr
 .text.USBFS_SetEndpointHalt
                0x000030e8      0x110 .\CortexM3\ARM_GCC_441\Debug\Project 1.a(USBFS_std.o)
                0x000030e8                USBFS_SetEndpointHalt
 .text.USBFS_ClearEndpointHalt
                0x000031f8      0x12c .\CortexM3\ARM_GCC_441\Debug\Project 1.a(USBFS_std.o)
                0x000031f8                USBFS_ClearEndpointHalt
 .text.USBFS_ValidateAlternateSetting
                0x00003324       0x94 .\CortexM3\ARM_GCC_441\Debug\Project 1.a(USBFS_std.o)
                0x00003324                USBFS_ValidateAlternateSetting
 .text.USBFS_HandleVendorRqst
                0x000033b8       0x38 .\CortexM3\ARM_GCC_441\Debug\Project 1.a(USBFS_vnd.o)
                0x000033b8                USBFS_HandleVendorRqst
 .text.ADC_Init
                0x000033f0       0x34 .\CortexM3\ARM_GCC_441\Debug\Project 1.a(ADC.o)
                0x000033f0                ADC_Init
 .text.ADC_Enable
                0x00003424      0x1a4 .\CortexM3\ARM_GCC_441\Debug\Project 1.a(ADC.o)
                0x00003424                ADC_Enable
 .text.ADC_Start
                0x000035c8       0x3c .\CortexM3\ARM_GCC_441\Debug\Project 1.a(ADC.o)
                0x000035c8                ADC_Start
 .text.ADC_StartConvert
                0x00003604       0x28 .\CortexM3\ARM_GCC_441\Debug\Project 1.a(ADC.o)
                0x00003604                ADC_StartConvert
 .text.ADC_IsEndConversion
                0x0000362c       0x60 .\CortexM3\ARM_GCC_441\Debug\Project 1.a(ADC.o)
                0x0000362c                ADC_IsEndConversion
 .text.ADC_GetResult32
                0x0000368c       0x3c .\CortexM3\ARM_GCC_441\Debug\Project 1.a(ADC.o)
                0x0000368c                ADC_GetResult32
 .text.ADC_InitConfig
                0x000036c8      0x2d4 .\CortexM3\ARM_GCC_441\Debug\Project 1.a(ADC.o)
                0x000036c8                ADC_InitConfig
 .text.ADC_GainCompensation
                0x0000399c      0x19c .\CortexM3\ARM_GCC_441\Debug\Project 1.a(ADC.o)
                0x0000399c                ADC_GainCompensation
 .text.ADC_SetDSMRef0Reg
                0x00003b38       0x94 .\CortexM3\ARM_GCC_441\Debug\Project 1.a(ADC.o)
                0x00003b38                ADC_SetDSMRef0Reg
 .text.ADC_ISR1
                0x00003bcc        0xc .\CortexM3\ARM_GCC_441\Debug\Project 1.a(ADC_INT.o)
                0x00003bcc                ADC_ISR1
 .text.PWM_Start
                0x00003bd8       0x2c .\CortexM3\ARM_GCC_441\Debug\Project 1.a(PWM.o)
                0x00003bd8                PWM_Start
 .text.PWM_Init
                0x00003c04       0xa4 .\CortexM3\ARM_GCC_441\Debug\Project 1.a(PWM.o)
                0x00003c04                PWM_Init
 .text.PWM_Enable
                0x00003ca8       0x2c .\CortexM3\ARM_GCC_441\Debug\Project 1.a(PWM.o)
                0x00003ca8                PWM_Enable
 .text.PWM_WriteCounter
                0x00003cd4       0x20 .\CortexM3\ARM_GCC_441\Debug\Project 1.a(PWM.o)
                0x00003cd4                PWM_WriteCounter
 .text.PWM_ClearFIFO
                0x00003cf4       0x2c .\CortexM3\ARM_GCC_441\Debug\Project 1.a(PWM.o)
                0x00003cf4                PWM_ClearFIFO
 .text.PWM_WritePeriod
                0x00003d20       0x20 .\CortexM3\ARM_GCC_441\Debug\Project 1.a(PWM.o)
                0x00003d20                PWM_WritePeriod
 .text.PWM_WriteCompare
                0x00003d40       0x20 .\CortexM3\ARM_GCC_441\Debug\Project 1.a(PWM.o)
                0x00003d40                PWM_WriteCompare
 .text.LED_2_Write
                0x00003d60       0x44 .\CortexM3\ARM_GCC_441\Debug\Project 1.a(LED_2.o)
                0x00003d60                LED_2_Write
 .text.LCD_Init
                0x00003da4       0x90 .\CortexM3\ARM_GCC_441\Debug\Project 1.a(LCD.o)
                0x00003da4                LCD_Init
 .text.LCD_Enable
                0x00003e34       0x1c .\CortexM3\ARM_GCC_441\Debug\Project 1.a(LCD.o)
                0x00003e34                LCD_Enable
 .text.LCD_Start
                0x00003e50       0x2c .\CortexM3\ARM_GCC_441\Debug\Project 1.a(LCD.o)
                0x00003e50                LCD_Start
 .text.LCD_Position
                0x00003e7c       0x74 .\CortexM3\ARM_GCC_441\Debug\Project 1.a(LCD.o)
                0x00003e7c                LCD_Position
 .text.LCD_PrintString
                0x00003ef0       0x40 .\CortexM3\ARM_GCC_441\Debug\Project 1.a(LCD.o)
                0x00003ef0                LCD_PrintString
 .text.LCD_WriteData
                0x00003f30       0x38 .\CortexM3\ARM_GCC_441\Debug\Project 1.a(LCD.o)
                0x00003f30                LCD_WriteData
 .text.LCD_WriteControl
                0x00003f68       0x40 .\CortexM3\ARM_GCC_441\Debug\Project 1.a(LCD.o)
                0x00003f68                LCD_WriteControl
 .text.LCD_IsReady
                0x00003fa8      0x204 .\CortexM3\ARM_GCC_441\Debug\Project 1.a(LCD.o)
                0x00003fa8                LCD_IsReady
 .text.LCD_WrDatNib
                0x000041ac       0xac .\CortexM3\ARM_GCC_441\Debug\Project 1.a(LCD.o)
                0x000041ac                LCD_WrDatNib
 .text.LCD_WrCntrlNib
                0x00004258       0x8c .\CortexM3\ARM_GCC_441\Debug\Project 1.a(LCD.o)
                0x00004258                LCD_WrCntrlNib
 .text.ADC_theACLK_SetModeRegister
                0x000042e4       0x38 .\CortexM3\ARM_GCC_441\Debug\Project 1.a(ADC_theACLK.o)
                0x000042e4                ADC_theACLK_SetModeRegister
 .text.ADC_Ext_CP_Clk_SetModeRegister
                0x0000431c       0x38 .\CortexM3\ARM_GCC_441\Debug\Project 1.a(ADC_Ext_CP_Clk.o)
                0x0000431c                ADC_Ext_CP_Clk_SetModeRegister
 .text.ADC_AMux_Start
                0x00004354       0x3c .\CortexM3\ARM_GCC_441\Debug\Project 1.a(ADC_AMux.o)
                0x00004354                ADC_AMux_Start
 .text.ADC_AMux_Select
                0x00004390       0x2c .\CortexM3\ARM_GCC_441\Debug\Project 1.a(ADC_AMux.o)
                0x00004390                ADC_AMux_Select
 *fill*         0x000043bc        0x4 00
 .text          0x000043c0       0x20 .\CortexM3\ARM_GCC_441\Debug\Project 1.a(CyBootAsmGnu.o)
                0x000043c0                CyDelayCycles
                0x000043d0                CyEnterCriticalSection
                0x000043d8                CyExitCriticalSection
 .text.CyHalt   0x000043e0       0x18 .\CortexM3\ARM_GCC_441\Debug\Project 1.a(CyLib.o)
                0x000043e0                CyHalt
 .text.CyDelay  0x000043f8       0x48 .\CortexM3\ARM_GCC_441\Debug\Project 1.a(CyLib.o)
                0x000043f8                CyDelay
 .text.CyDelayUs
                0x00004440       0x28 .\CortexM3\ARM_GCC_441\Debug\Project 1.a(CyLib.o)
                0x00004440                CyDelayUs
 .text.CyIntSetVector
                0x00004468       0x68 .\CortexM3\ARM_GCC_441\Debug\Project 1.a(CyLib.o)
                0x00004468                CyIntSetVector
 .text.CyIntSetPriority
                0x000044d0       0x5c .\CortexM3\ARM_GCC_441\Debug\Project 1.a(CyLib.o)
                0x000044d0                CyIntSetPriority
 .text.CyIntEnable
                0x0000452c       0x48 .\CortexM3\ARM_GCC_441\Debug\Project 1.a(CyLib.o)
                0x0000452c                CyIntEnable
 .text.AMux_1_Start
                0x00004574       0x3c .\CortexM3\ARM_GCC_441\Debug\Project 1.a(AMux_1.o)
                0x00004574                AMux_1_Start
 .text.AMux_1_FastSelect
                0x000045b0       0x44 .\CortexM3\ARM_GCC_441\Debug\Project 1.a(AMux_1.o)
                0x000045b0                AMux_1_FastSelect
 .text.CyClockStartupError
                0x000045f4        0xc .\CortexM3\ARM_GCC_441\Debug\Project 1.a(cyfitter_cfg.o)
 .text.CYCONFIGCPY
                0x00004600       0x20 .\CortexM3\ARM_GCC_441\Debug\Project 1.a(cyfitter_cfg.o)
 .text.cfg_dma_init
                0x00004620      0x1bc .\CortexM3\ARM_GCC_441\Debug\Project 1.a(cyfitter_cfg.o)
 .text.ClockSetup
                0x000047dc      0x220 .\CortexM3\ARM_GCC_441\Debug\Project 1.a(cyfitter_cfg.o)
 .text.AnalogSetDefault
                0x000049fc       0x4c .\CortexM3\ARM_GCC_441\Debug\Project 1.a(cyfitter_cfg.o)
 .text.AMux_1_Set
                0x00004a48       0x90 .\CortexM3\ARM_GCC_441\Debug\Project 1.a(cyfitter_cfg.o)
                0x00004a48                AMux_1_Set
 .text.AMux_1_Unset
                0x00004ad8       0x9c .\CortexM3\ARM_GCC_441\Debug\Project 1.a(cyfitter_cfg.o)
                0x00004ad8                AMux_1_Unset
 .text.ADC_AMux_Set
                0x00004b74       0x4c .\CortexM3\ARM_GCC_441\Debug\Project 1.a(cyfitter_cfg.o)
                0x00004b74                ADC_AMux_Set
 .text.ADC_AMux_Unset
                0x00004bc0       0x54 .\CortexM3\ARM_GCC_441\Debug\Project 1.a(cyfitter_cfg.o)
                0x00004bc0                ADC_AMux_Unset
 .text.cyfitter_cfg
                0x00004c14      0x150 .\CortexM3\ARM_GCC_441\Debug\Project 1.a(cyfitter_cfg.o)
                0x00004c14                cyfitter_cfg
 .text.USBFS_DispatchClassRqst
                0x00004d64       0x90 .\CortexM3\ARM_GCC_441\Debug\Project 1.a(USBFS_cls.o)
                0x00004d64                USBFS_DispatchClassRqst
 .text          0x00004df4      0x370 c:/program files (x86)/cypress/psoc creator/2.2/psoc creator/import/gnu_cs/arm/4.4.1/bin/../lib/gcc/arm-none-eabi/4.4.1/thumb2\libgcc.a(_arm_addsubdf3.o)
                0x00004df4                __aeabi_drsub
                0x00004dfc                __aeabi_dsub
                0x00004dfc                __subdf3
                0x00004e00                __aeabi_dadd
                0x00004e00                __adddf3
                0x00005078                __floatunsidf
                0x00005078                __aeabi_ui2d
                0x00005098                __floatsidf
                0x00005098                __aeabi_i2d
                0x000050bc                __aeabi_f2d
                0x000050bc                __extendsfdf2
                0x000050f8                __floatundidf
                0x000050f8                __aeabi_ul2d
                0x00005108                __floatdidf
                0x00005108                __aeabi_l2d
 .text          0x00005164      0x110 c:/program files (x86)/cypress/psoc creator/2.2/psoc creator/import/gnu_cs/arm/4.4.1/bin/../lib/gcc/arm-none-eabi/4.4.1/thumb2\libgcc.a(_arm_cmpdf2.o)
                0x00005164                __gtdf2
                0x00005164                __gedf2
                0x0000516c                __ltdf2
                0x0000516c                __ledf2
                0x00005174                __nedf2
                0x00005174                __eqdf2
                0x00005174                __cmpdf2
                0x000051f0                __aeabi_cdrcmple
                0x00005200                __aeabi_cdcmpeq
                0x00005200                __aeabi_cdcmple
                0x00005210                __aeabi_dcmpeq
                0x00005224                __aeabi_dcmplt
                0x00005238                __aeabi_dcmple
                0x0000524c                __aeabi_dcmpge
                0x00005260                __aeabi_dcmpgt
 .text          0x00005274      0x190 c:/program files (x86)/cypress/psoc creator/2.2/psoc creator/import/gnu_cs/arm/4.4.1/bin/../lib/gcc/arm-none-eabi/4.4.1/../../../../arm-none-eabi/lib/thumb2\libc.a(lib_a-memcpy.o)
                0x00005274                memcpy
 .text          0x00005404       0xd4 c:/program files (x86)/cypress/psoc creator/2.2/psoc creator/import/gnu_cs/arm/4.4.1/bin/../lib/gcc/arm-none-eabi/4.4.1/../../../../arm-none-eabi/lib/thumb2\libc.a(lib_a-memset.o)
                0x00005404                memset
 .text          0x000054d8       0x94 c:/program files (x86)/cypress/psoc creator/2.2/psoc creator/import/gnu_cs/arm/4.4.1/bin/../lib/gcc/arm-none-eabi/4.4.1/../../../../arm-none-eabi/lib/thumb2\libc.a(lib_a-sprintf.o)
                0x000054d8                sprintf
                0x00005528                _sprintf_r
 .text          0x0000556c     0x15a8 c:/program files (x86)/cypress/psoc creator/2.2/psoc creator/import/gnu_cs/arm/4.4.1/bin/../lib/gcc/arm-none-eabi/4.4.1/../../../../arm-none-eabi/lib/thumb2\libc.a(lib_a-svfprintf.o)
                0x00005688                _svfprintf_r
 *fill*         0x00006b14        0x4 00
 .text          0x00006b18      0xfb8 c:/program files (x86)/cypress/psoc creator/2.2/psoc creator/import/gnu_cs/arm/4.4.1/bin/../lib/gcc/arm-none-eabi/4.4.1/../../../../arm-none-eabi/lib/thumb2\libc.a(lib_a-dtoa.o)
                0x00006c38                _dtoa_r
 .text          0x00007ad0      0x268 c:/program files (x86)/cypress/psoc creator/2.2/psoc creator/import/gnu_cs/arm/4.4.1/bin/../lib/gcc/arm-none-eabi/4.4.1/../../../../arm-none-eabi/lib/thumb2\libc.a(lib_a-freer.o)
                0x00007ad0                _malloc_trim_r
                0x00007b78                _free_r
 .text          0x00007d38       0x74 c:/program files (x86)/cypress/psoc creator/2.2/psoc creator/import/gnu_cs/arm/4.4.1/bin/../lib/gcc/arm-none-eabi/4.4.1/../../../../arm-none-eabi/lib/thumb2\libc.a(lib_a-locale.o)
                0x00007d38                __locale_charset
                0x00007d44                _localeconv_r
                0x00007d4c                localeconv
                0x00007d54                _setlocale_r
                0x00007d9c                setlocale
 .text          0x00007dac       0x20 c:/program files (x86)/cypress/psoc creator/2.2/psoc creator/import/gnu_cs/arm/4.4.1/bin/../lib/gcc/arm-none-eabi/4.4.1/../../../../arm-none-eabi/lib/thumb2\libc.a(lib_a-malloc.o)
                0x00007dac                free
                0x00007dbc                malloc
 .text          0x00007dcc      0x5a4 c:/program files (x86)/cypress/psoc creator/2.2/psoc creator/import/gnu_cs/arm/4.4.1/bin/../lib/gcc/arm-none-eabi/4.4.1/../../../../arm-none-eabi/lib/thumb2\libc.a(lib_a-mallocr.o)
                0x00007dcc                _malloc_r
 .text          0x00008370       0x74 c:/program files (x86)/cypress/psoc creator/2.2/psoc creator/import/gnu_cs/arm/4.4.1/bin/../lib/gcc/arm-none-eabi/4.4.1/../../../../arm-none-eabi/lib/thumb2\libc.a(lib_a-memchr.o)
                0x00008370                memchr
 .text          0x000083e4       0xb8 c:/program files (x86)/cypress/psoc creator/2.2/psoc creator/import/gnu_cs/arm/4.4.1/bin/../lib/gcc/arm-none-eabi/4.4.1/../../../../arm-none-eabi/lib/thumb2\libc.a(lib_a-memmove.o)
                0x000083e4                memmove
 .text          0x0000849c        0x8 c:/program files (x86)/cypress/psoc creator/2.2/psoc creator/import/gnu_cs/arm/4.4.1/bin/../lib/gcc/arm-none-eabi/4.4.1/../../../../arm-none-eabi/lib/thumb2\libc.a(lib_a-mlock.o)
                0x0000849c                __malloc_lock
                0x000084a0                __malloc_unlock
 .text          0x000084a4      0x958 c:/program files (x86)/cypress/psoc creator/2.2/psoc creator/import/gnu_cs/arm/4.4.1/bin/../lib/gcc/arm-none-eabi/4.4.1/../../../../arm-none-eabi/lib/thumb2\libc.a(lib_a-mprec.o)
                0x000084a4                __hi0bits
                0x000084e4                __lo0bits
                0x00008548                __mcmp
                0x00008588                __ulp
                0x000085d4                __b2d
                0x0000867c                __ratio
                0x000086dc                _mprec_log10
                0x00008714                __copybits
                0x00008764                __any_on
                0x000087bc                _Bfree
                0x000087f4                _Balloc
                0x00008860                __d2b
                0x00008930                __mdiff
                0x00008a28                __lshift
                0x00008ae4                __multiply
                0x00008c18                __i2b
                0x00008c2c                __multadd
                0x00008cb4                __pow5mult
                0x00008d60                __s2b
 .text          0x00008dfc      0x3b4 c:/program files (x86)/cypress/psoc creator/2.2/psoc creator/import/gnu_cs/arm/4.4.1/bin/../lib/gcc/arm-none-eabi/4.4.1/../../../../arm-none-eabi/lib/thumb2\libc.a(lib_a-reallocr.o)
                0x00008dfc                _realloc_r
 .text          0x000091b0       0x24 c:/program files (x86)/cypress/psoc creator/2.2/psoc creator/import/gnu_cs/arm/4.4.1/bin/../lib/gcc/arm-none-eabi/4.4.1/../../../../arm-none-eabi/lib/thumb2\libc.a(lib_a-s_isinfd.o)
                0x000091b0                __isinfd
 .text          0x000091d4       0x1c c:/program files (x86)/cypress/psoc creator/2.2/psoc creator/import/gnu_cs/arm/4.4.1/bin/../lib/gcc/arm-none-eabi/4.4.1/../../../../arm-none-eabi/lib/thumb2\libc.a(lib_a-s_isnand.o)
                0x000091d4                __isnand
 .text          0x000091f0       0x28 c:/program files (x86)/cypress/psoc creator/2.2/psoc creator/import/gnu_cs/arm/4.4.1/bin/../lib/gcc/arm-none-eabi/4.4.1/../../../../arm-none-eabi/lib/thumb2\libc.a(lib_a-sbrkr.o)
                0x000091f0                _sbrk_r
 .text          0x00009218      0x1dc c:/program files (x86)/cypress/psoc creator/2.2/psoc creator/import/gnu_cs/arm/4.4.1/bin/../lib/gcc/arm-none-eabi/4.4.1/../../../../arm-none-eabi/lib/thumb2\libc.a(lib_a-strcmp.o)
                0x00009218                strcmp
 .text          0x000093f4       0x60 c:/program files (x86)/cypress/psoc creator/2.2/psoc creator/import/gnu_cs/arm/4.4.1/bin/../lib/gcc/arm-none-eabi/4.4.1/../../../../arm-none-eabi/lib/thumb2\libc.a(lib_a-strlen.o)
                0x000093f4                strlen
 .text          0x00009454       0x5c c:/program files (x86)/cypress/psoc creator/2.2/psoc creator/import/gnu_cs/arm/4.4.1/bin/../lib/gcc/arm-none-eabi/4.4.1/../../../../arm-none-eabi/lib/thumb2\libc.a(lib_a-callocr.o)
                0x00009454                _calloc_r
 .text          0x000094b0      0x278 c:/program files (x86)/cypress/psoc creator/2.2/psoc creator/import/gnu_cs/arm/4.4.1/bin/../lib/gcc/arm-none-eabi/4.4.1/thumb2\libgcc.a(_udivsi3.o)
                0x000094b0                __aeabi_uidiv
                0x000094b0                __udivsi3
                0x0000970c                __aeabi_uidivmod
 .text          0x00009728        0x4 c:/program files (x86)/cypress/psoc creator/2.2/psoc creator/import/gnu_cs/arm/4.4.1/bin/../lib/gcc/arm-none-eabi/4.4.1/thumb2\libgcc.a(_dvmd_tls.o)
                0x00009728                __aeabi_idiv0
                0x00009728                __aeabi_ldiv0
 .text          0x0000972c      0x424 c:/program files (x86)/cypress/psoc creator/2.2/psoc creator/import/gnu_cs/arm/4.4.1/bin/../lib/gcc/arm-none-eabi/4.4.1/thumb2\libgcc.a(_arm_muldivdf3.o)
                0x0000972c                __aeabi_dmul
                0x0000972c                __muldf3
                0x00009980                __divdf3
                0x00009980                __aeabi_ddiv
 .text          0x00009b50       0x50 c:/program files (x86)/cypress/psoc creator/2.2/psoc creator/import/gnu_cs/arm/4.4.1/bin/../lib/gcc/arm-none-eabi/4.4.1/thumb2\libgcc.a(_arm_fixdfsi.o)
                0x00009b50                __aeabi_d2iz
                0x00009b50                __fixdfsi
 .text          0x00009ba0       0x2c c:/program files (x86)/cypress/psoc creator/2.2/psoc creator/import/gnu_cs/arm/4.4.1/bin/../lib/gcc/arm-none-eabi/4.4.1/thumb2\libgcc.a(_aeabi_uldivmod.o)
                0x00009ba0                __aeabi_uldivmod
 .text          0x00009bcc       0x58 c:/program files (x86)/cypress/psoc creator/2.2/psoc creator/import/gnu_cs/arm/4.4.1/bin/../lib/gcc/arm-none-eabi/4.4.1/thumb2\libgcc.a(bpabi.o)
                0x00009bcc                __gnu_uldivmod_helper
                0x00009bf8                __gnu_ldivmod_helper
 .text          0x00009c24      0x364 c:/program files (x86)/cypress/psoc creator/2.2/psoc creator/import/gnu_cs/arm/4.4.1/bin/../lib/gcc/arm-none-eabi/4.4.1/thumb2\libgcc.a(_divdi3.o)
                0x00009c24                __divdi3
 .text          0x00009f88      0x300 c:/program files (x86)/cypress/psoc creator/2.2/psoc creator/import/gnu_cs/arm/4.4.1/bin/../lib/gcc/arm-none-eabi/4.4.1/thumb2\libgcc.a(_udivdi3.o)
                0x00009f88                __udivdi3
 .text          0x0000a288       0x30 c:/program files (x86)/cypress/psoc creator/2.2/psoc creator/import/gnu_cs/arm/4.4.1/bin/../lib/gcc/arm-none-eabi/4.4.1/../../../../arm-none-eabi/lib/thumb2\libcs3.a(start_c.o)
                0x0000a288                __cs3_premain
 .text          0x0000a2b8       0x44 c:/program files (x86)/cypress/psoc creator/2.2/psoc creator/import/gnu_cs/arm/4.4.1/bin/../lib/gcc/arm-none-eabi/4.4.1/../../../../arm-none-eabi/lib/thumb2\libcs3unhosted.a(unhosted-sbrk.o)
                0x0000a2b8                _sbrk
 .text          0x0000a2fc        0x2 c:/program files (x86)/cypress/psoc creator/2.2/psoc creator/import/gnu_cs/arm/4.4.1/bin/../lib/gcc/arm-none-eabi/4.4.1/../../../../arm-none-eabi/lib/thumb2\libcs3micro.a(micro_isr_interrupt.o)
                0x0000a2fc                __cs3_isr_external_24
                0x0000a2fc                __cs3_isr_external_9
                0x0000a2fc                __cs3_isr_external_14
                0x0000a2fc                __cs3_isr_reserved_9
                0x0000a2fc                __cs3_isr_external_4
                0x0000a2fc                __cs3_isr_external_21
                0x0000a2fc                __cs3_isr_external_0
                0x0000a2fc                __cs3_isr_external_27
                0x0000a2fc                __cs3_isr_external_11
                0x0000a2fc                __cs3_isr_usage_fault
                0x0000a2fc                __cs3_isr_svcall
                0x0000a2fc                __cs3_isr_external_3
                0x0000a2fc                __cs3_isr_mpu_fault
                0x0000a2fc                __cs3_isr_external_16
                0x0000a2fc                __cs3_isr_pendsv
                0x0000a2fc                __cs3_isr_external_31
                0x0000a2fc                __cs3_isr_nmi
                0x0000a2fc                __cs3_isr_external_5
                0x0000a2fc                __cs3_isr_external_6
                0x0000a2fc                __cs3_isr_external_12
                0x0000a2fc                __cs3_isr_hard_fault
                0x0000a2fc                __cs3_isr_bus_fault
                0x0000a2fc                __cs3_isr_external_1
                0x0000a2fc                __cs3_isr_external_13
                0x0000a2fc                __cs3_isr_external_30
                0x0000a2fc                __cs3_isr_external_23
                0x0000a2fc                __cs3_isr_external_20
                0x0000a2fc                __cs3_isr_debug
                0x0000a2fc                __cs3_isr_reserved_13
                0x0000a2fc                __cs3_isr_external_8
                0x0000a2fc                __cs3_isr_external_26
                0x0000a2fc                __cs3_isr_reserved_8
                0x0000a2fc                __cs3_isr_reserved_7
                0x0000a2fc                __cs3_isr_external_7
                0x0000a2fc                __cs3_isr_external_28
                0x0000a2fc                __cs3_isr_systick
                0x0000a2fc                __cs3_isr_external_22
                0x0000a2fc                __cs3_isr_external_10
                0x0000a2fc                __cs3_isr_external_15
                0x0000a2fc                __cs3_isr_interrupt
                0x0000a2fc                __cs3_isr_external_18
                0x0000a2fc                __cs3_isr_external_29
                0x0000a2fc                __cs3_isr_external_25
                0x0000a2fc                __cs3_isr_reserved_10
                0x0000a2fc                __cs3_isr_external_2
                0x0000a2fc                __cs3_isr_external_17
                0x0000a2fc                __cs3_isr_external_19
 *fill*         0x0000a2fe        0x2 00
 .text          0x0000a300        0xc c:/program files (x86)/cypress/psoc creator/2.2/psoc creator/import/gnu_cs/arm/4.4.1/bin/../lib/gcc/arm-none-eabi/4.4.1/../../../../arm-none-eabi/lib/thumb2\libc.a(lib_a-errno.o)
                0x0000a300                __errno
 .text          0x0000a30c       0x50 c:/program files (x86)/cypress/psoc creator/2.2/psoc creator/import/gnu_cs/arm/4.4.1/bin/../lib/gcc/arm-none-eabi/4.4.1/../../../../arm-none-eabi/lib/thumb2\libc.a(lib_a-init.o)
                0x0000a30c                __libc_init_array
 *(.plt)
 *(.gnu.warning)
 *(.glue_7t)
 .glue_7t       0x00000000        0x0 linker stubs
 *(.glue_7)
 .glue_7        0x00000000        0x0 linker stubs
 *(.vfp11_veneer)
 .vfp11_veneer  0x00000000        0x0 linker stubs
 *(.bootloader)
 *(.ARM.extab* .gnu.linkonce.armextab.*)
 *(.gcc_except_table)

.v4_bx          0x0000a35c        0x0
 .v4_bx         0x00000000        0x0 linker stubs

.eh_frame_hdr
 *(.eh_frame_hdr)

.eh_frame
 *(.eh_frame)
                0x0000a35c                PROVIDE (__exidx_start, .)

.ARM.exidx      0x0000a35c        0x8
 *(.ARM.exidx* .gnu.linkonce.armexidx.*)
 .ARM.exidx     0x0000a35c        0x8 c:/program files (x86)/cypress/psoc creator/2.2/psoc creator/import/gnu_cs/arm/4.4.1/bin/../lib/gcc/arm-none-eabi/4.4.1/thumb2\libgcc.a(_divdi3.o)
 .ARM.exidx     0x0000a364        0x0 c:/program files (x86)/cypress/psoc creator/2.2/psoc creator/import/gnu_cs/arm/4.4.1/bin/../lib/gcc/arm-none-eabi/4.4.1/thumb2\libgcc.a(_udivdi3.o)
                                  0x8 (size before relaxing)
                0x0000a364                __exidx_end = .

.rodata         0x0000a368      0x5d8
 *(.rodata .rodata.* .gnu.linkonce.r.*)
 .rodata        0x0000a368       0x2c .\CortexM3\ARM_GCC_441\Debug\main.o
 .rodata        0x0000a394      0x11c .\CortexM3\ARM_GCC_441\Debug\Project 1.a(cyfitter_cfg.o)
                0x0000a394                AMux_1__addrTable
                0x0000a3b4                AMux_1__maskTable
                0x0000a3bc                ADC_AMux__addrTable
                0x0000a3c4                ADC_AMux__maskTable
 .rodata        0x0000a4b0      0x270 .\CortexM3\ARM_GCC_441\Debug\Project 1.a(USBFS_descr.o)
                0x0000a4b0                USBFS_DEVICE0_DESCR
                0x0000a4c4                USBFS_DEVICE0_CONFIGURATION0_DESCR
                0x0000a4f0                USBFS_STRING_DESCRIPTORS
                0x0000a660                USBFS_HIDREPORT_DESCRIPTOR1
                0x0000a68c                USBFS_DEVICE0_CONFIGURATION0_INTERFACE0_ALTERNATE0_HID_IN_RPT_TABLE
                0x0000a698                USBFS_DEVICE0_CONFIGURATION0_INTERFACE0_ALTERNATE0_HID_OUT_RPT_TABLE
                0x0000a6a4                USBFS_DEVICE0_CONFIGURATION0_INTERFACE0_ALTERNATE0_HID_TABLE
                0x0000a6cc                USBFS_DEVICE0_CONFIGURATION0_INTERFACE0_TABLE
                0x0000a6d4                USBFS_DEVICE0_CONFIGURATION0_EP_SETTINGS_TABLE
                0x0000a6e4                USBFS_DEVICE0_CONFIGURATION0_INTERFACE_CLASS
                0x0000a6e8                USBFS_DEVICE0_CONFIGURATION0_TABLE
                0x0000a708                USBFS_DEVICE0_TABLE
                0x0000a718                USBFS_TABLE
 .rodata        0x0000a720       0x20 c:/program files (x86)/cypress/psoc creator/2.2/psoc creator/import/gnu_cs/arm/4.4.1/bin/../lib/gcc/arm-none-eabi/4.4.1/../../../../arm-none-eabi/lib/thumb2\libc.a(lib_a-svfprintf.o)
 .rodata.str1.4
                0x0000a740       0x42 c:/program files (x86)/cypress/psoc creator/2.2/psoc creator/import/gnu_cs/arm/4.4.1/bin/../lib/gcc/arm-none-eabi/4.4.1/../../../../arm-none-eabi/lib/thumb2\libc.a(lib_a-svfprintf.o)
                                 0x44 (size before relaxing)
 *fill*         0x0000a782        0x2 00
 .rodata.str1.4
                0x0000a784       0x10 c:/program files (x86)/cypress/psoc creator/2.2/psoc creator/import/gnu_cs/arm/4.4.1/bin/../lib/gcc/arm-none-eabi/4.4.1/../../../../arm-none-eabi/lib/thumb2\libc.a(lib_a-dtoa.o)
                                 0x14 (size before relaxing)
 .rodata.str1.4
                0x0000a794        0x2 c:/program files (x86)/cypress/psoc creator/2.2/psoc creator/import/gnu_cs/arm/4.4.1/bin/../lib/gcc/arm-none-eabi/4.4.1/../../../../arm-none-eabi/lib/thumb2\libc.a(lib_a-impure.o)
                                  0x4 (size before relaxing)
 *fill*         0x0000a796        0x2 00
 .rodata        0x0000a798       0x34 c:/program files (x86)/cypress/psoc creator/2.2/psoc creator/import/gnu_cs/arm/4.4.1/bin/../lib/gcc/arm-none-eabi/4.4.1/../../../../arm-none-eabi/lib/thumb2\libc.a(lib_a-locale.o)
 .rodata.str1.4
                0x0000a7cc       0x10 c:/program files (x86)/cypress/psoc creator/2.2/psoc creator/import/gnu_cs/arm/4.4.1/bin/../lib/gcc/arm-none-eabi/4.4.1/../../../../arm-none-eabi/lib/thumb2\libc.a(lib_a-locale.o)
                                 0x18 (size before relaxing)
 *fill*         0x0000a7dc        0x4 00
 .rodata        0x0000a7e0      0x128 c:/program files (x86)/cypress/psoc creator/2.2/psoc creator/import/gnu_cs/arm/4.4.1/bin/../lib/gcc/arm-none-eabi/4.4.1/../../../../arm-none-eabi/lib/thumb2\libc.a(lib_a-mprec.o)
                0x0000a7e0                __mprec_tens
                0x0000a8b8                __mprec_bigtens
                0x0000a8e0                __mprec_tinytens
                0x0000a908                . = ALIGN (0x4)
 *(.init)
 .init          0x0000a908        0x4 c:/program files (x86)/cypress/psoc creator/2.2/psoc creator/import/gnu_cs/arm/4.4.1/bin/../lib/gcc/arm-none-eabi/4.4.1/thumb2/crti.o
                0x0000a908                _init
 .init          0x0000a90c        0x8 c:/program files (x86)/cypress/psoc creator/2.2/psoc creator/import/gnu_cs/arm/4.4.1/bin/../lib/gcc/arm-none-eabi/4.4.1/thumb2/crtn.o
                0x0000a914                . = ALIGN (0x4)
                0x0000a914                __preinit_array_start = .
 *(.preinit_array)
                0x0000a914                __preinit_array_end = .
                0x0000a914                . = ALIGN (0x4)
                0x0000a914                __init_array_start = .
 *(SORT(.init_array.*))
 *(.init_array)
 .init_array    0x0000a914        0x4 c:/program files (x86)/cypress/psoc creator/2.2/psoc creator/import/gnu_cs/arm/4.4.1/bin/../lib/gcc/arm-none-eabi/4.4.1/thumb2/crtbegin.o
 .init_array    0x0000a918        0x4 .\CortexM3\ARM_GCC_441\Debug\Cm3Start.o
                0x0000a91c                __init_array_end = .
                0x0000a91c                . = ALIGN (0x4)
 *(.fini)
 .fini          0x0000a91c        0x4 c:/program files (x86)/cypress/psoc creator/2.2/psoc creator/import/gnu_cs/arm/4.4.1/bin/../lib/gcc/arm-none-eabi/4.4.1/thumb2/crti.o
                0x0000a91c                _fini
 .fini          0x0000a920        0x8 c:/program files (x86)/cypress/psoc creator/2.2/psoc creator/import/gnu_cs/arm/4.4.1/bin/../lib/gcc/arm-none-eabi/4.4.1/thumb2/crtn.o
                0x0000a928                . = ALIGN (0x4)
                0x0000a928                __fini_array_start = .
 *(.fini_array)
 .fini_array    0x0000a928        0x4 c:/program files (x86)/cypress/psoc creator/2.2/psoc creator/import/gnu_cs/arm/4.4.1/bin/../lib/gcc/arm-none-eabi/4.4.1/thumb2/crtbegin.o
 *(SORT(.fini_array.*))
                0x0000a92c                __fini_array_end = .
                0x0000a92c                . = ALIGN (0x4)
 *crtbegin.o(.ctors)
 *(EXCLUDE_FILE(*crtend.o) .ctors)
 *(SORT(.ctors.*))
 *crtend.o(.ctors)
                0x0000a92c                . = ALIGN (0x4)
 *crtbegin.o(.dtors)
 *(EXCLUDE_FILE(*crtend.o) .dtors)
 *(SORT(.dtors.*))
 *crtend.o(.dtors)
                0x0000a92c                . = ALIGN (0x4)
                0x0000a92c                __cs3_regions = .
                0x0000a92c        0x4 LONG 0x0
                0x0000a930        0x4 LONG 0xa940 __cs3_region_init_ram
                0x0000a934        0x4 LONG 0x1fff8000 __cs3_region_start_ram
                0x0000a938        0x4 LONG 0x630 __cs3_region_init_size_ram
                0x0000a93c        0x4 LONG 0x220 __cs3_region_zero_size_ram
                0x0000a940                __cs3_regions_end = .
                0x0000a940                . = ALIGN (0x8)
                0x0000a940                _etext = .

.data           0x1fff8000      0x630 load address 0x0000a940
                0x1fff8000                __cs3_region_start_ram = .
 *(.cs3.region-head.ram)
                0x1fff8001                ASSERT ((. == __cs3_region_start_ram), .cs3.region-head.ram not permitted)
 *(.ramvectors)
 .ramvectors    0x1fff8000      0x100 .\CortexM3\ARM_GCC_441\Debug\Cm3Start.o
                0x1fff8000                CyRamVectors
 *(.jcr)
 .jcr           0x1fff8100        0x0 c:/program files (x86)/cypress/psoc creator/2.2/psoc creator/import/gnu_cs/arm/4.4.1/bin/../lib/gcc/arm-none-eabi/4.4.1/thumb2/crtbegin.o
 .jcr           0x1fff8100        0x4 c:/program files (x86)/cypress/psoc creator/2.2/psoc creator/import/gnu_cs/arm/4.4.1/bin/../lib/gcc/arm-none-eabi/4.4.1/thumb2/crtend.o
 *(.got.plt)
 *(.got)
 *(.shdata)
 *(.data .data.* .gnu.linkonce.d.*)
 .data          0x1fff8104        0x8 .\CortexM3\ARM_GCC_441\Debug\Project 1.a(ADC.o)
                0x1fff8104                ADC_Config
                0x1fff8108                ADC_CountsPerVolt
 .data          0x1fff810c        0x1 .\CortexM3\ARM_GCC_441\Debug\Project 1.a(ADC_AMux.o)
                0x1fff810c                ADC_AMux_lastChannel
 *fill*         0x1fff810d        0x3 00
 .data          0x1fff8110       0x10 .\CortexM3\ARM_GCC_441\Debug\Project 1.a(CyLib.o)
                0x1fff8110                cydelay_freq_hz
                0x1fff8114                cydelay_freq_khz
                0x1fff8118                cydelay_freq_mhz
                0x1fff811c                cydelay_32k_ms
 .data          0x1fff8120        0x1 .\CortexM3\ARM_GCC_441\Debug\Project 1.a(AMux_1.o)
                0x1fff8120                AMux_1_lastChannel
 *fill*         0x1fff8121        0x3 00
 .data          0x1fff8124       0xf4 c:/program files (x86)/cypress/psoc creator/2.2/psoc creator/import/gnu_cs/arm/4.4.1/bin/../lib/gcc/arm-none-eabi/4.4.1/../../../../arm-none-eabi/lib/thumb2\libc.a(lib_a-impure.o)
                0x1fff8124                _impure_ptr
 .data          0x1fff8218      0x410 c:/program files (x86)/cypress/psoc creator/2.2/psoc creator/import/gnu_cs/arm/4.4.1/bin/../lib/gcc/arm-none-eabi/4.4.1/../../../../arm-none-eabi/lib/thumb2\libc.a(lib_a-mallocr.o)
                0x1fff8218                __malloc_av_
                0x1fff8620                __malloc_sbrk_base
                0x1fff8624                __malloc_trim_threshold
 .data          0x1fff8628        0x4 c:/program files (x86)/cypress/psoc creator/2.2/psoc creator/import/gnu_cs/arm/4.4.1/bin/../lib/gcc/arm-none-eabi/4.4.1/../../../../arm-none-eabi/lib/thumb2\libcs3unhosted.a(unhosted-sbrk.o)
 .data          0x1fff862c        0x4 c:/program files (x86)/cypress/psoc creator/2.2/psoc creator/import/gnu_cs/arm/4.4.1/bin/../lib/gcc/arm-none-eabi/4.4.1/../../../../arm-none-eabi/lib/thumb2\libcs3.a(heap.o)
                0x1fff862c                __cs3_heap_limit
                0x1fff8630                . = ALIGN (0x8)
 *(.ram)
                0x1fff8630                _edata = .

.bss            0x1fff8630      0x220 load address 0x0000af70
 *(.shbss)
 *(.bss .bss.* .gnu.linkonce.b.*)
 .bss           0x1fff8630        0x1 c:/program files (x86)/cypress/psoc creator/2.2/psoc creator/import/gnu_cs/arm/4.4.1/bin/../lib/gcc/arm-none-eabi/4.4.1/thumb2/crtbegin.o
 *fill*         0x1fff8631        0x3 00
 .bss           0x1fff8634       0x1c .\CortexM3\ARM_GCC_441\Debug\main.o
                0x1fff8634                Mux_cycle
                0x1fff8636                LCD_Update_Timer
                0x1fff8638                ValHoldF11
                0x1fff8639                ValHoldF12
                0x1fff863a                ValHoldF21
                0x1fff863b                ValHoldF22
                0x1fff863c                ValHoldF31
                0x1fff863d                ValHoldF32
                0x1fff863e                ValHoldF41
                0x1fff863f                ValHoldF42
                0x1fff8640                finger1_cnt
                0x1fff8644                finger2_cnt
                0x1fff8648                finger3_cnt
                0x1fff864c                finger4_cnt
 .bss           0x1fff8650        0x1 .\CortexM3\ARM_GCC_441\Debug\Project 1.a(USBFS.o)
                0x1fff8650                USBFS_initVar
 *fill*         0x1fff8651        0x3 00
 .bss           0x1fff8654        0x8 .\CortexM3\ARM_GCC_441\Debug\Project 1.a(ADC.o)
                0x1fff8654                ADC_convDone
                0x1fff8655                ADC_stopConversion
                0x1fff8656                ADC_initVar
                0x1fff8657                ADC_started
                0x1fff8658                ADC_Offset
 .bss           0x1fff865c        0x1 .\CortexM3\ARM_GCC_441\Debug\Project 1.a(PWM.o)
                0x1fff865c                PWM_initVar
 .bss           0x1fff865d        0x2 .\CortexM3\ARM_GCC_441\Debug\Project 1.a(LCD.o)
                0x1fff865d                LCD_enableState
                0x1fff865e                LCD_initVar
 *fill*         0x1fff865f        0x1 00
 .bss           0x1fff8660        0x8 .\CortexM3\ARM_GCC_441\Debug\Project 1.a(cyfitter_cfg.o)
 .bss           0x1fff8668       0x34 c:/program files (x86)/cypress/psoc creator/2.2/psoc creator/import/gnu_cs/arm/4.4.1/bin/../lib/gcc/arm-none-eabi/4.4.1/../../../../arm-none-eabi/lib/thumb2\libc.a(lib_a-mallocr.o)
                0x1fff8668                __malloc_top_pad
                0x1fff866c                __malloc_current_mallinfo
                0x1fff8694                __malloc_max_sbrked_mem
                0x1fff8698                __malloc_max_total_mem
 *(COMMON)
 COMMON         0x1fff869c       0xd9 .\CortexM3\ARM_GCC_441\Debug\main.o
                0x1fff869c                PWM_DutyCycle
                0x1fff869d                OUT_COUNT
                0x1fff86a0                Finger3Array
                0x1fff86c8                OUT_Data_Buffer
                0x1fff86d8                IN_Data_Buffer
                0x1fff86e8                Finger1Array
                0x1fff8710                Finger4Array
                0x1fff8738                Finger2Array
                0x1fff8760                ADC_Display_Data
                0x1fff876c                ADC_Result
                0x1fff8770                PWM_Duty_Display_Data
 *fill*         0x1fff8775        0x3 00
 COMMON         0x1fff8778       0x96 .\CortexM3\ARM_GCC_441\Debug\Project 1.a(USBFS_drv.o)
                0x1fff8778                USBFS_deviceAddress
                0x1fff8779                USBFS_ep0Mode
                0x1fff877c                USBFS_interfaceSetting
                0x1fff8780                USBFS_currentTD
                0x1fff878c                USBFS_device
                0x1fff878d                USBFS_ep0Toggle
                0x1fff878e                USBFS_deviceStatus
                0x1fff878f                USBFS_configurationChanged
                0x1fff8790                USBFS_configuration
                0x1fff8791                USBFS_transferState
                0x1fff8794                USBFS_interfaceStatus
                0x1fff8798                USBFS_interfaceClass
                0x1fff879c                USBFS_EP
                0x1fff8808                USBFS_interfaceSetting_last
                0x1fff8809                USBFS_lastPacketSize
                0x1fff880a                USBFS_ep0Count
                0x1fff880c                USBFS_transferByteCount
 *fill*         0x1fff880e        0x2 00
 COMMON         0x1fff8810        0x9 .\CortexM3\ARM_GCC_441\Debug\Project 1.a(USBFS_hid.o)
                0x1fff8810                USBFS_hidIdleRate
                0x1fff8814                USBFS_hidIdleTimer
                0x1fff8818                USBFS_hidProtocol
 *fill*         0x1fff8819        0x3 00
 COMMON         0x1fff881c        0x8 .\CortexM3\ARM_GCC_441\Debug\Project 1.a(USBFS_std.o)
                0x1fff881c                USBFS_tBuffer
                0x1fff8820                USBFS_fwSerialNumberStringDescriptor
 COMMON         0x1fff8824        0x1 .\CortexM3\ARM_GCC_441\Debug\Project 1.a(CyLib.o)
                0x1fff8824                CyResetStatus
 *fill*         0x1fff8825        0x3 00
 COMMON         0x1fff8828       0x20 .\CortexM3\ARM_GCC_441\Debug\Project 1.a(USBFS_descr.o)
                0x1fff8828                USBFS_DEVICE0_CONFIGURATION0_INTERFACE0_ALTERNATE0_HID_IN_RPT_SCB
                0x1fff882c                USBFS_DEVICE0_CONFIGURATION0_INTERFACE0_ALTERNATE0_HID_IN_BUF
                0x1fff8838                USBFS_DEVICE0_CONFIGURATION0_INTERFACE0_ALTERNATE0_HID_OUT_BUF
                0x1fff8844                USBFS_DEVICE0_CONFIGURATION0_INTERFACE0_ALTERNATE0_HID_OUT_RPT_SCB
 COMMON         0x1fff8848        0x4 c:/program files (x86)/cypress/psoc creator/2.2/psoc creator/import/gnu_cs/arm/4.4.1/bin/../lib/gcc/arm-none-eabi/4.4.1/../../../../arm-none-eabi/lib/thumb2\libc.a(lib_a-reent.o)
                0x1fff8848                errno
                0x1fff8850                . = ALIGN (0x8)
 *fill*         0x1fff884c        0x4 00
 *(.ram.b)
                0x1fff8850                _end = .
                0x1fff8850                __end = .
                0x20003000                __cs3_region_end_ram = (__cs3_region_start_ram + 0xb000)
                0x0000b000                __cs3_region_size_ram = 0xb000
                0x0000a940                __cs3_region_init_ram = LOADADDR (.data)
                0x00000630                __cs3_region_init_size_ram = (_edata - ADDR (.data))
                0x00000220                __cs3_region_zero_size_ram = (_end - _edata)

.stab
 *(.stab)

.stabstr
 *(.stabstr)

.debug
 *(.debug)

.line
 *(.line)

.debug_srcinfo
 *(.debug_srcinfo)

.debug_sfnames
 *(.debug_sfnames)

.comment        0x00000000      0x408
 .comment       0x00000000       0x2b .\CortexM3\ARM_GCC_441\Debug\main.o
 .comment       0x0000002b       0x2b .\CortexM3\ARM_GCC_441\Debug\Cm3Start.o
 .comment       0x00000056       0x2b .\CortexM3\ARM_GCC_441\Debug\Project 1.a(USBFS.o)
 .comment       0x00000081       0x2b .\CortexM3\ARM_GCC_441\Debug\Project 1.a(USBFS_drv.o)
 .comment       0x000000ac       0x2b .\CortexM3\ARM_GCC_441\Debug\Project 1.a(USBFS_episr.o)
 .comment       0x000000d7       0x2b .\CortexM3\ARM_GCC_441\Debug\Project 1.a(USBFS_hid.o)
 .comment       0x00000102       0x2b .\CortexM3\ARM_GCC_441\Debug\Project 1.a(USBFS_std.o)
 .comment       0x0000012d       0x2b .\CortexM3\ARM_GCC_441\Debug\Project 1.a(USBFS_vnd.o)
 .comment       0x00000158       0x2b .\CortexM3\ARM_GCC_441\Debug\Project 1.a(ADC.o)
 .comment       0x00000183       0x2b .\CortexM3\ARM_GCC_441\Debug\Project 1.a(ADC_INT.o)
 .comment       0x000001ae       0x2b .\CortexM3\ARM_GCC_441\Debug\Project 1.a(PWM.o)
 .comment       0x000001d9       0x2b .\CortexM3\ARM_GCC_441\Debug\Project 1.a(LED_2.o)
 .comment       0x00000204       0x2b .\CortexM3\ARM_GCC_441\Debug\Project 1.a(LCD.o)
 .comment       0x0000022f       0x2b .\CortexM3\ARM_GCC_441\Debug\Project 1.a(ADC_theACLK.o)
 .comment       0x0000025a       0x2b .\CortexM3\ARM_GCC_441\Debug\Project 1.a(ADC_Ext_CP_Clk.o)
 .comment       0x00000285       0x2b .\CortexM3\ARM_GCC_441\Debug\Project 1.a(ADC_AMux.o)
 .comment       0x000002b0       0x2b .\CortexM3\ARM_GCC_441\Debug\Project 1.a(CyLib.o)
 .comment       0x000002db       0x2b .\CortexM3\ARM_GCC_441\Debug\Project 1.a(cyPm.o)
 .comment       0x00000306       0x2b .\CortexM3\ARM_GCC_441\Debug\Project 1.a(AMux_1.o)
 .comment       0x00000331       0x2b .\CortexM3\ARM_GCC_441\Debug\Project 1.a(cyfitter_cfg.o)
 .comment       0x0000035c       0x2b .\CortexM3\ARM_GCC_441\Debug\Project 1.a(USBFS_cls.o)
 .comment       0x00000387       0x2b .\CortexM3\ARM_GCC_441\Debug\Project 1.a(USBFS_descr.o)
 .comment       0x000003b2       0x2b .\CortexM3\ARM_GCC_441\Debug\Project 1.a(CyFlash.o)
 .comment       0x000003dd       0x2b .\CortexM3\ARM_GCC_441\Debug\Project 1.a(CySpc.o)

.debug_aranges  0x00000000      0xb00
 *(.debug_aranges)
 .debug_aranges
                0x00000000       0x38 .\CortexM3\ARM_GCC_441\Debug\main.o
 .debug_aranges
                0x00000038       0x30 .\CortexM3\ARM_GCC_441\Debug\Cm3Start.o
 .debug_aranges
                0x00000068       0xb0 .\CortexM3\ARM_GCC_441\Debug\Project 1.a(USBFS.o)
 .debug_aranges
                0x00000118       0x98 .\CortexM3\ARM_GCC_441\Debug\Project 1.a(USBFS_drv.o)
 .debug_aranges
                0x000001b0       0x38 .\CortexM3\ARM_GCC_441\Debug\Project 1.a(USBFS_episr.o)
 .debug_aranges
                0x000001e8       0x48 .\CortexM3\ARM_GCC_441\Debug\Project 1.a(USBFS_hid.o)
 .debug_aranges
                0x00000230       0x78 .\CortexM3\ARM_GCC_441\Debug\Project 1.a(USBFS_std.o)
 .debug_aranges
                0x000002a8       0x20 .\CortexM3\ARM_GCC_441\Debug\Project 1.a(USBFS_vnd.o)
 .debug_aranges
                0x000002c8       0xe8 .\CortexM3\ARM_GCC_441\Debug\Project 1.a(ADC.o)
 .debug_aranges
                0x000003b0       0x38 .\CortexM3\ARM_GCC_441\Debug\Project 1.a(ADC_INT.o)
 .debug_aranges
                0x000003e8       0x60 .\CortexM3\ARM_GCC_441\Debug\Project 1.a(PWM.o)
 .debug_aranges
                0x00000448       0x38 .\CortexM3\ARM_GCC_441\Debug\Project 1.a(LED_2.o)
 .debug_aranges
                0x00000480       0x90 .\CortexM3\ARM_GCC_441\Debug\Project 1.a(LCD.o)
 .debug_aranges
                0x00000510       0x80 .\CortexM3\ARM_GCC_441\Debug\Project 1.a(ADC_theACLK.o)
 .debug_aranges
                0x00000590       0x70 .\CortexM3\ARM_GCC_441\Debug\Project 1.a(ADC_Ext_CP_Clk.o)
 .debug_aranges
                0x00000600       0x30 .\CortexM3\ARM_GCC_441\Debug\Project 1.a(ADC_AMux.o)
 .debug_aranges
                0x00000630       0x20 .\CortexM3\ARM_GCC_441\Debug\Project 1.a(CyBootAsmGnu.o)
 .debug_aranges
                0x00000650      0x238 .\CortexM3\ARM_GCC_441\Debug\Project 1.a(CyLib.o)
 .debug_aranges
                0x00000888       0xa0 .\CortexM3\ARM_GCC_441\Debug\Project 1.a(cyPm.o)
 .debug_aranges
                0x00000928       0x30 .\CortexM3\ARM_GCC_441\Debug\Project 1.a(AMux_1.o)
 .debug_aranges
                0x00000958       0x80 .\CortexM3\ARM_GCC_441\Debug\Project 1.a(cyfitter_cfg.o)
 .debug_aranges
                0x000009d8       0x20 .\CortexM3\ARM_GCC_441\Debug\Project 1.a(USBFS_cls.o)
 .debug_aranges
                0x000009f8       0x78 .\CortexM3\ARM_GCC_441\Debug\Project 1.a(CyFlash.o)
 .debug_aranges
                0x00000a70       0x90 .\CortexM3\ARM_GCC_441\Debug\Project 1.a(CySpc.o)

.debug_pubnames
                0x00000000     0x2160
 *(.debug_pubnames)
 .debug_pubnames
                0x00000000      0x1ee .\CortexM3\ARM_GCC_441\Debug\main.o
 .debug_pubnames
                0x000001ee       0x57 .\CortexM3\ARM_GCC_441\Debug\Cm3Start.o
 .debug_pubnames
                0x00000245      0x1ca .\CortexM3\ARM_GCC_441\Debug\Project 1.a(USBFS.o)
 .debug_pubnames
                0x0000040f      0x362 .\CortexM3\ARM_GCC_441\Debug\Project 1.a(USBFS_drv.o)
 .debug_pubnames
                0x00000771       0x62 .\CortexM3\ARM_GCC_441\Debug\Project 1.a(USBFS_episr.o)
 .debug_pubnames
                0x000007d3       0xf7 .\CortexM3\ARM_GCC_441\Debug\Project 1.a(USBFS_hid.o)
 .debug_pubnames
                0x000008ca      0x1a9 .\CortexM3\ARM_GCC_441\Debug\Project 1.a(USBFS_std.o)
 .debug_pubnames
                0x00000a73       0x2d .\CortexM3\ARM_GCC_441\Debug\Project 1.a(USBFS_vnd.o)
 .debug_pubnames
                0x00000aa0      0x28f .\CortexM3\ARM_GCC_441\Debug\Project 1.a(ADC.o)
 .debug_pubnames
                0x00000d2f       0x46 .\CortexM3\ARM_GCC_441\Debug\Project 1.a(ADC_INT.o)
 .debug_pubnames
                0x00000d75       0xbd .\CortexM3\ARM_GCC_441\Debug\Project 1.a(PWM.o)
 .debug_pubnames
                0x00000e32       0x5e .\CortexM3\ARM_GCC_441\Debug\Project 1.a(LED_2.o)
 .debug_pubnames
                0x00000e90      0x14d .\CortexM3\ARM_GCC_441\Debug\Project 1.a(LCD.o)
 .debug_pubnames
                0x00000fdd      0x1a2 .\CortexM3\ARM_GCC_441\Debug\Project 1.a(ADC_theACLK.o)
 .debug_pubnames
                0x0000117f      0x181 .\CortexM3\ARM_GCC_441\Debug\Project 1.a(ADC_Ext_CP_Clk.o)
 .debug_pubnames
                0x00001300       0x6a .\CortexM3\ARM_GCC_441\Debug\Project 1.a(ADC_AMux.o)
 .debug_pubnames
                0x0000136a      0x614 .\CortexM3\ARM_GCC_441\Debug\Project 1.a(CyLib.o)
 .debug_pubnames
                0x0000197e       0xbb .\CortexM3\ARM_GCC_441\Debug\Project 1.a(cyPm.o)
 .debug_pubnames
                0x00001a39       0x69 .\CortexM3\ARM_GCC_441\Debug\Project 1.a(AMux_1.o)
 .debug_pubnames
                0x00001aa2       0xdd .\CortexM3\ARM_GCC_441\Debug\Project 1.a(cyfitter_cfg.o)
 .debug_pubnames
                0x00001b7f       0x2e .\CortexM3\ARM_GCC_441\Debug\Project 1.a(USBFS_cls.o)
 .debug_pubnames
                0x00001bad      0x357 .\CortexM3\ARM_GCC_441\Debug\Project 1.a(USBFS_descr.o)
 .debug_pubnames
                0x00001f04      0x115 .\CortexM3\ARM_GCC_441\Debug\Project 1.a(CyFlash.o)
 .debug_pubnames
                0x00002019      0x147 .\CortexM3\ARM_GCC_441\Debug\Project 1.a(CySpc.o)

.debug_info     0x00000000     0x5871
 *(.debug_info .gnu.linkonce.wi.*)
 .debug_info    0x00000000      0x39a .\CortexM3\ARM_GCC_441\Debug\main.o
 .debug_info    0x0000039a      0x127 .\CortexM3\ARM_GCC_441\Debug\Cm3Start.o
 .debug_info    0x000004c1      0x619 .\CortexM3\ARM_GCC_441\Debug\Project 1.a(USBFS.o)
 .debug_info    0x00000ada      0x51f .\CortexM3\ARM_GCC_441\Debug\Project 1.a(USBFS_drv.o)
 .debug_info    0x00000ff9      0x199 .\CortexM3\ARM_GCC_441\Debug\Project 1.a(USBFS_episr.o)
 .debug_info    0x00001192      0x36e .\CortexM3\ARM_GCC_441\Debug\Project 1.a(USBFS_hid.o)
 .debug_info    0x00001500      0x730 .\CortexM3\ARM_GCC_441\Debug\Project 1.a(USBFS_std.o)
 .debug_info    0x00001c30       0xad .\CortexM3\ARM_GCC_441\Debug\Project 1.a(USBFS_vnd.o)
 .debug_info    0x00001cdd      0x71a .\CortexM3\ARM_GCC_441\Debug\Project 1.a(ADC.o)
 .debug_info    0x000023f7       0xce .\CortexM3\ARM_GCC_441\Debug\Project 1.a(ADC_INT.o)
 .debug_info    0x000024c5      0x1ba .\CortexM3\ARM_GCC_441\Debug\Project 1.a(PWM.o)
 .debug_info    0x0000267f      0x112 .\CortexM3\ARM_GCC_441\Debug\Project 1.a(LED_2.o)
 .debug_info    0x00002791      0x39e .\CortexM3\ARM_GCC_441\Debug\Project 1.a(LCD.o)
 .debug_info    0x00002b2f      0x29f .\CortexM3\ARM_GCC_441\Debug\Project 1.a(ADC_theACLK.o)
 .debug_info    0x00002dce      0x25b .\CortexM3\ARM_GCC_441\Debug\Project 1.a(ADC_Ext_CP_Clk.o)
 .debug_info    0x00003029      0x10c .\CortexM3\ARM_GCC_441\Debug\Project 1.a(ADC_AMux.o)
 .debug_info    0x00003135       0xbe .\CortexM3\ARM_GCC_441\Debug\Project 1.a(CyBootAsmGnu.o)
 .debug_info    0x000031f3      0xd2a .\CortexM3\ARM_GCC_441\Debug\Project 1.a(CyLib.o)
 .debug_info    0x00003f1d      0x580 .\CortexM3\ARM_GCC_441\Debug\Project 1.a(cyPm.o)
 .debug_info    0x0000449d       0xf9 .\CortexM3\ARM_GCC_441\Debug\Project 1.a(AMux_1.o)
 .debug_info    0x00004596      0x4e3 .\CortexM3\ARM_GCC_441\Debug\Project 1.a(cyfitter_cfg.o)
 .debug_info    0x00004a79      0x18f .\CortexM3\ARM_GCC_441\Debug\Project 1.a(USBFS_cls.o)
 .debug_info    0x00004c08      0x3ee .\CortexM3\ARM_GCC_441\Debug\Project 1.a(USBFS_descr.o)
 .debug_info    0x00004ff6      0x310 .\CortexM3\ARM_GCC_441\Debug\Project 1.a(CyFlash.o)
 .debug_info    0x00005306      0x56b .\CortexM3\ARM_GCC_441\Debug\Project 1.a(CySpc.o)

.debug_abbrev   0x00000000     0x16fd
 *(.debug_abbrev)
 .debug_abbrev  0x00000000       0xff .\CortexM3\ARM_GCC_441\Debug\main.o
 .debug_abbrev  0x000000ff       0xe3 .\CortexM3\ARM_GCC_441\Debug\Cm3Start.o
 .debug_abbrev  0x000001e2      0x173 .\CortexM3\ARM_GCC_441\Debug\Project 1.a(USBFS.o)
 .debug_abbrev  0x00000355      0x14f .\CortexM3\ARM_GCC_441\Debug\Project 1.a(USBFS_drv.o)
 .debug_abbrev  0x000004a4       0xb0 .\CortexM3\ARM_GCC_441\Debug\Project 1.a(USBFS_episr.o)
 .debug_abbrev  0x00000554      0x142 .\CortexM3\ARM_GCC_441\Debug\Project 1.a(USBFS_hid.o)
 .debug_abbrev  0x00000696      0x197 .\CortexM3\ARM_GCC_441\Debug\Project 1.a(USBFS_std.o)
 .debug_abbrev  0x0000082d       0x68 .\CortexM3\ARM_GCC_441\Debug\Project 1.a(USBFS_vnd.o)
 .debug_abbrev  0x00000895       0xf8 .\CortexM3\ARM_GCC_441\Debug\Project 1.a(ADC.o)
 .debug_abbrev  0x0000098d       0x4a .\CortexM3\ARM_GCC_441\Debug\Project 1.a(ADC_INT.o)
 .debug_abbrev  0x000009d7       0xe0 .\CortexM3\ARM_GCC_441\Debug\Project 1.a(PWM.o)
 .debug_abbrev  0x00000ab7       0x85 .\CortexM3\ARM_GCC_441\Debug\Project 1.a(LED_2.o)
 .debug_abbrev  0x00000b3c      0x103 .\CortexM3\ARM_GCC_441\Debug\Project 1.a(LCD.o)
 .debug_abbrev  0x00000c3f       0xd8 .\CortexM3\ARM_GCC_441\Debug\Project 1.a(ADC_theACLK.o)
 .debug_abbrev  0x00000d17       0xd8 .\CortexM3\ARM_GCC_441\Debug\Project 1.a(ADC_Ext_CP_Clk.o)
 .debug_abbrev  0x00000def       0x7f .\CortexM3\ARM_GCC_441\Debug\Project 1.a(ADC_AMux.o)
 .debug_abbrev  0x00000e6e       0x14 .\CortexM3\ARM_GCC_441\Debug\Project 1.a(CyBootAsmGnu.o)
 .debug_abbrev  0x00000e82      0x172 .\CortexM3\ARM_GCC_441\Debug\Project 1.a(CyLib.o)
 .debug_abbrev  0x00000ff4      0x146 .\CortexM3\ARM_GCC_441\Debug\Project 1.a(cyPm.o)
 .debug_abbrev  0x0000113a       0x94 .\CortexM3\ARM_GCC_441\Debug\Project 1.a(AMux_1.o)
 .debug_abbrev  0x000011ce      0x14f .\CortexM3\ARM_GCC_441\Debug\Project 1.a(cyfitter_cfg.o)
 .debug_abbrev  0x0000131d       0xb5 .\CortexM3\ARM_GCC_441\Debug\Project 1.a(USBFS_cls.o)
 .debug_abbrev  0x000013d2       0xc8 .\CortexM3\ARM_GCC_441\Debug\Project 1.a(USBFS_descr.o)
 .debug_abbrev  0x0000149a      0x12a .\CortexM3\ARM_GCC_441\Debug\Project 1.a(CyFlash.o)
 .debug_abbrev  0x000015c4      0x139 .\CortexM3\ARM_GCC_441\Debug\Project 1.a(CySpc.o)

.debug_line     0x00000000     0x2890
 *(.debug_line)
 .debug_line    0x00000000      0x10b .\CortexM3\ARM_GCC_441\Debug\main.o
 .debug_line    0x0000010b       0xb4 .\CortexM3\ARM_GCC_441\Debug\Cm3Start.o
 .debug_line    0x000001bf      0x27a .\CortexM3\ARM_GCC_441\Debug\Project 1.a(USBFS.o)
 .debug_line    0x00000439      0x21d .\CortexM3\ARM_GCC_441\Debug\Project 1.a(USBFS_drv.o)
 .debug_line    0x00000656       0xcc .\CortexM3\ARM_GCC_441\Debug\Project 1.a(USBFS_episr.o)
 .debug_line    0x00000722      0x163 .\CortexM3\ARM_GCC_441\Debug\Project 1.a(USBFS_hid.o)
 .debug_line    0x00000885      0x2ae .\CortexM3\ARM_GCC_441\Debug\Project 1.a(USBFS_std.o)
 .debug_line    0x00000b33       0x83 .\CortexM3\ARM_GCC_441\Debug\Project 1.a(USBFS_vnd.o)
 .debug_line    0x00000bb6      0x34a .\CortexM3\ARM_GCC_441\Debug\Project 1.a(ADC.o)
 .debug_line    0x00000f00       0x8e .\CortexM3\ARM_GCC_441\Debug\Project 1.a(ADC_INT.o)
 .debug_line    0x00000f8e      0x11f .\CortexM3\ARM_GCC_441\Debug\Project 1.a(PWM.o)
 .debug_line    0x000010ad       0xb0 .\CortexM3\ARM_GCC_441\Debug\Project 1.a(LED_2.o)
 .debug_line    0x0000115d      0x1d8 .\CortexM3\ARM_GCC_441\Debug\Project 1.a(LCD.o)
 .debug_line    0x00001335      0x19d .\CortexM3\ARM_GCC_441\Debug\Project 1.a(ADC_theACLK.o)
 .debug_line    0x000014d2      0x17c .\CortexM3\ARM_GCC_441\Debug\Project 1.a(ADC_Ext_CP_Clk.o)
 .debug_line    0x0000164e       0xaa .\CortexM3\ARM_GCC_441\Debug\Project 1.a(ADC_AMux.o)
 .debug_line    0x000016f8       0x67 .\CortexM3\ARM_GCC_441\Debug\Project 1.a(CyBootAsmGnu.o)
 .debug_line    0x0000175f      0x691 .\CortexM3\ARM_GCC_441\Debug\Project 1.a(CyLib.o)
 .debug_line    0x00001df0      0x2e8 .\CortexM3\ARM_GCC_441\Debug\Project 1.a(cyPm.o)
 .debug_line    0x000020d8       0xa8 .\CortexM3\ARM_GCC_441\Debug\Project 1.a(AMux_1.o)
 .debug_line    0x00002180      0x24e .\CortexM3\ARM_GCC_441\Debug\Project 1.a(cyfitter_cfg.o)
 .debug_line    0x000023ce       0x94 .\CortexM3\ARM_GCC_441\Debug\Project 1.a(USBFS_cls.o)
 .debug_line    0x00002462       0x79 .\CortexM3\ARM_GCC_441\Debug\Project 1.a(USBFS_descr.o)
 .debug_line    0x000024db      0x190 .\CortexM3\ARM_GCC_441\Debug\Project 1.a(CyFlash.o)
 .debug_line    0x0000266b      0x225 .\CortexM3\ARM_GCC_441\Debug\Project 1.a(CySpc.o)

.debug_frame    0x00000000     0x2a0c
 *(.debug_frame)
 .debug_frame   0x00000000       0x84 .\CortexM3\ARM_GCC_441\Debug\main.o
 .debug_frame   0x00000084       0x5c .\CortexM3\ARM_GCC_441\Debug\Cm3Start.o
 .debug_frame   0x000000e0      0x234 .\CortexM3\ARM_GCC_441\Debug\Project 1.a(USBFS.o)
 .debug_frame   0x00000314      0x1e0 .\CortexM3\ARM_GCC_441\Debug\Project 1.a(USBFS_drv.o)
 .debug_frame   0x000004f4       0x80 .\CortexM3\ARM_GCC_441\Debug\Project 1.a(USBFS_episr.o)
 .debug_frame   0x00000574       0xc8 .\CortexM3\ARM_GCC_441\Debug\Project 1.a(USBFS_hid.o)
 .debug_frame   0x0000063c      0x180 .\CortexM3\ARM_GCC_441\Debug\Project 1.a(USBFS_std.o)
 .debug_frame   0x000007bc       0x2c .\CortexM3\ARM_GCC_441\Debug\Project 1.a(USBFS_vnd.o)
 .debug_frame   0x000007e8      0x304 .\CortexM3\ARM_GCC_441\Debug\Project 1.a(ADC.o)
 .debug_frame   0x00000aec       0x80 .\CortexM3\ARM_GCC_441\Debug\Project 1.a(ADC_INT.o)
 .debug_frame   0x00000b6c      0x110 .\CortexM3\ARM_GCC_441\Debug\Project 1.a(PWM.o)
 .debug_frame   0x00000c7c       0x80 .\CortexM3\ARM_GCC_441\Debug\Project 1.a(LED_2.o)
 .debug_frame   0x00000cfc      0x1e0 .\CortexM3\ARM_GCC_441\Debug\Project 1.a(LCD.o)
 .debug_frame   0x00000edc      0x184 .\CortexM3\ARM_GCC_441\Debug\Project 1.a(ADC_theACLK.o)
 .debug_frame   0x00001060      0x14c .\CortexM3\ARM_GCC_441\Debug\Project 1.a(ADC_Ext_CP_Clk.o)
 .debug_frame   0x000011ac       0x70 .\CortexM3\ARM_GCC_441\Debug\Project 1.a(ADC_AMux.o)
 .debug_frame   0x0000121c      0x7f0 .\CortexM3\ARM_GCC_441\Debug\Project 1.a(CyLib.o)
 .debug_frame   0x00001a0c      0x208 .\CortexM3\ARM_GCC_441\Debug\Project 1.a(cyPm.o)
 .debug_frame   0x00001c14       0x6c .\CortexM3\ARM_GCC_441\Debug\Project 1.a(AMux_1.o)
 .debug_frame   0x00001c80      0x18c .\CortexM3\ARM_GCC_441\Debug\Project 1.a(cyfitter_cfg.o)
 .debug_frame   0x00001e0c       0x30 .\CortexM3\ARM_GCC_441\Debug\Project 1.a(USBFS_cls.o)
 .debug_frame   0x00001e3c      0x174 .\CortexM3\ARM_GCC_441\Debug\Project 1.a(CyFlash.o)
 .debug_frame   0x00001fb0      0x1c8 .\CortexM3\ARM_GCC_441\Debug\Project 1.a(CySpc.o)
 .debug_frame   0x00002178       0x34 c:/program files (x86)/cypress/psoc creator/2.2/psoc creator/import/gnu_cs/arm/4.4.1/bin/../lib/gcc/arm-none-eabi/4.4.1/../../../../arm-none-eabi/lib/thumb2\libc.a(lib_a-memcpy.o)
 .debug_frame   0x000021ac       0x28 c:/program files (x86)/cypress/psoc creator/2.2/psoc creator/import/gnu_cs/arm/4.4.1/bin/../lib/gcc/arm-none-eabi/4.4.1/../../../../arm-none-eabi/lib/thumb2\libc.a(lib_a-memset.o)
 .debug_frame   0x000021d4       0x5c c:/program files (x86)/cypress/psoc creator/2.2/psoc creator/import/gnu_cs/arm/4.4.1/bin/../lib/gcc/arm-none-eabi/4.4.1/../../../../arm-none-eabi/lib/thumb2\libc.a(lib_a-sprintf.o)
 .debug_frame   0x00002230       0x68 c:/program files (x86)/cypress/psoc creator/2.2/psoc creator/import/gnu_cs/arm/4.4.1/bin/../lib/gcc/arm-none-eabi/4.4.1/../../../../arm-none-eabi/lib/thumb2\libc.a(lib_a-svfprintf.o)
 .debug_frame   0x00002298       0x64 c:/program files (x86)/cypress/psoc creator/2.2/psoc creator/import/gnu_cs/arm/4.4.1/bin/../lib/gcc/arm-none-eabi/4.4.1/../../../../arm-none-eabi/lib/thumb2\libc.a(lib_a-dtoa.o)
 .debug_frame   0x000022fc       0x50 c:/program files (x86)/cypress/psoc creator/2.2/psoc creator/import/gnu_cs/arm/4.4.1/bin/../lib/gcc/arm-none-eabi/4.4.1/../../../../arm-none-eabi/lib/thumb2\libc.a(lib_a-freer.o)
 .debug_frame   0x0000234c       0x6c c:/program files (x86)/cypress/psoc creator/2.2/psoc creator/import/gnu_cs/arm/4.4.1/bin/../lib/gcc/arm-none-eabi/4.4.1/../../../../arm-none-eabi/lib/thumb2\libc.a(lib_a-locale.o)
 .debug_frame   0x000023b8       0x30 c:/program files (x86)/cypress/psoc creator/2.2/psoc creator/import/gnu_cs/arm/4.4.1/bin/../lib/gcc/arm-none-eabi/4.4.1/../../../../arm-none-eabi/lib/thumb2\libc.a(lib_a-malloc.o)
 .debug_frame   0x000023e8       0x3c c:/program files (x86)/cypress/psoc creator/2.2/psoc creator/import/gnu_cs/arm/4.4.1/bin/../lib/gcc/arm-none-eabi/4.4.1/../../../../arm-none-eabi/lib/thumb2\libc.a(lib_a-mallocr.o)
 .debug_frame   0x00002424       0x28 c:/program files (x86)/cypress/psoc creator/2.2/psoc creator/import/gnu_cs/arm/4.4.1/bin/../lib/gcc/arm-none-eabi/4.4.1/../../../../arm-none-eabi/lib/thumb2\libc.a(lib_a-memchr.o)
 .debug_frame   0x0000244c       0x2c c:/program files (x86)/cypress/psoc creator/2.2/psoc creator/import/gnu_cs/arm/4.4.1/bin/../lib/gcc/arm-none-eabi/4.4.1/../../../../arm-none-eabi/lib/thumb2\libc.a(lib_a-memmove.o)
 .debug_frame   0x00002478       0x30 c:/program files (x86)/cypress/psoc creator/2.2/psoc creator/import/gnu_cs/arm/4.4.1/bin/../lib/gcc/arm-none-eabi/4.4.1/../../../../arm-none-eabi/lib/thumb2\libc.a(lib_a-mlock.o)
 .debug_frame   0x000024a8      0x240 c:/program files (x86)/cypress/psoc creator/2.2/psoc creator/import/gnu_cs/arm/4.4.1/bin/../lib/gcc/arm-none-eabi/4.4.1/../../../../arm-none-eabi/lib/thumb2\libc.a(lib_a-mprec.o)
 .debug_frame   0x000026e8       0x3c c:/program files (x86)/cypress/psoc creator/2.2/psoc creator/import/gnu_cs/arm/4.4.1/bin/../lib/gcc/arm-none-eabi/4.4.1/../../../../arm-none-eabi/lib/thumb2\libc.a(lib_a-reallocr.o)
 .debug_frame   0x00002724       0x20 c:/program files (x86)/cypress/psoc creator/2.2/psoc creator/import/gnu_cs/arm/4.4.1/bin/../lib/gcc/arm-none-eabi/4.4.1/../../../../arm-none-eabi/lib/thumb2\libc.a(lib_a-s_isinfd.o)
 .debug_frame   0x00002744       0x20 c:/program files (x86)/cypress/psoc creator/2.2/psoc creator/import/gnu_cs/arm/4.4.1/bin/../lib/gcc/arm-none-eabi/4.4.1/../../../../arm-none-eabi/lib/thumb2\libc.a(lib_a-s_isnand.o)
 .debug_frame   0x00002764       0x2c c:/program files (x86)/cypress/psoc creator/2.2/psoc creator/import/gnu_cs/arm/4.4.1/bin/../lib/gcc/arm-none-eabi/4.4.1/../../../../arm-none-eabi/lib/thumb2\libc.a(lib_a-sbrkr.o)
 .debug_frame   0x00002790       0x30 c:/program files (x86)/cypress/psoc creator/2.2/psoc creator/import/gnu_cs/arm/4.4.1/bin/../lib/gcc/arm-none-eabi/4.4.1/../../../../arm-none-eabi/lib/thumb2\libc.a(lib_a-strcmp.o)
 .debug_frame   0x000027c0       0x20 c:/program files (x86)/cypress/psoc creator/2.2/psoc creator/import/gnu_cs/arm/4.4.1/bin/../lib/gcc/arm-none-eabi/4.4.1/../../../../arm-none-eabi/lib/thumb2\libc.a(lib_a-strlen.o)
 .debug_frame   0x000027e0       0x2c c:/program files (x86)/cypress/psoc creator/2.2/psoc creator/import/gnu_cs/arm/4.4.1/bin/../lib/gcc/arm-none-eabi/4.4.1/../../../../arm-none-eabi/lib/thumb2\libc.a(lib_a-callocr.o)
 .debug_frame   0x0000280c       0x64 c:/program files (x86)/cypress/psoc creator/2.2/psoc creator/import/gnu_cs/arm/4.4.1/bin/../lib/gcc/arm-none-eabi/4.4.1/../../../../arm-none-eabi/lib/thumb2\libc.a(lib_a-reent.o)
 .debug_frame   0x00002870       0x20 c:/program files (x86)/cypress/psoc creator/2.2/psoc creator/import/gnu_cs/arm/4.4.1/bin/../lib/gcc/arm-none-eabi/4.4.1/thumb2\libgcc.a(_udivsi3.o)
 .debug_frame   0x00002890       0x50 c:/program files (x86)/cypress/psoc creator/2.2/psoc creator/import/gnu_cs/arm/4.4.1/bin/../lib/gcc/arm-none-eabi/4.4.1/thumb2\libgcc.a(bpabi.o)
 .debug_frame   0x000028e0       0x3c c:/program files (x86)/cypress/psoc creator/2.2/psoc creator/import/gnu_cs/arm/4.4.1/bin/../lib/gcc/arm-none-eabi/4.4.1/thumb2\libgcc.a(_divdi3.o)
 .debug_frame   0x0000291c       0x3c c:/program files (x86)/cypress/psoc creator/2.2/psoc creator/import/gnu_cs/arm/4.4.1/bin/../lib/gcc/arm-none-eabi/4.4.1/thumb2\libgcc.a(_udivdi3.o)
 .debug_frame   0x00002958       0x40 c:/program files (x86)/cypress/psoc creator/2.2/psoc creator/import/gnu_cs/arm/4.4.1/bin/../lib/gcc/arm-none-eabi/4.4.1/../../../../arm-none-eabi/lib/thumb2\libcs3.a(start_c.o)
 .debug_frame   0x00002998       0x28 c:/program files (x86)/cypress/psoc creator/2.2/psoc creator/import/gnu_cs/arm/4.4.1/bin/../lib/gcc/arm-none-eabi/4.4.1/../../../../arm-none-eabi/lib/thumb2\libcs3unhosted.a(unhosted-sbrk.o)
 .debug_frame   0x000029c0       0x20 c:/program files (x86)/cypress/psoc creator/2.2/psoc creator/import/gnu_cs/arm/4.4.1/bin/../lib/gcc/arm-none-eabi/4.4.1/../../../../arm-none-eabi/lib/thumb2\libc.a(lib_a-errno.o)
 .debug_frame   0x000029e0       0x2c c:/program files (x86)/cypress/psoc creator/2.2/psoc creator/import/gnu_cs/arm/4.4.1/bin/../lib/gcc/arm-none-eabi/4.4.1/../../../../arm-none-eabi/lib/thumb2\libc.a(lib_a-init.o)

.debug_str      0x00000000     0x28e4
 *(.debug_str)
 .debug_str     0x00000000      0x25f .\CortexM3\ARM_GCC_441\Debug\main.o
                                0x2a3 (size before relaxing)
 .debug_str     0x0000025f       0x8b .\CortexM3\ARM_GCC_441\Debug\Cm3Start.o
                                0x199 (size before relaxing)
 .debug_str     0x000002ea      0x325 .\CortexM3\ARM_GCC_441\Debug\Project 1.a(USBFS.o)
                                0x43b (size before relaxing)
 .debug_str     0x0000060f      0x2c9 .\CortexM3\ARM_GCC_441\Debug\Project 1.a(USBFS_drv.o)
                                0x525 (size before relaxing)
 .debug_str     0x000008d8       0x67 .\CortexM3\ARM_GCC_441\Debug\Project 1.a(USBFS_episr.o)
                                0x1f7 (size before relaxing)
 .debug_str     0x0000093f      0x114 .\CortexM3\ARM_GCC_441\Debug\Project 1.a(USBFS_hid.o)
                                0x306 (size before relaxing)
 .debug_str     0x00000a53      0x23e .\CortexM3\ARM_GCC_441\Debug\Project 1.a(USBFS_std.o)
                                0x545 (size before relaxing)
 .debug_str     0x00000c91       0x3c .\CortexM3\ARM_GCC_441\Debug\Project 1.a(USBFS_vnd.o)
                                0x153 (size before relaxing)
 .debug_str     0x00000ccd      0x35f .\CortexM3\ARM_GCC_441\Debug\Project 1.a(ADC.o)
                                0x4a8 (size before relaxing)
 .debug_str     0x0000102c       0x47 .\CortexM3\ARM_GCC_441\Debug\Project 1.a(ADC_INT.o)
                                0x149 (size before relaxing)
 .debug_str     0x00001073       0xd1 .\CortexM3\ARM_GCC_441\Debug\Project 1.a(PWM.o)
                                0x1d9 (size before relaxing)
 .debug_str     0x00001144       0x68 .\CortexM3\ARM_GCC_441\Debug\Project 1.a(LED_2.o)
                                0x17b (size before relaxing)
 .debug_str     0x000011ac      0x169 .\CortexM3\ARM_GCC_441\Debug\Project 1.a(LCD.o)
                                0x284 (size before relaxing)
 .debug_str     0x00001315      0x1d3 .\CortexM3\ARM_GCC_441\Debug\Project 1.a(ADC_theACLK.o)
                                0x2f0 (size before relaxing)
 .debug_str     0x000014e8      0x16d .\CortexM3\ARM_GCC_441\Debug\Project 1.a(ADC_Ext_CP_Clk.o)
                                0x2d1 (size before relaxing)
 .debug_str     0x00001655       0x79 .\CortexM3\ARM_GCC_441\Debug\Project 1.a(ADC_AMux.o)
                                0x181 (size before relaxing)
 .debug_str     0x000016ce      0x672 .\CortexM3\ARM_GCC_441\Debug\Project 1.a(CyLib.o)
                                0x7ee (size before relaxing)
 .debug_str     0x00001d40      0x369 .\CortexM3\ARM_GCC_441\Debug\Project 1.a(cyPm.o)
                                0x49c (size before relaxing)
 .debug_str     0x000020a9       0x69 .\CortexM3\ARM_GCC_441\Debug\Project 1.a(AMux_1.o)
                                0x17e (size before relaxing)
 .debug_str     0x00002112      0x1f7 .\CortexM3\ARM_GCC_441\Debug\Project 1.a(cyfitter_cfg.o)
                                0x325 (size before relaxing)
 .debug_str     0x00002309       0x3d .\CortexM3\ARM_GCC_441\Debug\Project 1.a(USBFS_cls.o)
                                0x201 (size before relaxing)
 .debug_str     0x00002346      0x303 .\CortexM3\ARM_GCC_441\Debug\Project 1.a(USBFS_descr.o)
                                0x529 (size before relaxing)
 .debug_str     0x00002649      0x130 .\CortexM3\ARM_GCC_441\Debug\Project 1.a(CyFlash.o)
                                0x268 (size before relaxing)
 .debug_str     0x00002779      0x16b .\CortexM3\ARM_GCC_441\Debug\Project 1.a(CySpc.o)
                                0x2ad (size before relaxing)

.debug_loc      0x00000000     0x372e
 *(.debug_loc)
 .debug_loc     0x00000000       0xb8 .\CortexM3\ARM_GCC_441\Debug\main.o
 .debug_loc     0x000000b8       0x62 .\CortexM3\ARM_GCC_441\Debug\Cm3Start.o
 .debug_loc     0x0000011a      0x3fd .\CortexM3\ARM_GCC_441\Debug\Project 1.a(USBFS.o)
 .debug_loc     0x00000517      0x2f8 .\CortexM3\ARM_GCC_441\Debug\Project 1.a(USBFS_drv.o)
 .debug_loc     0x0000080f       0xac .\CortexM3\ARM_GCC_441\Debug\Project 1.a(USBFS_episr.o)
 .debug_loc     0x000008bb      0x14a .\CortexM3\ARM_GCC_441\Debug\Project 1.a(USBFS_hid.o)
 .debug_loc     0x00000a05      0x288 .\CortexM3\ARM_GCC_441\Debug\Project 1.a(USBFS_std.o)
 .debug_loc     0x00000c8d       0x37 .\CortexM3\ARM_GCC_441\Debug\Project 1.a(USBFS_vnd.o)
 .debug_loc     0x00000cc4      0x536 .\CortexM3\ARM_GCC_441\Debug\Project 1.a(ADC.o)
 .debug_loc     0x000011fa       0xac .\CortexM3\ARM_GCC_441\Debug\Project 1.a(ADC_INT.o)
 .debug_loc     0x000012a6      0x1b3 .\CortexM3\ARM_GCC_441\Debug\Project 1.a(PWM.o)
 .debug_loc     0x00001459       0xc4 .\CortexM3\ARM_GCC_441\Debug\Project 1.a(LED_2.o)
 .debug_loc     0x0000151d      0x309 .\CortexM3\ARM_GCC_441\Debug\Project 1.a(LCD.o)
 .debug_loc     0x00001826      0x283 .\CortexM3\ARM_GCC_441\Debug\Project 1.a(ADC_theACLK.o)
 .debug_loc     0x00001aa9      0x221 .\CortexM3\ARM_GCC_441\Debug\Project 1.a(ADC_Ext_CP_Clk.o)
 .debug_loc     0x00001cca       0xa5 .\CortexM3\ARM_GCC_441\Debug\Project 1.a(ADC_AMux.o)
 .debug_loc     0x00001d6f      0xd7c .\CortexM3\ARM_GCC_441\Debug\Project 1.a(CyLib.o)
 .debug_loc     0x00002aeb      0x32f .\CortexM3\ARM_GCC_441\Debug\Project 1.a(cyPm.o)
 .debug_loc     0x00002e1a       0x99 .\CortexM3\ARM_GCC_441\Debug\Project 1.a(AMux_1.o)
 .debug_loc     0x00002eb3      0x2bf .\CortexM3\ARM_GCC_441\Debug\Project 1.a(cyfitter_cfg.o)
 .debug_loc     0x00003172       0x37 .\CortexM3\ARM_GCC_441\Debug\Project 1.a(USBFS_cls.o)
 .debug_loc     0x000031a9      0x24c .\CortexM3\ARM_GCC_441\Debug\Project 1.a(CyFlash.o)
 .debug_loc     0x000033f5      0x339 .\CortexM3\ARM_GCC_441\Debug\Project 1.a(CySpc.o)

.debug_macinfo
 *(.debug_macinfo)

.debug_ranges   0x00000000      0xa28
 *(.debug_ranges)
 .debug_ranges  0x00000000       0x30 .\CortexM3\ARM_GCC_441\Debug\main.o
 .debug_ranges  0x00000030       0x28 .\CortexM3\ARM_GCC_441\Debug\Cm3Start.o
 .debug_ranges  0x00000058       0xa8 .\CortexM3\ARM_GCC_441\Debug\Project 1.a(USBFS.o)
 .debug_ranges  0x00000100       0x90 .\CortexM3\ARM_GCC_441\Debug\Project 1.a(USBFS_drv.o)
 .debug_ranges  0x00000190       0x30 .\CortexM3\ARM_GCC_441\Debug\Project 1.a(USBFS_episr.o)
 .debug_ranges  0x000001c0       0x40 .\CortexM3\ARM_GCC_441\Debug\Project 1.a(USBFS_hid.o)
 .debug_ranges  0x00000200       0x70 .\CortexM3\ARM_GCC_441\Debug\Project 1.a(USBFS_std.o)
 .debug_ranges  0x00000270       0x18 .\CortexM3\ARM_GCC_441\Debug\Project 1.a(USBFS_vnd.o)
 .debug_ranges  0x00000288       0xe0 .\CortexM3\ARM_GCC_441\Debug\Project 1.a(ADC.o)
 .debug_ranges  0x00000368       0x30 .\CortexM3\ARM_GCC_441\Debug\Project 1.a(ADC_INT.o)
 .debug_ranges  0x00000398       0x58 .\CortexM3\ARM_GCC_441\Debug\Project 1.a(PWM.o)
 .debug_ranges  0x000003f0       0x30 .\CortexM3\ARM_GCC_441\Debug\Project 1.a(LED_2.o)
 .debug_ranges  0x00000420       0x88 .\CortexM3\ARM_GCC_441\Debug\Project 1.a(LCD.o)
 .debug_ranges  0x000004a8       0x78 .\CortexM3\ARM_GCC_441\Debug\Project 1.a(ADC_theACLK.o)
 .debug_ranges  0x00000520       0x68 .\CortexM3\ARM_GCC_441\Debug\Project 1.a(ADC_Ext_CP_Clk.o)
 .debug_ranges  0x00000588       0x28 .\CortexM3\ARM_GCC_441\Debug\Project 1.a(ADC_AMux.o)
 .debug_ranges  0x000005b0      0x230 .\CortexM3\ARM_GCC_441\Debug\Project 1.a(CyLib.o)
 .debug_ranges  0x000007e0       0x98 .\CortexM3\ARM_GCC_441\Debug\Project 1.a(cyPm.o)
 .debug_ranges  0x00000878       0x28 .\CortexM3\ARM_GCC_441\Debug\Project 1.a(AMux_1.o)
 .debug_ranges  0x000008a0       0x78 .\CortexM3\ARM_GCC_441\Debug\Project 1.a(cyfitter_cfg.o)
 .debug_ranges  0x00000918       0x18 .\CortexM3\ARM_GCC_441\Debug\Project 1.a(USBFS_cls.o)
 .debug_ranges  0x00000930       0x70 .\CortexM3\ARM_GCC_441\Debug\Project 1.a(CyFlash.o)
 .debug_ranges  0x000009a0       0x88 .\CortexM3\ARM_GCC_441\Debug\Project 1.a(CySpc.o)

.debug_weaknames
 *(.debug_weaknames)

.debug_funcnames
 *(.debug_funcnames)

.debug_typenames
 *(.debug_typenames)

.debug_varnames
 *(.debug_varnames)

.note.gnu.arm.ident
 *(.note.gnu.arm.ident)

.ARM.attributes
                0x00000000       0x25
 *(.ARM.attributes)
 .ARM.attributes
                0x00000000       0x19 c:/program files (x86)/cypress/psoc creator/2.2/psoc creator/import/gnu_cs/arm/4.4.1/bin/../lib/gcc/arm-none-eabi/4.4.1/thumb2/crti.o
 .ARM.attributes
                0x00000019       0x29 c:/program files (x86)/cypress/psoc creator/2.2/psoc creator/import/gnu_cs/arm/4.4.1/bin/../lib/gcc/arm-none-eabi/4.4.1/thumb2/crtbegin.o
 .ARM.attributes
                0x00000042       0x31 .\CortexM3\ARM_GCC_441\Debug\main.o
 .ARM.attributes
                0x00000073       0x31 .\CortexM3\ARM_GCC_441\Debug\Cm3Start.o
 .ARM.attributes
                0x000000a4       0x31 .\CortexM3\ARM_GCC_441\Debug\Project 1.a(USBFS.o)
 .ARM.attributes
                0x000000d5       0x31 .\CortexM3\ARM_GCC_441\Debug\Project 1.a(USBFS_drv.o)
 .ARM.attributes
                0x00000106       0x31 .\CortexM3\ARM_GCC_441\Debug\Project 1.a(USBFS_episr.o)
 .ARM.attributes
                0x00000137       0x31 .\CortexM3\ARM_GCC_441\Debug\Project 1.a(USBFS_hid.o)
 .ARM.attributes
                0x00000168       0x31 .\CortexM3\ARM_GCC_441\Debug\Project 1.a(USBFS_std.o)
 .ARM.attributes
                0x00000199       0x31 .\CortexM3\ARM_GCC_441\Debug\Project 1.a(USBFS_vnd.o)
 .ARM.attributes
                0x000001ca       0x31 .\CortexM3\ARM_GCC_441\Debug\Project 1.a(ADC.o)
 .ARM.attributes
                0x000001fb       0x31 .\CortexM3\ARM_GCC_441\Debug\Project 1.a(ADC_INT.o)
 .ARM.attributes
                0x0000022c       0x31 .\CortexM3\ARM_GCC_441\Debug\Project 1.a(PWM.o)
 .ARM.attributes
                0x0000025d       0x31 .\CortexM3\ARM_GCC_441\Debug\Project 1.a(LED_2.o)
 .ARM.attributes
                0x0000028e       0x31 .\CortexM3\ARM_GCC_441\Debug\Project 1.a(LCD.o)
 .ARM.attributes
                0x000002bf       0x31 .\CortexM3\ARM_GCC_441\Debug\Project 1.a(ADC_theACLK.o)
 .ARM.attributes
                0x000002f0       0x31 .\CortexM3\ARM_GCC_441\Debug\Project 1.a(ADC_Ext_CP_Clk.o)
 .ARM.attributes
                0x00000321       0x31 .\CortexM3\ARM_GCC_441\Debug\Project 1.a(ADC_AMux.o)
 .ARM.attributes
                0x00000352       0x21 .\CortexM3\ARM_GCC_441\Debug\Project 1.a(CyBootAsmGnu.o)
 .ARM.attributes
                0x00000373       0x31 .\CortexM3\ARM_GCC_441\Debug\Project 1.a(CyLib.o)
 .ARM.attributes
                0x000003a4       0x31 .\CortexM3\ARM_GCC_441\Debug\Project 1.a(cyPm.o)
 .ARM.attributes
                0x000003d5       0x31 .\CortexM3\ARM_GCC_441\Debug\Project 1.a(AMux_1.o)
 .ARM.attributes
                0x00000406       0x31 .\CortexM3\ARM_GCC_441\Debug\Project 1.a(cyfitter_cfg.o)
 .ARM.attributes
                0x00000437       0x31 .\CortexM3\ARM_GCC_441\Debug\Project 1.a(USBFS_cls.o)
 .ARM.attributes
                0x00000468       0x31 .\CortexM3\ARM_GCC_441\Debug\Project 1.a(USBFS_descr.o)
 .ARM.attributes
                0x00000499       0x31 .\CortexM3\ARM_GCC_441\Debug\Project 1.a(CyFlash.o)
 .ARM.attributes
                0x000004ca       0x31 .\CortexM3\ARM_GCC_441\Debug\Project 1.a(CySpc.o)
 .ARM.attributes
                0x000004fb       0x1b c:/program files (x86)/cypress/psoc creator/2.2/psoc creator/import/gnu_cs/arm/4.4.1/bin/../lib/gcc/arm-none-eabi/4.4.1/thumb2\libgcc.a(_arm_addsubdf3.o)
 .ARM.attributes
                0x00000516       0x1b c:/program files (x86)/cypress/psoc creator/2.2/psoc creator/import/gnu_cs/arm/4.4.1/bin/../lib/gcc/arm-none-eabi/4.4.1/thumb2\libgcc.a(_arm_cmpdf2.o)
 .ARM.attributes
                0x00000531       0x1b c:/program files (x86)/cypress/psoc creator/2.2/psoc creator/import/gnu_cs/arm/4.4.1/bin/../lib/gcc/arm-none-eabi/4.4.1/thumb2\libgcc.a(_arm_addsubsf3.o)
 .ARM.attributes
                0x0000054c       0x1b c:/program files (x86)/cypress/psoc creator/2.2/psoc creator/import/gnu_cs/arm/4.4.1/bin/../lib/gcc/arm-none-eabi/4.4.1/thumb2\libgcc.a(_arm_muldivsf3.o)
 .ARM.attributes
                0x00000567       0x1b c:/program files (x86)/cypress/psoc creator/2.2/psoc creator/import/gnu_cs/arm/4.4.1/bin/../lib/gcc/arm-none-eabi/4.4.1/thumb2\libgcc.a(_arm_fixunssfsi.o)
 .ARM.attributes
                0x00000582       0x29 c:/program files (x86)/cypress/psoc creator/2.2/psoc creator/import/gnu_cs/arm/4.4.1/bin/../lib/gcc/arm-none-eabi/4.4.1/../../../../arm-none-eabi/lib/thumb2\libc.a(lib_a-memcpy.o)
 .ARM.attributes
                0x000005ab       0x29 c:/program files (x86)/cypress/psoc creator/2.2/psoc creator/import/gnu_cs/arm/4.4.1/bin/../lib/gcc/arm-none-eabi/4.4.1/../../../../arm-none-eabi/lib/thumb2\libc.a(lib_a-memset.o)
 .ARM.attributes
                0x000005d4       0x29 c:/program files (x86)/cypress/psoc creator/2.2/psoc creator/import/gnu_cs/arm/4.4.1/bin/../lib/gcc/arm-none-eabi/4.4.1/../../../../arm-none-eabi/lib/thumb2\libc.a(lib_a-sprintf.o)
 .ARM.attributes
                0x000005fd       0x29 c:/program files (x86)/cypress/psoc creator/2.2/psoc creator/import/gnu_cs/arm/4.4.1/bin/../lib/gcc/arm-none-eabi/4.4.1/../../../../arm-none-eabi/lib/thumb2\libc.a(lib_a-svfprintf.o)
 .ARM.attributes
                0x00000626       0x29 c:/program files (x86)/cypress/psoc creator/2.2/psoc creator/import/gnu_cs/arm/4.4.1/bin/../lib/gcc/arm-none-eabi/4.4.1/../../../../arm-none-eabi/lib/thumb2\libc.a(lib_a-dtoa.o)
 .ARM.attributes
                0x0000064f       0x29 c:/program files (x86)/cypress/psoc creator/2.2/psoc creator/import/gnu_cs/arm/4.4.1/bin/../lib/gcc/arm-none-eabi/4.4.1/../../../../arm-none-eabi/lib/thumb2\libc.a(lib_a-freer.o)
 .ARM.attributes
                0x00000678       0x29 c:/program files (x86)/cypress/psoc creator/2.2/psoc creator/import/gnu_cs/arm/4.4.1/bin/../lib/gcc/arm-none-eabi/4.4.1/../../../../arm-none-eabi/lib/thumb2\libc.a(lib_a-impure.o)
 .ARM.attributes
                0x000006a1       0x29 c:/program files (x86)/cypress/psoc creator/2.2/psoc creator/import/gnu_cs/arm/4.4.1/bin/../lib/gcc/arm-none-eabi/4.4.1/../../../../arm-none-eabi/lib/thumb2\libc.a(lib_a-locale.o)
 .ARM.attributes
                0x000006ca       0x29 c:/program files (x86)/cypress/psoc creator/2.2/psoc creator/import/gnu_cs/arm/4.4.1/bin/../lib/gcc/arm-none-eabi/4.4.1/../../../../arm-none-eabi/lib/thumb2\libc.a(lib_a-malloc.o)
 .ARM.attributes
                0x000006f3       0x29 c:/program files (x86)/cypress/psoc creator/2.2/psoc creator/import/gnu_cs/arm/4.4.1/bin/../lib/gcc/arm-none-eabi/4.4.1/../../../../arm-none-eabi/lib/thumb2\libc.a(lib_a-mallocr.o)
 .ARM.attributes
                0x0000071c       0x29 c:/program files (x86)/cypress/psoc creator/2.2/psoc creator/import/gnu_cs/arm/4.4.1/bin/../lib/gcc/arm-none-eabi/4.4.1/../../../../arm-none-eabi/lib/thumb2\libc.a(lib_a-memchr.o)
 .ARM.attributes
                0x00000745       0x29 c:/program files (x86)/cypress/psoc creator/2.2/psoc creator/import/gnu_cs/arm/4.4.1/bin/../lib/gcc/arm-none-eabi/4.4.1/../../../../arm-none-eabi/lib/thumb2\libc.a(lib_a-memmove.o)
 .ARM.attributes
                0x0000076e       0x29 c:/program files (x86)/cypress/psoc creator/2.2/psoc creator/import/gnu_cs/arm/4.4.1/bin/../lib/gcc/arm-none-eabi/4.4.1/../../../../arm-none-eabi/lib/thumb2\libc.a(lib_a-mlock.o)
 .ARM.attributes
                0x00000797       0x29 c:/program files (x86)/cypress/psoc creator/2.2/psoc creator/import/gnu_cs/arm/4.4.1/bin/../lib/gcc/arm-none-eabi/4.4.1/../../../../arm-none-eabi/lib/thumb2\libc.a(lib_a-mprec.o)
 .ARM.attributes
                0x000007c0       0x29 c:/program files (x86)/cypress/psoc creator/2.2/psoc creator/import/gnu_cs/arm/4.4.1/bin/../lib/gcc/arm-none-eabi/4.4.1/../../../../arm-none-eabi/lib/thumb2\libc.a(lib_a-reallocr.o)
 .ARM.attributes
                0x000007e9       0x29 c:/program files (x86)/cypress/psoc creator/2.2/psoc creator/import/gnu_cs/arm/4.4.1/bin/../lib/gcc/arm-none-eabi/4.4.1/../../../../arm-none-eabi/lib/thumb2\libc.a(lib_a-s_isinfd.o)
 .ARM.attributes
                0x00000812       0x29 c:/program files (x86)/cypress/psoc creator/2.2/psoc creator/import/gnu_cs/arm/4.4.1/bin/../lib/gcc/arm-none-eabi/4.4.1/../../../../arm-none-eabi/lib/thumb2\libc.a(lib_a-s_isnand.o)
 .ARM.attributes
                0x0000083b       0x29 c:/program files (x86)/cypress/psoc creator/2.2/psoc creator/import/gnu_cs/arm/4.4.1/bin/../lib/gcc/arm-none-eabi/4.4.1/../../../../arm-none-eabi/lib/thumb2\libc.a(lib_a-sbrkr.o)
 .ARM.attributes
                0x00000864       0x29 c:/program files (x86)/cypress/psoc creator/2.2/psoc creator/import/gnu_cs/arm/4.4.1/bin/../lib/gcc/arm-none-eabi/4.4.1/../../../../arm-none-eabi/lib/thumb2\libc.a(lib_a-strcmp.o)
 .ARM.attributes
                0x0000088d       0x29 c:/program files (x86)/cypress/psoc creator/2.2/psoc creator/import/gnu_cs/arm/4.4.1/bin/../lib/gcc/arm-none-eabi/4.4.1/../../../../arm-none-eabi/lib/thumb2\libc.a(lib_a-strlen.o)
 .ARM.attributes
                0x000008b6       0x29 c:/program files (x86)/cypress/psoc creator/2.2/psoc creator/import/gnu_cs/arm/4.4.1/bin/../lib/gcc/arm-none-eabi/4.4.1/../../../../arm-none-eabi/lib/thumb2\libc.a(lib_a-callocr.o)
 .ARM.attributes