ARM GAS  C:\Users\KEVIN-~1\AppData\Local\Temp\ccMhmRZ8.s 			page 1


   1              		.syntax unified
   2              		.cpu cortex-m3
   3              		.fpu softvfp
   4              		.eabi_attribute 20, 1
   5              		.eabi_attribute 21, 1
   6              		.eabi_attribute 23, 3
   7              		.eabi_attribute 24, 1
   8              		.eabi_attribute 25, 1
   9              		.eabi_attribute 26, 1
  10              		.eabi_attribute 30, 6
  11              		.eabi_attribute 18, 4
  12              		.thumb
  13              		.file	"PWM.c"
  14              		.section	.debug_abbrev,"",%progbits
  15              	.Ldebug_abbrev0:
  16              		.section	.debug_info,"",%progbits
  17              	.Ldebug_info0:
  18              		.section	.debug_line,"",%progbits
  19              	.Ldebug_line0:
  20 0000 1B010000 		.text
  20      02005C00 
  20      00000201 
  20      FB0E0D00 
  20      01010101 
  21              	.Ltext0:
  22              		.cfi_sections	.debug_frame
  23              		.global	PWM_initVar
  24              		.bss
  25              		.type	PWM_initVar, %object
  26              		.size	PWM_initVar, 1
  27              	PWM_initVar:
  28 0000 00       		.space	1
  29              		.section	.text.PWM_Start,"ax",%progbits
  30              		.align	2
  31              		.global	PWM_Start
  32              		.thumb
  33              		.thumb_func
  34              		.type	PWM_Start, %function
  35              	PWM_Start:
  36              	.LFB0:
  37              		.file 1 ".\\Generated_Source\\PSoC5\\PWM.c"
   1:.\Generated_Source\PSoC5/PWM.c **** /*******************************************************************************
   2:.\Generated_Source\PSoC5/PWM.c **** * File Name: PWM.c  
   3:.\Generated_Source\PSoC5/PWM.c **** * Version 2.20
   4:.\Generated_Source\PSoC5/PWM.c **** *
   5:.\Generated_Source\PSoC5/PWM.c **** * Description:
   6:.\Generated_Source\PSoC5/PWM.c **** *  The PWM User Module consist of an 8 or 16-bit counter with two 8 or 16-bit
   7:.\Generated_Source\PSoC5/PWM.c **** *  comparitors. Each instance of this user module is capable of generating
   8:.\Generated_Source\PSoC5/PWM.c **** *  two PWM outputs with the same period. The pulse width is selectable between
   9:.\Generated_Source\PSoC5/PWM.c **** *  1 and 255/65535. The period is selectable between 2 and 255/65536 clocks. 
  10:.\Generated_Source\PSoC5/PWM.c **** *  The compare value output may be configured to be active when the present 
  11:.\Generated_Source\PSoC5/PWM.c **** *  counter is less than or less than/equal to the compare value.
  12:.\Generated_Source\PSoC5/PWM.c **** *  A terminal count output is also provided. It generates a pulse one clock
  13:.\Generated_Source\PSoC5/PWM.c **** *  width wide when the counter is equal to zero.
  14:.\Generated_Source\PSoC5/PWM.c **** *
  15:.\Generated_Source\PSoC5/PWM.c **** * Note:
  16:.\Generated_Source\PSoC5/PWM.c **** *
ARM GAS  C:\Users\KEVIN-~1\AppData\Local\Temp\ccMhmRZ8.s 			page 2


  17:.\Generated_Source\PSoC5/PWM.c **** *******************************************************************************
  18:.\Generated_Source\PSoC5/PWM.c **** * Copyright 2008-2012, Cypress Semiconductor Corporation.  All rights reserved.
  19:.\Generated_Source\PSoC5/PWM.c **** * You may use this file only in accordance with the license, terms, conditions, 
  20:.\Generated_Source\PSoC5/PWM.c **** * disclaimers, and limitations in the end user license agreement accompanying 
  21:.\Generated_Source\PSoC5/PWM.c **** * the software package with which this file was provided.
  22:.\Generated_Source\PSoC5/PWM.c **** ********************************************************************************/
  23:.\Generated_Source\PSoC5/PWM.c **** 
  24:.\Generated_Source\PSoC5/PWM.c **** #include "cytypes.h"
  25:.\Generated_Source\PSoC5/PWM.c **** #include "PWM.h"
  26:.\Generated_Source\PSoC5/PWM.c **** 
  27:.\Generated_Source\PSoC5/PWM.c **** uint8 PWM_initVar = 0u;
  28:.\Generated_Source\PSoC5/PWM.c **** 
  29:.\Generated_Source\PSoC5/PWM.c **** 
  30:.\Generated_Source\PSoC5/PWM.c **** /*******************************************************************************
  31:.\Generated_Source\PSoC5/PWM.c **** * Function Name: PWM_Start
  32:.\Generated_Source\PSoC5/PWM.c **** ********************************************************************************
  33:.\Generated_Source\PSoC5/PWM.c **** *
  34:.\Generated_Source\PSoC5/PWM.c **** * Summary:
  35:.\Generated_Source\PSoC5/PWM.c **** *  The start function initializes the pwm with the default values, the 
  36:.\Generated_Source\PSoC5/PWM.c **** *  enables the counter to begin counting.  It does not enable interrupts,
  37:.\Generated_Source\PSoC5/PWM.c **** *  the EnableInt command should be called if interrupt generation is required.
  38:.\Generated_Source\PSoC5/PWM.c **** *
  39:.\Generated_Source\PSoC5/PWM.c **** * Parameters:  
  40:.\Generated_Source\PSoC5/PWM.c **** *  void  
  41:.\Generated_Source\PSoC5/PWM.c **** *
  42:.\Generated_Source\PSoC5/PWM.c **** * Return: 
  43:.\Generated_Source\PSoC5/PWM.c **** *  void
  44:.\Generated_Source\PSoC5/PWM.c **** *
  45:.\Generated_Source\PSoC5/PWM.c **** * Global variables:
  46:.\Generated_Source\PSoC5/PWM.c **** *  PWM_initVar: Is modified when this function is called for the 
  47:.\Generated_Source\PSoC5/PWM.c **** *   first time. Is used to ensure that initialization happens only once.
  48:.\Generated_Source\PSoC5/PWM.c **** *
  49:.\Generated_Source\PSoC5/PWM.c **** *******************************************************************************/
  50:.\Generated_Source\PSoC5/PWM.c **** void PWM_Start(void) 
  51:.\Generated_Source\PSoC5/PWM.c **** {
  38              		.loc 1 51 0
  39              		.cfi_startproc
  40              		@ args = 0, pretend = 0, frame = 0
  41              		@ frame_needed = 1, uses_anonymous_args = 0
  42 0000 80B5     		push	{r7, lr}
  43              	.LCFI0:
  44              		.cfi_def_cfa_offset 8
  45 0002 00AF     		add	r7, sp, #0
  46              		.cfi_offset 14, -4
  47              		.cfi_offset 7, -8
  48              	.LCFI1:
  49              		.cfi_def_cfa_register 7
  52:.\Generated_Source\PSoC5/PWM.c ****     /* If not Initialized then initialize all required hardware and software */
  53:.\Generated_Source\PSoC5/PWM.c ****     if(PWM_initVar == 0u)
  50              		.loc 1 53 0
  51 0004 40F20003 		movw	r3, #:lower16:PWM_initVar
  52 0008 C0F20003 		movt	r3, #:upper16:PWM_initVar
  53 000c 1B78     		ldrb	r3, [r3, #0]	@ zero_extendqisi2
  54 000e 002B     		cmp	r3, #0
  55 0010 08D1     		bne	.L2
  54:.\Generated_Source\PSoC5/PWM.c ****     {
  55:.\Generated_Source\PSoC5/PWM.c ****         PWM_Init();
ARM GAS  C:\Users\KEVIN-~1\AppData\Local\Temp\ccMhmRZ8.s 			page 3


  56              		.loc 1 55 0
  57 0012 FFF7FEFF 		bl	PWM_Init
  56:.\Generated_Source\PSoC5/PWM.c ****         PWM_initVar = 1u;
  58              		.loc 1 56 0
  59 0016 40F20003 		movw	r3, #:lower16:PWM_initVar
  60 001a C0F20003 		movt	r3, #:upper16:PWM_initVar
  61 001e 4FF00102 		mov	r2, #1
  62 0022 1A70     		strb	r2, [r3, #0]
  63              	.L2:
  57:.\Generated_Source\PSoC5/PWM.c ****     }
  58:.\Generated_Source\PSoC5/PWM.c ****     PWM_Enable();
  64              		.loc 1 58 0
  65 0024 FFF7FEFF 		bl	PWM_Enable
  59:.\Generated_Source\PSoC5/PWM.c **** 
  60:.\Generated_Source\PSoC5/PWM.c **** }
  66              		.loc 1 60 0
  67 0028 80BD     		pop	{r7, pc}
  68              		.cfi_endproc
  69              	.LFE0:
  70              		.size	PWM_Start, .-PWM_Start
  71 002a 00BF     		.section	.text.PWM_Init,"ax",%progbits
  72              		.align	2
  73              		.global	PWM_Init
  74              		.thumb
  75              		.thumb_func
  76              		.type	PWM_Init, %function
  77              	PWM_Init:
  78              	.LFB1:
  61:.\Generated_Source\PSoC5/PWM.c **** 
  62:.\Generated_Source\PSoC5/PWM.c **** 
  63:.\Generated_Source\PSoC5/PWM.c **** /*******************************************************************************
  64:.\Generated_Source\PSoC5/PWM.c **** * Function Name: PWM_Init
  65:.\Generated_Source\PSoC5/PWM.c **** ********************************************************************************
  66:.\Generated_Source\PSoC5/PWM.c **** *
  67:.\Generated_Source\PSoC5/PWM.c **** * Summary:
  68:.\Generated_Source\PSoC5/PWM.c **** *  Initialize component's parameters to the parameters set by user in the 
  69:.\Generated_Source\PSoC5/PWM.c **** *  customizer of the component placed onto schematic. Usually called in 
  70:.\Generated_Source\PSoC5/PWM.c **** *  PWM_Start().
  71:.\Generated_Source\PSoC5/PWM.c **** *
  72:.\Generated_Source\PSoC5/PWM.c **** * Parameters:  
  73:.\Generated_Source\PSoC5/PWM.c **** *  void
  74:.\Generated_Source\PSoC5/PWM.c **** *
  75:.\Generated_Source\PSoC5/PWM.c **** * Return: 
  76:.\Generated_Source\PSoC5/PWM.c **** *  void
  77:.\Generated_Source\PSoC5/PWM.c **** *
  78:.\Generated_Source\PSoC5/PWM.c **** *******************************************************************************/
  79:.\Generated_Source\PSoC5/PWM.c **** void PWM_Init(void) 
  80:.\Generated_Source\PSoC5/PWM.c **** {
  79              		.loc 1 80 0
  80              		.cfi_startproc
  81              		@ args = 0, pretend = 0, frame = 8
  82              		@ frame_needed = 1, uses_anonymous_args = 0
  83 0000 80B5     		push	{r7, lr}
  84              	.LCFI2:
  85              		.cfi_def_cfa_offset 8
  86 0002 82B0     		sub	sp, sp, #8
  87              	.LCFI3:
ARM GAS  C:\Users\KEVIN-~1\AppData\Local\Temp\ccMhmRZ8.s 			page 4


  88              		.cfi_def_cfa_offset 16
  89 0004 00AF     		add	r7, sp, #0
  90              		.cfi_offset 14, -4
  91              		.cfi_offset 7, -8
  92              	.LCFI4:
  93              		.cfi_def_cfa_register 7
  81:.\Generated_Source\PSoC5/PWM.c ****     #if (PWM_UsingFixedFunction || PWM_UseControl)
  82:.\Generated_Source\PSoC5/PWM.c ****         uint8 ctrl;
  83:.\Generated_Source\PSoC5/PWM.c ****     #endif /* (PWM_UsingFixedFunction || PWM_UseControl) */
  84:.\Generated_Source\PSoC5/PWM.c ****     
  85:.\Generated_Source\PSoC5/PWM.c ****     #if(!PWM_UsingFixedFunction) 
  86:.\Generated_Source\PSoC5/PWM.c ****         #if(PWM_UseStatus)
  87:.\Generated_Source\PSoC5/PWM.c ****             /* Interrupt State Backup for Critical Region*/
  88:.\Generated_Source\PSoC5/PWM.c ****             uint8 PWM_interruptState;
  89:.\Generated_Source\PSoC5/PWM.c ****         #endif /* (PWM_UseStatus) */
  90:.\Generated_Source\PSoC5/PWM.c ****     #endif /* (!PWM_UsingFixedFunction) */
  91:.\Generated_Source\PSoC5/PWM.c ****     
  92:.\Generated_Source\PSoC5/PWM.c ****     #if (PWM_UsingFixedFunction)
  93:.\Generated_Source\PSoC5/PWM.c ****         /* You are allowed to write the compare value (FF only) */
  94:.\Generated_Source\PSoC5/PWM.c ****         PWM_CONTROL |= PWM_CFG0_MODE;
  95:.\Generated_Source\PSoC5/PWM.c ****         #if (PWM_DeadBand2_4)
  96:.\Generated_Source\PSoC5/PWM.c ****             PWM_CONTROL |= PWM_CFG0_DB;
  97:.\Generated_Source\PSoC5/PWM.c ****         #endif /* (PWM_DeadBand2_4) */
  98:.\Generated_Source\PSoC5/PWM.c ****                 
  99:.\Generated_Source\PSoC5/PWM.c ****         /* Set the default Compare Mode */
 100:.\Generated_Source\PSoC5/PWM.c ****         #if(CY_PSOC5A)
 101:.\Generated_Source\PSoC5/PWM.c ****                 ctrl = PWM_CONTROL2 & ~PWM_CTRL_CMPMODE1_MASK;
 102:.\Generated_Source\PSoC5/PWM.c ****                 PWM_CONTROL2 = ctrl | PWM_DEFAULT_COMPARE1_MODE;
 103:.\Generated_Source\PSoC5/PWM.c ****         #endif /* (CY_PSOC5A) */
 104:.\Generated_Source\PSoC5/PWM.c ****         #if(CY_PSOC3 || CY_PSOC5LP)
 105:.\Generated_Source\PSoC5/PWM.c ****                 ctrl = PWM_CONTROL3 & ~PWM_CTRL_CMPMODE1_MASK;
 106:.\Generated_Source\PSoC5/PWM.c ****                 PWM_CONTROL3 = ctrl | PWM_DEFAULT_COMPARE1_MODE;
 107:.\Generated_Source\PSoC5/PWM.c ****         #endif /* (CY_PSOC3 || CY_PSOC5LP) */
 108:.\Generated_Source\PSoC5/PWM.c ****         
 109:.\Generated_Source\PSoC5/PWM.c ****          /* Clear and Set SYNCTC and SYNCCMP bits of RT1 register */
 110:.\Generated_Source\PSoC5/PWM.c ****         PWM_RT1 &= ~PWM_RT1_MASK;
 111:.\Generated_Source\PSoC5/PWM.c ****         PWM_RT1 |= PWM_SYNC;     
 112:.\Generated_Source\PSoC5/PWM.c ****                 
 113:.\Generated_Source\PSoC5/PWM.c ****         /*Enable DSI Sync all all inputs of the PWM*/
 114:.\Generated_Source\PSoC5/PWM.c ****         PWM_RT1 &= ~(PWM_SYNCDSI_MASK);
 115:.\Generated_Source\PSoC5/PWM.c ****         PWM_RT1 |= PWM_SYNCDSI_EN;
 116:.\Generated_Source\PSoC5/PWM.c ****        
 117:.\Generated_Source\PSoC5/PWM.c ****     #elif (PWM_UseControl)
 118:.\Generated_Source\PSoC5/PWM.c ****         /* Set the default compare mode defined in the parameter */
 119:.\Generated_Source\PSoC5/PWM.c ****         ctrl = PWM_CONTROL & ~PWM_CTRL_CMPMODE2_MASK & ~PWM_CTRL_CMPMODE1_MASK;
  94              		.loc 1 119 0
  95 0006 46F27B43 		movw	r3, #:lower16:1073767547
  96 000a C4F20003 		movt	r3, #:upper16:1073767547
  97 000e 1B78     		ldrb	r3, [r3, #0]
  98 0010 DBB2     		uxtb	r3, r3
  99 0012 23F03F03 		bic	r3, r3, #63
 100 0016 BB71     		strb	r3, [r7, #6]
 120:.\Generated_Source\PSoC5/PWM.c ****         PWM_CONTROL = ctrl | PWM_DEFAULT_COMPARE2_MODE | 
 101              		.loc 1 120 0
 102 0018 46F27B43 		movw	r3, #:lower16:1073767547
 103 001c C4F20003 		movt	r3, #:upper16:1073767547
 104 0020 BA79     		ldrb	r2, [r7, #6]
ARM GAS  C:\Users\KEVIN-~1\AppData\Local\Temp\ccMhmRZ8.s 			page 5


 105 0022 42F00A02 		orr	r2, r2, #10
 106 0026 D2B2     		uxtb	r2, r2
 107 0028 1A70     		strb	r2, [r3, #0]
 121:.\Generated_Source\PSoC5/PWM.c ****                                    PWM_DEFAULT_COMPARE1_MODE;
 122:.\Generated_Source\PSoC5/PWM.c ****     #endif /* (PWM_UsingFixedFunction) */
 123:.\Generated_Source\PSoC5/PWM.c ****         
 124:.\Generated_Source\PSoC5/PWM.c ****     #if (!PWM_UsingFixedFunction)
 125:.\Generated_Source\PSoC5/PWM.c ****         #if (PWM_Resolution == 8)
 126:.\Generated_Source\PSoC5/PWM.c ****             /* Set FIFO 0 to 1 byte register for period*/
 127:.\Generated_Source\PSoC5/PWM.c ****             PWM_AUX_CONTROLDP0 |= (PWM_AUX_CTRL_FIFO0_CLR);
 108              		.loc 1 127 0
 109 002a 46F29B43 		movw	r3, #:lower16:1073767579
 110 002e C4F20003 		movt	r3, #:upper16:1073767579
 111 0032 46F29B42 		movw	r2, #:lower16:1073767579
 112 0036 C4F20002 		movt	r2, #:upper16:1073767579
 113 003a 1278     		ldrb	r2, [r2, #0]
 114 003c D2B2     		uxtb	r2, r2
 115 003e 42F00102 		orr	r2, r2, #1
 116 0042 D2B2     		uxtb	r2, r2
 117 0044 1A70     		strb	r2, [r3, #0]
 128:.\Generated_Source\PSoC5/PWM.c ****         #else /* (PWM_Resolution == 16)*/
 129:.\Generated_Source\PSoC5/PWM.c ****             /* Set FIFO 0 to 1 byte register for period */
 130:.\Generated_Source\PSoC5/PWM.c ****             PWM_AUX_CONTROLDP0 |= (PWM_AUX_CTRL_FIFO0_CLR);
 131:.\Generated_Source\PSoC5/PWM.c ****             PWM_AUX_CONTROLDP1 |= (PWM_AUX_CTRL_FIFO0_CLR);
 132:.\Generated_Source\PSoC5/PWM.c ****         #endif /* (PWM_Resolution == 8) */
 133:.\Generated_Source\PSoC5/PWM.c **** 
 134:.\Generated_Source\PSoC5/PWM.c ****         PWM_WriteCounter(PWM_INIT_PERIOD_VALUE);
 118              		.loc 1 134 0
 119 0046 4FF06400 		mov	r0, #100
 120 004a FFF7FEFF 		bl	PWM_WriteCounter
 135:.\Generated_Source\PSoC5/PWM.c ****     #endif /* (!PWM_UsingFixedFunction) */
 136:.\Generated_Source\PSoC5/PWM.c ****         
 137:.\Generated_Source\PSoC5/PWM.c ****     PWM_WritePeriod(PWM_INIT_PERIOD_VALUE);
 121              		.loc 1 137 0
 122 004e 4FF06400 		mov	r0, #100
 123 0052 FFF7FEFF 		bl	PWM_WritePeriod
 138:.\Generated_Source\PSoC5/PWM.c **** 
 139:.\Generated_Source\PSoC5/PWM.c ****         #if (PWM_UseOneCompareMode)
 140:.\Generated_Source\PSoC5/PWM.c ****             PWM_WriteCompare(PWM_INIT_COMPARE_VALUE1);
 124              		.loc 1 140 0
 125 0056 4FF00A00 		mov	r0, #10
 126 005a FFF7FEFF 		bl	PWM_WriteCompare
 141:.\Generated_Source\PSoC5/PWM.c ****         #else
 142:.\Generated_Source\PSoC5/PWM.c ****             PWM_WriteCompare1(PWM_INIT_COMPARE_VALUE1);
 143:.\Generated_Source\PSoC5/PWM.c ****             PWM_WriteCompare2(PWM_INIT_COMPARE_VALUE2);
 144:.\Generated_Source\PSoC5/PWM.c ****         #endif /* (PWM_UseOneCompareMode) */
 145:.\Generated_Source\PSoC5/PWM.c ****         
 146:.\Generated_Source\PSoC5/PWM.c ****         #if (PWM_KillModeMinTime)
 147:.\Generated_Source\PSoC5/PWM.c ****             PWM_WriteKillTime(PWM_MinimumKillTime);
 148:.\Generated_Source\PSoC5/PWM.c ****         #endif /* (PWM_KillModeMinTime) */
 149:.\Generated_Source\PSoC5/PWM.c ****         
 150:.\Generated_Source\PSoC5/PWM.c ****         #if (PWM_DeadBandUsed)
 151:.\Generated_Source\PSoC5/PWM.c ****             PWM_WriteDeadTime(PWM_INIT_DEAD_TIME);
 152:.\Generated_Source\PSoC5/PWM.c ****         #endif /* (PWM_DeadBandUsed) */
 153:.\Generated_Source\PSoC5/PWM.c **** 
 154:.\Generated_Source\PSoC5/PWM.c ****     #if (PWM_UseStatus || PWM_UsingFixedFunction)
 155:.\Generated_Source\PSoC5/PWM.c ****         PWM_SetInterruptMode(PWM_INIT_INTERRUPTS_MODE);
ARM GAS  C:\Users\KEVIN-~1\AppData\Local\Temp\ccMhmRZ8.s 			page 6


 127              		.loc 1 155 0
 128 005e 46F28B43 		movw	r3, #:lower16:1073767563
 129 0062 C4F20003 		movt	r3, #:upper16:1073767563
 130 0066 4FF00002 		mov	r2, #0
 131 006a 1A70     		strb	r2, [r3, #0]
 156:.\Generated_Source\PSoC5/PWM.c ****     #endif /* (PWM_UseStatus || PWM_UsingFixedFunction) */
 157:.\Generated_Source\PSoC5/PWM.c ****         
 158:.\Generated_Source\PSoC5/PWM.c ****     #if (PWM_UsingFixedFunction)
 159:.\Generated_Source\PSoC5/PWM.c ****         /* Globally Enable the Fixed Function Block chosen */
 160:.\Generated_Source\PSoC5/PWM.c ****         PWM_GLOBAL_ENABLE |= PWM_BLOCK_EN_MASK;
 161:.\Generated_Source\PSoC5/PWM.c ****         /* Set the Interrupt source to come from the status register */
 162:.\Generated_Source\PSoC5/PWM.c ****         PWM_CONTROL2 |= PWM_CTRL2_IRQ_SEL;
 163:.\Generated_Source\PSoC5/PWM.c ****     #else
 164:.\Generated_Source\PSoC5/PWM.c ****         #if(PWM_UseStatus)
 165:.\Generated_Source\PSoC5/PWM.c ****             
 166:.\Generated_Source\PSoC5/PWM.c ****             /* CyEnterCriticalRegion and CyExitCriticalRegion are used to mark following region cri
 167:.\Generated_Source\PSoC5/PWM.c ****             /* Enter Critical Region*/
 168:.\Generated_Source\PSoC5/PWM.c ****             PWM_interruptState = CyEnterCriticalSection();
 132              		.loc 1 168 0
 133 006c FFF7FEFF 		bl	CyEnterCriticalSection
 134 0070 0346     		mov	r3, r0
 135 0072 FB71     		strb	r3, [r7, #7]
 169:.\Generated_Source\PSoC5/PWM.c ****             /* Use the interrupt output of the status register for IRQ output */
 170:.\Generated_Source\PSoC5/PWM.c ****             PWM_STATUS_AUX_CTRL |= PWM_STATUS_ACTL_INT_EN_MASK;
 136              		.loc 1 170 0
 137 0074 46F29B43 		movw	r3, #:lower16:1073767579
 138 0078 C4F20003 		movt	r3, #:upper16:1073767579
 139 007c 46F29B42 		movw	r2, #:lower16:1073767579
 140 0080 C4F20002 		movt	r2, #:upper16:1073767579
 141 0084 1278     		ldrb	r2, [r2, #0]
 142 0086 D2B2     		uxtb	r2, r2
 143 0088 42F01002 		orr	r2, r2, #16
 144 008c D2B2     		uxtb	r2, r2
 145 008e 1A70     		strb	r2, [r3, #0]
 171:.\Generated_Source\PSoC5/PWM.c ****             
 172:.\Generated_Source\PSoC5/PWM.c ****              /* Exit Critical Region*/
 173:.\Generated_Source\PSoC5/PWM.c ****             CyExitCriticalSection(PWM_interruptState);
 146              		.loc 1 173 0
 147 0090 FB79     		ldrb	r3, [r7, #7]	@ zero_extendqisi2
 148 0092 1846     		mov	r0, r3
 149 0094 FFF7FEFF 		bl	CyExitCriticalSection
 174:.\Generated_Source\PSoC5/PWM.c ****             
 175:.\Generated_Source\PSoC5/PWM.c ****             /* Clear the FIFO to enable the PWM_STATUS_FIFOFULL
 176:.\Generated_Source\PSoC5/PWM.c ****                    bit to be set on FIFO full. */
 177:.\Generated_Source\PSoC5/PWM.c ****             PWM_ClearFIFO();
 150              		.loc 1 177 0
 151 0098 FFF7FEFF 		bl	PWM_ClearFIFO
 178:.\Generated_Source\PSoC5/PWM.c ****         #endif /* (PWM_UseStatus) */
 179:.\Generated_Source\PSoC5/PWM.c ****     #endif /* (PWM_UsingFixedFunction) */
 180:.\Generated_Source\PSoC5/PWM.c **** }
 152              		.loc 1 180 0
 153 009c 07F10807 		add	r7, r7, #8
 154 00a0 BD46     		mov	sp, r7
 155 00a2 80BD     		pop	{r7, pc}
 156              		.cfi_endproc
 157              	.LFE1:
 158              		.size	PWM_Init, .-PWM_Init
ARM GAS  C:\Users\KEVIN-~1\AppData\Local\Temp\ccMhmRZ8.s 			page 7


 159              		.section	.text.PWM_Enable,"ax",%progbits
 160              		.align	2
 161              		.global	PWM_Enable
 162              		.thumb
 163              		.thumb_func
 164              		.type	PWM_Enable, %function
 165              	PWM_Enable:
 166              	.LFB2:
 181:.\Generated_Source\PSoC5/PWM.c **** 
 182:.\Generated_Source\PSoC5/PWM.c **** 
 183:.\Generated_Source\PSoC5/PWM.c **** /*******************************************************************************
 184:.\Generated_Source\PSoC5/PWM.c **** * Function Name: PWM_Enable
 185:.\Generated_Source\PSoC5/PWM.c **** ********************************************************************************
 186:.\Generated_Source\PSoC5/PWM.c **** *
 187:.\Generated_Source\PSoC5/PWM.c **** * Summary: 
 188:.\Generated_Source\PSoC5/PWM.c **** *  Enables the PWM block operation
 189:.\Generated_Source\PSoC5/PWM.c **** *
 190:.\Generated_Source\PSoC5/PWM.c **** * Parameters:  
 191:.\Generated_Source\PSoC5/PWM.c **** *  void
 192:.\Generated_Source\PSoC5/PWM.c **** *
 193:.\Generated_Source\PSoC5/PWM.c **** * Return: 
 194:.\Generated_Source\PSoC5/PWM.c **** *  void
 195:.\Generated_Source\PSoC5/PWM.c **** *
 196:.\Generated_Source\PSoC5/PWM.c **** * Side Effects: 
 197:.\Generated_Source\PSoC5/PWM.c **** *  This works only if software enable mode is chosen
 198:.\Generated_Source\PSoC5/PWM.c **** *
 199:.\Generated_Source\PSoC5/PWM.c **** *******************************************************************************/
 200:.\Generated_Source\PSoC5/PWM.c **** void PWM_Enable(void) 
 201:.\Generated_Source\PSoC5/PWM.c **** {
 167              		.loc 1 201 0
 168              		.cfi_startproc
 169              		@ args = 0, pretend = 0, frame = 0
 170              		@ frame_needed = 1, uses_anonymous_args = 0
 171              		@ link register save eliminated.
 172 0000 80B4     		push	{r7}
 173              	.LCFI5:
 174              		.cfi_def_cfa_offset 4
 175 0002 00AF     		add	r7, sp, #0
 176              		.cfi_offset 7, -4
 177              	.LCFI6:
 178              		.cfi_def_cfa_register 7
 202:.\Generated_Source\PSoC5/PWM.c ****     /* Globally Enable the Fixed Function Block chosen */
 203:.\Generated_Source\PSoC5/PWM.c ****     #if (PWM_UsingFixedFunction)
 204:.\Generated_Source\PSoC5/PWM.c ****         PWM_GLOBAL_ENABLE |= PWM_BLOCK_EN_MASK;
 205:.\Generated_Source\PSoC5/PWM.c ****         PWM_GLOBAL_STBY_ENABLE |= PWM_BLOCK_STBY_EN_MASK;
 206:.\Generated_Source\PSoC5/PWM.c ****     #endif /* (PWM_UsingFixedFunction) */
 207:.\Generated_Source\PSoC5/PWM.c ****     
 208:.\Generated_Source\PSoC5/PWM.c ****     /* Enable the PWM from the control register  */
 209:.\Generated_Source\PSoC5/PWM.c ****     #if (PWM_UseControl || PWM_UsingFixedFunction)
 210:.\Generated_Source\PSoC5/PWM.c ****         PWM_CONTROL |= PWM_CTRL_ENABLE;
 179              		.loc 1 210 0
 180 0004 46F27B43 		movw	r3, #:lower16:1073767547
 181 0008 C4F20003 		movt	r3, #:upper16:1073767547
 182 000c 46F27B42 		movw	r2, #:lower16:1073767547
 183 0010 C4F20002 		movt	r2, #:upper16:1073767547
 184 0014 1278     		ldrb	r2, [r2, #0]
 185 0016 D2B2     		uxtb	r2, r2
ARM GAS  C:\Users\KEVIN-~1\AppData\Local\Temp\ccMhmRZ8.s 			page 8


 186 0018 6FEA4262 		mvn	r2, r2, lsl #25
 187 001c 6FEA5262 		mvn	r2, r2, lsr #25
 188 0020 D2B2     		uxtb	r2, r2
 189 0022 1A70     		strb	r2, [r3, #0]
 211:.\Generated_Source\PSoC5/PWM.c ****     #endif /* (PWM_UseControl || PWM_UsingFixedFunction) */
 212:.\Generated_Source\PSoC5/PWM.c **** }
 190              		.loc 1 212 0
 191 0024 BD46     		mov	sp, r7
 192 0026 80BC     		pop	{r7}
 193 0028 7047     		bx	lr
 194              		.cfi_endproc
 195              	.LFE2:
 196              		.size	PWM_Enable, .-PWM_Enable
 197 002a 00BF     		.section	.text.PWM_Stop,"ax",%progbits
 198              		.align	2
 199              		.global	PWM_Stop
 200              		.thumb
 201              		.thumb_func
 202              		.type	PWM_Stop, %function
 203              	PWM_Stop:
 204              	.LFB3:
 213:.\Generated_Source\PSoC5/PWM.c **** 
 214:.\Generated_Source\PSoC5/PWM.c **** 
 215:.\Generated_Source\PSoC5/PWM.c **** /*******************************************************************************
 216:.\Generated_Source\PSoC5/PWM.c **** * Function Name: PWM_Stop
 217:.\Generated_Source\PSoC5/PWM.c **** ********************************************************************************
 218:.\Generated_Source\PSoC5/PWM.c **** *
 219:.\Generated_Source\PSoC5/PWM.c **** * Summary:
 220:.\Generated_Source\PSoC5/PWM.c **** *  The stop function halts the PWM, but does not change any modes or disable
 221:.\Generated_Source\PSoC5/PWM.c **** *  interrupts.
 222:.\Generated_Source\PSoC5/PWM.c **** *
 223:.\Generated_Source\PSoC5/PWM.c **** * Parameters:  
 224:.\Generated_Source\PSoC5/PWM.c **** *  void  
 225:.\Generated_Source\PSoC5/PWM.c **** *
 226:.\Generated_Source\PSoC5/PWM.c **** * Return: 
 227:.\Generated_Source\PSoC5/PWM.c **** *  void
 228:.\Generated_Source\PSoC5/PWM.c **** *
 229:.\Generated_Source\PSoC5/PWM.c **** * Side Effects:
 230:.\Generated_Source\PSoC5/PWM.c **** *  If the Enable mode is set to Hardware only then this function
 231:.\Generated_Source\PSoC5/PWM.c **** *  has no effect on the operation of the PWM
 232:.\Generated_Source\PSoC5/PWM.c **** *
 233:.\Generated_Source\PSoC5/PWM.c **** *******************************************************************************/
 234:.\Generated_Source\PSoC5/PWM.c **** void PWM_Stop(void) 
 235:.\Generated_Source\PSoC5/PWM.c **** {
 205              		.loc 1 235 0
 206              		.cfi_startproc
 207              		@ args = 0, pretend = 0, frame = 0
 208              		@ frame_needed = 1, uses_anonymous_args = 0
 209              		@ link register save eliminated.
 210 0000 80B4     		push	{r7}
 211              	.LCFI7:
 212              		.cfi_def_cfa_offset 4
 213 0002 00AF     		add	r7, sp, #0
 214              		.cfi_offset 7, -4
 215              	.LCFI8:
 216              		.cfi_def_cfa_register 7
 236:.\Generated_Source\PSoC5/PWM.c ****     #if (PWM_UseControl || PWM_UsingFixedFunction)
ARM GAS  C:\Users\KEVIN-~1\AppData\Local\Temp\ccMhmRZ8.s 			page 9


 237:.\Generated_Source\PSoC5/PWM.c ****         PWM_CONTROL &= ~PWM_CTRL_ENABLE;
 217              		.loc 1 237 0
 218 0004 46F27B43 		movw	r3, #:lower16:1073767547
 219 0008 C4F20003 		movt	r3, #:upper16:1073767547
 220 000c 46F27B42 		movw	r2, #:lower16:1073767547
 221 0010 C4F20002 		movt	r2, #:upper16:1073767547
 222 0014 1278     		ldrb	r2, [r2, #0]
 223 0016 D2B2     		uxtb	r2, r2
 224 0018 02F07F02 		and	r2, r2, #127
 225 001c 1A70     		strb	r2, [r3, #0]
 238:.\Generated_Source\PSoC5/PWM.c ****     #endif /* (PWM_UseControl || PWM_UsingFixedFunction) */
 239:.\Generated_Source\PSoC5/PWM.c ****     
 240:.\Generated_Source\PSoC5/PWM.c ****     /* Globally disable the Fixed Function Block chosen */
 241:.\Generated_Source\PSoC5/PWM.c ****     #if (PWM_UsingFixedFunction)
 242:.\Generated_Source\PSoC5/PWM.c ****         PWM_GLOBAL_ENABLE &= ~PWM_BLOCK_EN_MASK;
 243:.\Generated_Source\PSoC5/PWM.c ****         PWM_GLOBAL_STBY_ENABLE &= ~PWM_BLOCK_STBY_EN_MASK;
 244:.\Generated_Source\PSoC5/PWM.c ****     #endif /* (PWM_UsingFixedFunction) */
 245:.\Generated_Source\PSoC5/PWM.c **** }
 226              		.loc 1 245 0
 227 001e BD46     		mov	sp, r7
 228 0020 80BC     		pop	{r7}
 229 0022 7047     		bx	lr
 230              		.cfi_endproc
 231              	.LFE3:
 232              		.size	PWM_Stop, .-PWM_Stop
 233              		.section	.text.PWM_WriteCounter,"ax",%progbits
 234              		.align	2
 235              		.global	PWM_WriteCounter
 236              		.thumb
 237              		.thumb_func
 238              		.type	PWM_WriteCounter, %function
 239              	PWM_WriteCounter:
 240              	.LFB4:
 246:.\Generated_Source\PSoC5/PWM.c **** 
 247:.\Generated_Source\PSoC5/PWM.c **** 
 248:.\Generated_Source\PSoC5/PWM.c **** #if (PWM_UseOneCompareMode)
 249:.\Generated_Source\PSoC5/PWM.c **** #if (PWM_CompareMode1SW)
 250:.\Generated_Source\PSoC5/PWM.c **** 
 251:.\Generated_Source\PSoC5/PWM.c **** 
 252:.\Generated_Source\PSoC5/PWM.c **** /*******************************************************************************
 253:.\Generated_Source\PSoC5/PWM.c **** * Function Name: PWM_SetCompareMode
 254:.\Generated_Source\PSoC5/PWM.c **** ********************************************************************************
 255:.\Generated_Source\PSoC5/PWM.c **** * 
 256:.\Generated_Source\PSoC5/PWM.c **** * Summary:
 257:.\Generated_Source\PSoC5/PWM.c **** *  This function writes the Compare Mode for the pwm output when in Dither mode,
 258:.\Generated_Source\PSoC5/PWM.c **** *  Center Align Mode or One Output Mode.
 259:.\Generated_Source\PSoC5/PWM.c **** *
 260:.\Generated_Source\PSoC5/PWM.c **** * Parameters:
 261:.\Generated_Source\PSoC5/PWM.c **** *  comparemode:  The new compare mode for the PWM output. Use the compare types
 262:.\Generated_Source\PSoC5/PWM.c **** *                defined in the H file as input arguments.
 263:.\Generated_Source\PSoC5/PWM.c **** *
 264:.\Generated_Source\PSoC5/PWM.c **** * Return:
 265:.\Generated_Source\PSoC5/PWM.c **** *  void
 266:.\Generated_Source\PSoC5/PWM.c **** *
 267:.\Generated_Source\PSoC5/PWM.c **** *******************************************************************************/
 268:.\Generated_Source\PSoC5/PWM.c **** void PWM_SetCompareMode(uint8 comparemode) 
 269:.\Generated_Source\PSoC5/PWM.c **** {
ARM GAS  C:\Users\KEVIN-~1\AppData\Local\Temp\ccMhmRZ8.s 			page 10


 270:.\Generated_Source\PSoC5/PWM.c ****     #if(PWM_UsingFixedFunction)
 271:.\Generated_Source\PSoC5/PWM.c ****         #if(CY_PSOC5A)
 272:.\Generated_Source\PSoC5/PWM.c ****             uint8 comparemodemasked = (comparemode << PWM_CTRL_CMPMODE1_SHIFT);
 273:.\Generated_Source\PSoC5/PWM.c ****             PWM_CONTROL2 &= ~PWM_CTRL_CMPMODE1_MASK; /*Clear Existing Data */
 274:.\Generated_Source\PSoC5/PWM.c ****             PWM_CONTROL2 |= comparemodemasked;  
 275:.\Generated_Source\PSoC5/PWM.c ****         #endif /* (CY_PSOC5A) */
 276:.\Generated_Source\PSoC5/PWM.c ****                 
 277:.\Generated_Source\PSoC5/PWM.c ****         #if(CY_PSOC3 || CY_PSOC5LP)
 278:.\Generated_Source\PSoC5/PWM.c ****             uint8 comparemodemasked = (comparemode << PWM_CTRL_CMPMODE1_SHIFT);
 279:.\Generated_Source\PSoC5/PWM.c ****             PWM_CONTROL3 &= ~PWM_CTRL_CMPMODE1_MASK; /*Clear Existing Data */
 280:.\Generated_Source\PSoC5/PWM.c ****             PWM_CONTROL3 |= comparemodemasked;     
 281:.\Generated_Source\PSoC5/PWM.c ****         #endif /* (CY_PSOC3 || CY_PSOC5LP) */
 282:.\Generated_Source\PSoC5/PWM.c ****                 
 283:.\Generated_Source\PSoC5/PWM.c ****     #elif (PWM_UseControl)
 284:.\Generated_Source\PSoC5/PWM.c ****         uint8 comparemode1masked = (comparemode << PWM_CTRL_CMPMODE1_SHIFT) & 
 285:.\Generated_Source\PSoC5/PWM.c ****                                     PWM_CTRL_CMPMODE1_MASK;
 286:.\Generated_Source\PSoC5/PWM.c ****         uint8 comparemode2masked = (comparemode << PWM_CTRL_CMPMODE2_SHIFT) & 
 287:.\Generated_Source\PSoC5/PWM.c ****                                    PWM_CTRL_CMPMODE2_MASK;
 288:.\Generated_Source\PSoC5/PWM.c ****         /*Clear existing mode */
 289:.\Generated_Source\PSoC5/PWM.c ****         PWM_CONTROL &= ~(PWM_CTRL_CMPMODE1_MASK | PWM_CTRL_CMPMODE2_MASK); 
 290:.\Generated_Source\PSoC5/PWM.c ****         PWM_CONTROL |= (comparemode1masked | comparemode2masked);
 291:.\Generated_Source\PSoC5/PWM.c ****         
 292:.\Generated_Source\PSoC5/PWM.c ****     #else
 293:.\Generated_Source\PSoC5/PWM.c ****         uint8 temp = comparemode;
 294:.\Generated_Source\PSoC5/PWM.c ****     #endif /* (PWM_UsingFixedFunction) */
 295:.\Generated_Source\PSoC5/PWM.c **** }
 296:.\Generated_Source\PSoC5/PWM.c **** #endif /* PWM_CompareMode1SW */
 297:.\Generated_Source\PSoC5/PWM.c **** 
 298:.\Generated_Source\PSoC5/PWM.c **** #else /* UseOneCompareMode */
 299:.\Generated_Source\PSoC5/PWM.c **** 
 300:.\Generated_Source\PSoC5/PWM.c **** 
 301:.\Generated_Source\PSoC5/PWM.c **** #if (PWM_CompareMode1SW)
 302:.\Generated_Source\PSoC5/PWM.c **** 
 303:.\Generated_Source\PSoC5/PWM.c **** 
 304:.\Generated_Source\PSoC5/PWM.c **** /*******************************************************************************
 305:.\Generated_Source\PSoC5/PWM.c **** * Function Name: PWM_SetCompareMode1
 306:.\Generated_Source\PSoC5/PWM.c **** ********************************************************************************
 307:.\Generated_Source\PSoC5/PWM.c **** * 
 308:.\Generated_Source\PSoC5/PWM.c **** * Summary:
 309:.\Generated_Source\PSoC5/PWM.c **** *  This function writes the Compare Mode for the pwm or pwm1 output
 310:.\Generated_Source\PSoC5/PWM.c **** *
 311:.\Generated_Source\PSoC5/PWM.c **** * Parameters:  
 312:.\Generated_Source\PSoC5/PWM.c **** *  comparemode:  The new compare mode for the PWM output. Use the compare types
 313:.\Generated_Source\PSoC5/PWM.c **** *                defined in the H file as input arguments.
 314:.\Generated_Source\PSoC5/PWM.c **** *
 315:.\Generated_Source\PSoC5/PWM.c **** * Return: 
 316:.\Generated_Source\PSoC5/PWM.c **** *  void
 317:.\Generated_Source\PSoC5/PWM.c **** *
 318:.\Generated_Source\PSoC5/PWM.c **** *******************************************************************************/
 319:.\Generated_Source\PSoC5/PWM.c **** void PWM_SetCompareMode1(uint8 comparemode) 
 320:.\Generated_Source\PSoC5/PWM.c **** {
 321:.\Generated_Source\PSoC5/PWM.c ****     uint8 comparemodemasked = (comparemode << PWM_CTRL_CMPMODE1_SHIFT) & 
 322:.\Generated_Source\PSoC5/PWM.c ****                                PWM_CTRL_CMPMODE1_MASK;
 323:.\Generated_Source\PSoC5/PWM.c ****     #if(PWM_UsingFixedFunction)
 324:.\Generated_Source\PSoC5/PWM.c ****         #if(CY_PSOC5A)
 325:.\Generated_Source\PSoC5/PWM.c ****             PWM_CONTROL2 &= PWM_CTRL_CMPMODE1_MASK; /*Clear existing mode */
 326:.\Generated_Source\PSoC5/PWM.c ****             PWM_CONTROL2 |= comparemodemasked; 
ARM GAS  C:\Users\KEVIN-~1\AppData\Local\Temp\ccMhmRZ8.s 			page 11


 327:.\Generated_Source\PSoC5/PWM.c ****         #endif /* (CY_PSOC5A) */
 328:.\Generated_Source\PSoC5/PWM.c ****                 
 329:.\Generated_Source\PSoC5/PWM.c ****         #if(CY_PSOC3 || CY_PSOC5LP)
 330:.\Generated_Source\PSoC5/PWM.c ****             PWM_CONTROL3 &= PWM_CTRL_CMPMODE1_MASK; /*Clear existing mode */
 331:.\Generated_Source\PSoC5/PWM.c ****             PWM_CONTROL3 |= comparemodemasked; 
 332:.\Generated_Source\PSoC5/PWM.c ****         #endif /* (CY_PSOC3 || CY_PSOC5LP) */
 333:.\Generated_Source\PSoC5/PWM.c ****                 
 334:.\Generated_Source\PSoC5/PWM.c ****     #elif (PWM_UseControl)
 335:.\Generated_Source\PSoC5/PWM.c ****         PWM_CONTROL &= PWM_CTRL_CMPMODE1_MASK; /*Clear existing mode */
 336:.\Generated_Source\PSoC5/PWM.c ****         PWM_CONTROL |= comparemodemasked;
 337:.\Generated_Source\PSoC5/PWM.c ****     #endif    /* (PWM_UsingFixedFunction) */
 338:.\Generated_Source\PSoC5/PWM.c **** }
 339:.\Generated_Source\PSoC5/PWM.c **** #endif /* PWM_CompareMode1SW */
 340:.\Generated_Source\PSoC5/PWM.c **** 
 341:.\Generated_Source\PSoC5/PWM.c **** 
 342:.\Generated_Source\PSoC5/PWM.c **** #if (PWM_CompareMode2SW)
 343:.\Generated_Source\PSoC5/PWM.c **** 
 344:.\Generated_Source\PSoC5/PWM.c **** 
 345:.\Generated_Source\PSoC5/PWM.c **** /*******************************************************************************
 346:.\Generated_Source\PSoC5/PWM.c **** * Function Name: PWM_SetCompareMode2
 347:.\Generated_Source\PSoC5/PWM.c **** ********************************************************************************
 348:.\Generated_Source\PSoC5/PWM.c **** * 
 349:.\Generated_Source\PSoC5/PWM.c **** * Summary:
 350:.\Generated_Source\PSoC5/PWM.c **** *  This function writes the Compare Mode for the pwm or pwm2 output
 351:.\Generated_Source\PSoC5/PWM.c **** *
 352:.\Generated_Source\PSoC5/PWM.c **** * Parameters:  
 353:.\Generated_Source\PSoC5/PWM.c **** *  comparemode:  The new compare mode for the PWM output. Use the compare types
 354:.\Generated_Source\PSoC5/PWM.c **** *                defined in the H file as input arguments.
 355:.\Generated_Source\PSoC5/PWM.c **** *
 356:.\Generated_Source\PSoC5/PWM.c **** * Return: 
 357:.\Generated_Source\PSoC5/PWM.c **** *  void
 358:.\Generated_Source\PSoC5/PWM.c **** *
 359:.\Generated_Source\PSoC5/PWM.c **** *******************************************************************************/
 360:.\Generated_Source\PSoC5/PWM.c **** void PWM_SetCompareMode2(uint8 comparemode) 
 361:.\Generated_Source\PSoC5/PWM.c **** {
 362:.\Generated_Source\PSoC5/PWM.c ****     #if(PWM_UsingFixedFunction)
 363:.\Generated_Source\PSoC5/PWM.c ****         /* Do Nothing because there is no second Compare Mode Register in FF block */ 
 364:.\Generated_Source\PSoC5/PWM.c ****     #elif (PWM_UseControl)
 365:.\Generated_Source\PSoC5/PWM.c ****         uint8 comparemodemasked = (comparemode << PWM_CTRL_CMPMODE2_SHIFT) & 
 366:.\Generated_Source\PSoC5/PWM.c ****                                              PWM_CTRL_CMPMODE2_MASK;
 367:.\Generated_Source\PSoC5/PWM.c ****         PWM_CONTROL &= PWM_CTRL_CMPMODE2_MASK; /*Clear existing mode */
 368:.\Generated_Source\PSoC5/PWM.c ****         PWM_CONTROL |= comparemodemasked;
 369:.\Generated_Source\PSoC5/PWM.c ****     #endif /* (PWM_UsingFixedFunction) */
 370:.\Generated_Source\PSoC5/PWM.c **** }
 371:.\Generated_Source\PSoC5/PWM.c **** #endif /*PWM_CompareMode2SW */
 372:.\Generated_Source\PSoC5/PWM.c **** #endif /* UseOneCompareMode */
 373:.\Generated_Source\PSoC5/PWM.c **** 
 374:.\Generated_Source\PSoC5/PWM.c **** 
 375:.\Generated_Source\PSoC5/PWM.c **** #if (!PWM_UsingFixedFunction)
 376:.\Generated_Source\PSoC5/PWM.c **** 
 377:.\Generated_Source\PSoC5/PWM.c **** 
 378:.\Generated_Source\PSoC5/PWM.c **** /*******************************************************************************
 379:.\Generated_Source\PSoC5/PWM.c **** * Function Name: PWM_WriteCounter
 380:.\Generated_Source\PSoC5/PWM.c **** ********************************************************************************
 381:.\Generated_Source\PSoC5/PWM.c **** * 
 382:.\Generated_Source\PSoC5/PWM.c **** * Summary:
 383:.\Generated_Source\PSoC5/PWM.c **** *  This function is used to change the counter value.
ARM GAS  C:\Users\KEVIN-~1\AppData\Local\Temp\ccMhmRZ8.s 			page 12


 384:.\Generated_Source\PSoC5/PWM.c **** *
 385:.\Generated_Source\PSoC5/PWM.c **** * Parameters:  
 386:.\Generated_Source\PSoC5/PWM.c **** *  counter:  This value may be between 1 and (2^Resolution)-1.   
 387:.\Generated_Source\PSoC5/PWM.c **** *
 388:.\Generated_Source\PSoC5/PWM.c **** * Return: 
 389:.\Generated_Source\PSoC5/PWM.c **** *  void
 390:.\Generated_Source\PSoC5/PWM.c **** *
 391:.\Generated_Source\PSoC5/PWM.c **** *******************************************************************************/
 392:.\Generated_Source\PSoC5/PWM.c **** void PWM_WriteCounter(uint8 counter) \
 393:.\Generated_Source\PSoC5/PWM.c ****                                    
 394:.\Generated_Source\PSoC5/PWM.c **** {
 241              		.loc 1 394 0
 242              		.cfi_startproc
 243              		@ args = 0, pretend = 0, frame = 8
 244              		@ frame_needed = 1, uses_anonymous_args = 0
 245              		@ link register save eliminated.
 246 0000 80B4     		push	{r7}
 247              	.LCFI9:
 248              		.cfi_def_cfa_offset 4
 249 0002 83B0     		sub	sp, sp, #12
 250              	.LCFI10:
 251              		.cfi_def_cfa_offset 16
 252 0004 00AF     		add	r7, sp, #0
 253              		.cfi_offset 7, -4
 254              	.LCFI11:
 255              		.cfi_def_cfa_register 7
 256 0006 0346     		mov	r3, r0
 257 0008 FB71     		strb	r3, [r7, #7]
 395:.\Generated_Source\PSoC5/PWM.c ****     CY_SET_REG8(PWM_COUNTER_LSB_PTR, counter);
 258              		.loc 1 395 0
 259 000a 46F20B43 		movw	r3, #:lower16:1073767435
 260 000e C4F20003 		movt	r3, #:upper16:1073767435
 261 0012 FA79     		ldrb	r2, [r7, #7]
 262 0014 1A70     		strb	r2, [r3, #0]
 396:.\Generated_Source\PSoC5/PWM.c **** }
 263              		.loc 1 396 0
 264 0016 07F10C07 		add	r7, r7, #12
 265 001a BD46     		mov	sp, r7
 266 001c 80BC     		pop	{r7}
 267 001e 7047     		bx	lr
 268              		.cfi_endproc
 269              	.LFE4:
 270              		.size	PWM_WriteCounter, .-PWM_WriteCounter
 271              		.section	.text.PWM_ReadCounter,"ax",%progbits
 272              		.align	2
 273              		.global	PWM_ReadCounter
 274              		.thumb
 275              		.thumb_func
 276              		.type	PWM_ReadCounter, %function
 277              	PWM_ReadCounter:
 278              	.LFB5:
 397:.\Generated_Source\PSoC5/PWM.c **** 
 398:.\Generated_Source\PSoC5/PWM.c **** /*******************************************************************************
 399:.\Generated_Source\PSoC5/PWM.c **** * Function Name: PWM_ReadCounter
 400:.\Generated_Source\PSoC5/PWM.c **** ********************************************************************************
 401:.\Generated_Source\PSoC5/PWM.c **** * 
 402:.\Generated_Source\PSoC5/PWM.c **** * Summary:
ARM GAS  C:\Users\KEVIN-~1\AppData\Local\Temp\ccMhmRZ8.s 			page 13


 403:.\Generated_Source\PSoC5/PWM.c **** *  This function returns the current value of the counter.  It doesn't matter
 404:.\Generated_Source\PSoC5/PWM.c **** *  if the counter is enabled or running.
 405:.\Generated_Source\PSoC5/PWM.c **** *
 406:.\Generated_Source\PSoC5/PWM.c **** * Parameters:  
 407:.\Generated_Source\PSoC5/PWM.c **** *  void  
 408:.\Generated_Source\PSoC5/PWM.c **** *
 409:.\Generated_Source\PSoC5/PWM.c **** * Return: 
 410:.\Generated_Source\PSoC5/PWM.c **** *  The current value of the counter.
 411:.\Generated_Source\PSoC5/PWM.c **** *
 412:.\Generated_Source\PSoC5/PWM.c **** *******************************************************************************/
 413:.\Generated_Source\PSoC5/PWM.c **** uint8 PWM_ReadCounter(void) 
 414:.\Generated_Source\PSoC5/PWM.c **** {
 279              		.loc 1 414 0
 280              		.cfi_startproc
 281              		@ args = 0, pretend = 0, frame = 0
 282              		@ frame_needed = 1, uses_anonymous_args = 0
 283              		@ link register save eliminated.
 284 0000 80B4     		push	{r7}
 285              	.LCFI12:
 286              		.cfi_def_cfa_offset 4
 287 0002 00AF     		add	r7, sp, #0
 288              		.cfi_offset 7, -4
 289              	.LCFI13:
 290              		.cfi_def_cfa_register 7
 415:.\Generated_Source\PSoC5/PWM.c ****     /* Force capture by reading Accumulator */
 416:.\Generated_Source\PSoC5/PWM.c ****     /* Must first do a software capture to be able to read the counter */
 417:.\Generated_Source\PSoC5/PWM.c ****     /* It is up to the user code to make sure there isn't already captured data in the FIFO */
 418:.\Generated_Source\PSoC5/PWM.c ****     CY_GET_REG8(PWM_COUNTERCAP_LSB_PTR);
 291              		.loc 1 418 0
 292 0004 46F21B43 		movw	r3, #:lower16:1073767451
 293 0008 C4F20003 		movt	r3, #:upper16:1073767451
 294 000c 1B78     		ldrb	r3, [r3, #0]
 419:.\Generated_Source\PSoC5/PWM.c ****     
 420:.\Generated_Source\PSoC5/PWM.c ****     /* Read the data from the FIFO (or capture register for Fixed Function)*/
 421:.\Generated_Source\PSoC5/PWM.c ****     return (CY_GET_REG8(PWM_CAPTURE_LSB_PTR));
 295              		.loc 1 421 0
 296 000e 46F25B43 		movw	r3, #:lower16:1073767515
 297 0012 C4F20003 		movt	r3, #:upper16:1073767515
 298 0016 1B78     		ldrb	r3, [r3, #0]
 299 0018 DBB2     		uxtb	r3, r3
 422:.\Generated_Source\PSoC5/PWM.c **** }
 300              		.loc 1 422 0
 301 001a 1846     		mov	r0, r3
 302 001c BD46     		mov	sp, r7
 303 001e 80BC     		pop	{r7}
 304 0020 7047     		bx	lr
 305              		.cfi_endproc
 306              	.LFE5:
 307              		.size	PWM_ReadCounter, .-PWM_ReadCounter
 308 0022 00BF     		.section	.text.PWM_ClearFIFO,"ax",%progbits
 309              		.align	2
 310              		.global	PWM_ClearFIFO
 311              		.thumb
 312              		.thumb_func
 313              		.type	PWM_ClearFIFO, %function
 314              	PWM_ClearFIFO:
 315              	.LFB6:
ARM GAS  C:\Users\KEVIN-~1\AppData\Local\Temp\ccMhmRZ8.s 			page 14


 423:.\Generated_Source\PSoC5/PWM.c **** 
 424:.\Generated_Source\PSoC5/PWM.c **** 
 425:.\Generated_Source\PSoC5/PWM.c **** #if (PWM_UseStatus)
 426:.\Generated_Source\PSoC5/PWM.c **** 
 427:.\Generated_Source\PSoC5/PWM.c **** 
 428:.\Generated_Source\PSoC5/PWM.c **** /*******************************************************************************
 429:.\Generated_Source\PSoC5/PWM.c **** * Function Name: PWM_ClearFIFO
 430:.\Generated_Source\PSoC5/PWM.c **** ********************************************************************************
 431:.\Generated_Source\PSoC5/PWM.c **** * 
 432:.\Generated_Source\PSoC5/PWM.c **** * Summary:
 433:.\Generated_Source\PSoC5/PWM.c **** *  This function clears all capture data from the capture FIFO
 434:.\Generated_Source\PSoC5/PWM.c **** *
 435:.\Generated_Source\PSoC5/PWM.c **** * Parameters:  
 436:.\Generated_Source\PSoC5/PWM.c **** *  void
 437:.\Generated_Source\PSoC5/PWM.c **** *
 438:.\Generated_Source\PSoC5/PWM.c **** * Return: 
 439:.\Generated_Source\PSoC5/PWM.c **** *  void
 440:.\Generated_Source\PSoC5/PWM.c **** *
 441:.\Generated_Source\PSoC5/PWM.c **** *******************************************************************************/
 442:.\Generated_Source\PSoC5/PWM.c **** void PWM_ClearFIFO(void) 
 443:.\Generated_Source\PSoC5/PWM.c **** {
 316              		.loc 1 443 0
 317              		.cfi_startproc
 318              		@ args = 0, pretend = 0, frame = 0
 319              		@ frame_needed = 1, uses_anonymous_args = 0
 320              		@ link register save eliminated.
 321 0000 80B4     		push	{r7}
 322              	.LCFI14:
 323              		.cfi_def_cfa_offset 4
 324 0002 00AF     		add	r7, sp, #0
 325              		.cfi_offset 7, -4
 326              	.LCFI15:
 327              		.cfi_def_cfa_register 7
 444:.\Generated_Source\PSoC5/PWM.c ****     while(PWM_ReadStatusRegister() & PWM_STATUS_FIFONEMPTY)
 328              		.loc 1 444 0
 329 0004 04E0     		b	.L15
 330              	.L16:
 445:.\Generated_Source\PSoC5/PWM.c ****         PWM_ReadCapture();
 331              		.loc 1 445 0
 332 0006 46F25B43 		movw	r3, #:lower16:1073767515
 333 000a C4F20003 		movt	r3, #:upper16:1073767515
 334 000e 1B78     		ldrb	r3, [r3, #0]
 335              	.L15:
 336              		.loc 1 444 0
 337 0010 46F26B43 		movw	r3, #:lower16:1073767531
 338 0014 C4F20003 		movt	r3, #:upper16:1073767531
 339 0018 1B78     		ldrb	r3, [r3, #0]
 340 001a DBB2     		uxtb	r3, r3
 341 001c 03F01003 		and	r3, r3, #16
 342 0020 002B     		cmp	r3, #0
 343 0022 F0D1     		bne	.L16
 446:.\Generated_Source\PSoC5/PWM.c **** }
 344              		.loc 1 446 0
 345 0024 BD46     		mov	sp, r7
 346 0026 80BC     		pop	{r7}
 347 0028 7047     		bx	lr
 348              		.cfi_endproc
ARM GAS  C:\Users\KEVIN-~1\AppData\Local\Temp\ccMhmRZ8.s 			page 15


 349              	.LFE6:
 350              		.size	PWM_ClearFIFO, .-PWM_ClearFIFO
 351 002a 00BF     		.section	.text.PWM_WritePeriod,"ax",%progbits
 352              		.align	2
 353              		.global	PWM_WritePeriod
 354              		.thumb
 355              		.thumb_func
 356              		.type	PWM_WritePeriod, %function
 357              	PWM_WritePeriod:
 358              	.LFB7:
 447:.\Generated_Source\PSoC5/PWM.c **** #endif /* PWM_UseStatus */
 448:.\Generated_Source\PSoC5/PWM.c **** #endif /* !PWM_UsingFixedFunction */
 449:.\Generated_Source\PSoC5/PWM.c **** 
 450:.\Generated_Source\PSoC5/PWM.c **** 
 451:.\Generated_Source\PSoC5/PWM.c **** /*******************************************************************************
 452:.\Generated_Source\PSoC5/PWM.c **** * Function Name: PWM_WritePeriod
 453:.\Generated_Source\PSoC5/PWM.c **** ********************************************************************************
 454:.\Generated_Source\PSoC5/PWM.c **** * 
 455:.\Generated_Source\PSoC5/PWM.c **** * Summary:
 456:.\Generated_Source\PSoC5/PWM.c **** *  This function is used to change the period of the counter.  The new period 
 457:.\Generated_Source\PSoC5/PWM.c **** *  will be loaded the next time terminal count is detected.
 458:.\Generated_Source\PSoC5/PWM.c **** *
 459:.\Generated_Source\PSoC5/PWM.c **** * Parameters:  
 460:.\Generated_Source\PSoC5/PWM.c **** *  period:  Period value. May be between 1 and (2^Resolution)-1.  A value of 0 
 461:.\Generated_Source\PSoC5/PWM.c **** *           will result in the counter remaining at zero.
 462:.\Generated_Source\PSoC5/PWM.c **** *
 463:.\Generated_Source\PSoC5/PWM.c **** * Return: 
 464:.\Generated_Source\PSoC5/PWM.c **** *  void
 465:.\Generated_Source\PSoC5/PWM.c **** *
 466:.\Generated_Source\PSoC5/PWM.c **** *******************************************************************************/
 467:.\Generated_Source\PSoC5/PWM.c **** void PWM_WritePeriod(uint8 period) 
 468:.\Generated_Source\PSoC5/PWM.c **** {
 359              		.loc 1 468 0
 360              		.cfi_startproc
 361              		@ args = 0, pretend = 0, frame = 8
 362              		@ frame_needed = 1, uses_anonymous_args = 0
 363              		@ link register save eliminated.
 364 0000 80B4     		push	{r7}
 365              	.LCFI16:
 366              		.cfi_def_cfa_offset 4
 367 0002 83B0     		sub	sp, sp, #12
 368              	.LCFI17:
 369              		.cfi_def_cfa_offset 16
 370 0004 00AF     		add	r7, sp, #0
 371              		.cfi_offset 7, -4
 372              	.LCFI18:
 373              		.cfi_def_cfa_register 7
 374 0006 0346     		mov	r3, r0
 375 0008 FB71     		strb	r3, [r7, #7]
 469:.\Generated_Source\PSoC5/PWM.c ****     #if(PWM_UsingFixedFunction)
 470:.\Generated_Source\PSoC5/PWM.c ****         CY_SET_REG16(PWM_PERIOD_LSB_PTR, (uint16)period);
 471:.\Generated_Source\PSoC5/PWM.c ****     #else
 472:.\Generated_Source\PSoC5/PWM.c ****         CY_SET_REG8(PWM_PERIOD_LSB_PTR, period);
 376              		.loc 1 472 0
 377 000a 46F24B43 		movw	r3, #:lower16:1073767499
 378 000e C4F20003 		movt	r3, #:upper16:1073767499
 379 0012 FA79     		ldrb	r2, [r7, #7]
ARM GAS  C:\Users\KEVIN-~1\AppData\Local\Temp\ccMhmRZ8.s 			page 16


 380 0014 1A70     		strb	r2, [r3, #0]
 473:.\Generated_Source\PSoC5/PWM.c ****     #endif /* (PWM_UsingFixedFunction) */
 474:.\Generated_Source\PSoC5/PWM.c **** }
 381              		.loc 1 474 0
 382 0016 07F10C07 		add	r7, r7, #12
 383 001a BD46     		mov	sp, r7
 384 001c 80BC     		pop	{r7}
 385 001e 7047     		bx	lr
 386              		.cfi_endproc
 387              	.LFE7:
 388              		.size	PWM_WritePeriod, .-PWM_WritePeriod
 389              		.section	.text.PWM_WriteCompare,"ax",%progbits
 390              		.align	2
 391              		.global	PWM_WriteCompare
 392              		.thumb
 393              		.thumb_func
 394              		.type	PWM_WriteCompare, %function
 395              	PWM_WriteCompare:
 396              	.LFB8:
 475:.\Generated_Source\PSoC5/PWM.c **** 
 476:.\Generated_Source\PSoC5/PWM.c **** 
 477:.\Generated_Source\PSoC5/PWM.c **** #if (PWM_UseOneCompareMode)
 478:.\Generated_Source\PSoC5/PWM.c **** 
 479:.\Generated_Source\PSoC5/PWM.c **** 
 480:.\Generated_Source\PSoC5/PWM.c **** /*******************************************************************************
 481:.\Generated_Source\PSoC5/PWM.c **** * Function Name: PWM_WriteCompare
 482:.\Generated_Source\PSoC5/PWM.c **** ********************************************************************************
 483:.\Generated_Source\PSoC5/PWM.c **** * 
 484:.\Generated_Source\PSoC5/PWM.c **** * Summary:
 485:.\Generated_Source\PSoC5/PWM.c **** *  This funtion is used to change the compare1 value when the PWM is in Dither
 486:.\Generated_Source\PSoC5/PWM.c **** *  mode. The compare output will reflect the new value on the next UDB clock. 
 487:.\Generated_Source\PSoC5/PWM.c **** *  The compare output will be driven high when the present counter value is 
 488:.\Generated_Source\PSoC5/PWM.c **** *  compared to the compare value based on the compare mode defined in 
 489:.\Generated_Source\PSoC5/PWM.c **** *  Dither Mode.
 490:.\Generated_Source\PSoC5/PWM.c **** *
 491:.\Generated_Source\PSoC5/PWM.c **** * Parameters:  
 492:.\Generated_Source\PSoC5/PWM.c **** *  compare:  New compare value.  
 493:.\Generated_Source\PSoC5/PWM.c **** *
 494:.\Generated_Source\PSoC5/PWM.c **** * Return: 
 495:.\Generated_Source\PSoC5/PWM.c **** *  void
 496:.\Generated_Source\PSoC5/PWM.c **** *
 497:.\Generated_Source\PSoC5/PWM.c **** * Side Effects:
 498:.\Generated_Source\PSoC5/PWM.c **** *  This function is only available if the PWM mode parameter is set to
 499:.\Generated_Source\PSoC5/PWM.c **** *  Dither Mode, Center Aligned Mode or One Output Mode
 500:.\Generated_Source\PSoC5/PWM.c **** *
 501:.\Generated_Source\PSoC5/PWM.c **** *******************************************************************************/
 502:.\Generated_Source\PSoC5/PWM.c **** void PWM_WriteCompare(uint8 compare) \
 503:.\Generated_Source\PSoC5/PWM.c ****                                    
 504:.\Generated_Source\PSoC5/PWM.c **** {
 397              		.loc 1 504 0
 398              		.cfi_startproc
 399              		@ args = 0, pretend = 0, frame = 8
 400              		@ frame_needed = 1, uses_anonymous_args = 0
 401              		@ link register save eliminated.
 402 0000 80B4     		push	{r7}
 403              	.LCFI19:
 404              		.cfi_def_cfa_offset 4
ARM GAS  C:\Users\KEVIN-~1\AppData\Local\Temp\ccMhmRZ8.s 			page 17


 405 0002 83B0     		sub	sp, sp, #12
 406              	.LCFI20:
 407              		.cfi_def_cfa_offset 16
 408 0004 00AF     		add	r7, sp, #0
 409              		.cfi_offset 7, -4
 410              	.LCFI21:
 411              		.cfi_def_cfa_register 7
 412 0006 0346     		mov	r3, r0
 413 0008 FB71     		strb	r3, [r7, #7]
 505:.\Generated_Source\PSoC5/PWM.c ****    CY_SET_REG8(PWM_COMPARE1_LSB_PTR, compare);
 414              		.loc 1 505 0
 415 000a 46F22B43 		movw	r3, #:lower16:1073767467
 416 000e C4F20003 		movt	r3, #:upper16:1073767467
 417 0012 FA79     		ldrb	r2, [r7, #7]
 418 0014 1A70     		strb	r2, [r3, #0]
 506:.\Generated_Source\PSoC5/PWM.c ****    #if (PWM_PWMMode == PWM__B_PWM__DITHER)
 507:.\Generated_Source\PSoC5/PWM.c ****         CY_SET_REG8(PWM_COMPARE2_LSB_PTR, compare+1);
 508:.\Generated_Source\PSoC5/PWM.c ****    #endif /* (PWM_PWMMode == PWM__B_PWM__DITHER) */
 509:.\Generated_Source\PSoC5/PWM.c **** }
 419              		.loc 1 509 0
 420 0016 07F10C07 		add	r7, r7, #12
 421 001a BD46     		mov	sp, r7
 422 001c 80BC     		pop	{r7}
 423 001e 7047     		bx	lr
 424              		.cfi_endproc
 425              	.LFE8:
 426              		.size	PWM_WriteCompare, .-PWM_WriteCompare
 427              		.text
 428              	.Letext0:
 429              		.section	.debug_loc,"",%progbits
 430              	.Ldebug_loc0:
 431              	.LLST0:
 432 0000 00000000 		.4byte	.LFB0
 433 0004 02000000 		.4byte	.LCFI0
 434 0008 0100     		.2byte	0x1
 435 000a 5D       		.byte	0x5d
 436 000b 02000000 		.4byte	.LCFI0
 437 000f 04000000 		.4byte	.LCFI1
 438 0013 0200     		.2byte	0x2
 439 0015 7D       		.byte	0x7d
 440 0016 08       		.sleb128 8
 441 0017 04000000 		.4byte	.LCFI1
 442 001b 2A000000 		.4byte	.LFE0
 443 001f 0200     		.2byte	0x2
 444 0021 77       		.byte	0x77
 445 0022 08       		.sleb128 8
 446 0023 00000000 		.4byte	0x0
 447 0027 00000000 		.4byte	0x0
 448              	.LLST1:
 449 002b 00000000 		.4byte	.LFB1
 450 002f 02000000 		.4byte	.LCFI2
 451 0033 0100     		.2byte	0x1
 452 0035 5D       		.byte	0x5d
 453 0036 02000000 		.4byte	.LCFI2
 454 003a 04000000 		.4byte	.LCFI3
 455 003e 0200     		.2byte	0x2
 456 0040 7D       		.byte	0x7d
ARM GAS  C:\Users\KEVIN-~1\AppData\Local\Temp\ccMhmRZ8.s 			page 18


 457 0041 08       		.sleb128 8
 458 0042 04000000 		.4byte	.LCFI3
 459 0046 06000000 		.4byte	.LCFI4
 460 004a 0200     		.2byte	0x2
 461 004c 7D       		.byte	0x7d
 462 004d 10       		.sleb128 16
 463 004e 06000000 		.4byte	.LCFI4
 464 0052 A4000000 		.4byte	.LFE1
 465 0056 0200     		.2byte	0x2
 466 0058 77       		.byte	0x77
 467 0059 10       		.sleb128 16
 468 005a 00000000 		.4byte	0x0
 469 005e 00000000 		.4byte	0x0
 470              	.LLST2:
 471 0062 00000000 		.4byte	.LFB2
 472 0066 02000000 		.4byte	.LCFI5
 473 006a 0100     		.2byte	0x1
 474 006c 5D       		.byte	0x5d
 475 006d 02000000 		.4byte	.LCFI5
 476 0071 04000000 		.4byte	.LCFI6
 477 0075 0200     		.2byte	0x2
 478 0077 7D       		.byte	0x7d
 479 0078 04       		.sleb128 4
 480 0079 04000000 		.4byte	.LCFI6
 481 007d 2A000000 		.4byte	.LFE2
 482 0081 0200     		.2byte	0x2
 483 0083 77       		.byte	0x77
 484 0084 04       		.sleb128 4
 485 0085 00000000 		.4byte	0x0
 486 0089 00000000 		.4byte	0x0
 487              	.LLST3:
 488 008d 00000000 		.4byte	.LFB3
 489 0091 02000000 		.4byte	.LCFI7
 490 0095 0100     		.2byte	0x1
 491 0097 5D       		.byte	0x5d
 492 0098 02000000 		.4byte	.LCFI7
 493 009c 04000000 		.4byte	.LCFI8
 494 00a0 0200     		.2byte	0x2
 495 00a2 7D       		.byte	0x7d
 496 00a3 04       		.sleb128 4
 497 00a4 04000000 		.4byte	.LCFI8
 498 00a8 24000000 		.4byte	.LFE3
 499 00ac 0200     		.2byte	0x2
 500 00ae 77       		.byte	0x77
 501 00af 04       		.sleb128 4
 502 00b0 00000000 		.4byte	0x0
 503 00b4 00000000 		.4byte	0x0
 504              	.LLST4:
 505 00b8 00000000 		.4byte	.LFB4
 506 00bc 02000000 		.4byte	.LCFI9
 507 00c0 0100     		.2byte	0x1
 508 00c2 5D       		.byte	0x5d
 509 00c3 02000000 		.4byte	.LCFI9
 510 00c7 04000000 		.4byte	.LCFI10
 511 00cb 0200     		.2byte	0x2
 512 00cd 7D       		.byte	0x7d
 513 00ce 04       		.sleb128 4
ARM GAS  C:\Users\KEVIN-~1\AppData\Local\Temp\ccMhmRZ8.s 			page 19


 514 00cf 04000000 		.4byte	.LCFI10
 515 00d3 06000000 		.4byte	.LCFI11
 516 00d7 0200     		.2byte	0x2
 517 00d9 7D       		.byte	0x7d
 518 00da 10       		.sleb128 16
 519 00db 06000000 		.4byte	.LCFI11
 520 00df 20000000 		.4byte	.LFE4
 521 00e3 0200     		.2byte	0x2
 522 00e5 77       		.byte	0x77
 523 00e6 10       		.sleb128 16
 524 00e7 00000000 		.4byte	0x0
 525 00eb 00000000 		.4byte	0x0
 526              	.LLST5:
 527 00ef 00000000 		.4byte	.LFB5
 528 00f3 02000000 		.4byte	.LCFI12
 529 00f7 0100     		.2byte	0x1
 530 00f9 5D       		.byte	0x5d
 531 00fa 02000000 		.4byte	.LCFI12
 532 00fe 04000000 		.4byte	.LCFI13
 533 0102 0200     		.2byte	0x2
 534 0104 7D       		.byte	0x7d
 535 0105 04       		.sleb128 4
 536 0106 04000000 		.4byte	.LCFI13
 537 010a 22000000 		.4byte	.LFE5
 538 010e 0200     		.2byte	0x2
 539 0110 77       		.byte	0x77
 540 0111 04       		.sleb128 4
 541 0112 00000000 		.4byte	0x0
 542 0116 00000000 		.4byte	0x0
 543              	.LLST6:
 544 011a 00000000 		.4byte	.LFB6
 545 011e 02000000 		.4byte	.LCFI14
 546 0122 0100     		.2byte	0x1
 547 0124 5D       		.byte	0x5d
 548 0125 02000000 		.4byte	.LCFI14
 549 0129 04000000 		.4byte	.LCFI15
 550 012d 0200     		.2byte	0x2
 551 012f 7D       		.byte	0x7d
 552 0130 04       		.sleb128 4
 553 0131 04000000 		.4byte	.LCFI15
 554 0135 2A000000 		.4byte	.LFE6
 555 0139 0200     		.2byte	0x2
 556 013b 77       		.byte	0x77
 557 013c 04       		.sleb128 4
 558 013d 00000000 		.4byte	0x0
 559 0141 00000000 		.4byte	0x0
 560              	.LLST7:
 561 0145 00000000 		.4byte	.LFB7
 562 0149 02000000 		.4byte	.LCFI16
 563 014d 0100     		.2byte	0x1
 564 014f 5D       		.byte	0x5d
 565 0150 02000000 		.4byte	.LCFI16
 566 0154 04000000 		.4byte	.LCFI17
 567 0158 0200     		.2byte	0x2
 568 015a 7D       		.byte	0x7d
 569 015b 04       		.sleb128 4
 570 015c 04000000 		.4byte	.LCFI17
ARM GAS  C:\Users\KEVIN-~1\AppData\Local\Temp\ccMhmRZ8.s 			page 20


 571 0160 06000000 		.4byte	.LCFI18
 572 0164 0200     		.2byte	0x2
 573 0166 7D       		.byte	0x7d
 574 0167 10       		.sleb128 16
 575 0168 06000000 		.4byte	.LCFI18
 576 016c 20000000 		.4byte	.LFE7
 577 0170 0200     		.2byte	0x2
 578 0172 77       		.byte	0x77
 579 0173 10       		.sleb128 16
 580 0174 00000000 		.4byte	0x0
 581 0178 00000000 		.4byte	0x0
 582              	.LLST8:
 583 017c 00000000 		.4byte	.LFB8
 584 0180 02000000 		.4byte	.LCFI19
 585 0184 0100     		.2byte	0x1
 586 0186 5D       		.byte	0x5d
 587 0187 02000000 		.4byte	.LCFI19
 588 018b 04000000 		.4byte	.LCFI20
 589 018f 0200     		.2byte	0x2
 590 0191 7D       		.byte	0x7d
 591 0192 04       		.sleb128 4
 592 0193 04000000 		.4byte	.LCFI20
 593 0197 06000000 		.4byte	.LCFI21
 594 019b 0200     		.2byte	0x2
 595 019d 7D       		.byte	0x7d
 596 019e 10       		.sleb128 16
 597 019f 06000000 		.4byte	.LCFI21
 598 01a3 20000000 		.4byte	.LFE8
 599 01a7 0200     		.2byte	0x2
 600 01a9 77       		.byte	0x77
 601 01aa 10       		.sleb128 16
 602 01ab 00000000 		.4byte	0x0
 603 01af 00000000 		.4byte	0x0
 604              		.file 2 ".\\Generated_Source\\PSoC5\\/cytypes.h"
 605              		.section	.debug_info
 606 0000 B6010000 		.4byte	0x1b6
 607 0004 0200     		.2byte	0x2
 608 0006 00000000 		.4byte	.Ldebug_abbrev0
 609 000a 04       		.byte	0x4
 610 000b 01       		.uleb128 0x1
 611 000c B4000000 		.4byte	.LASF23
 612 0010 01       		.byte	0x1
 613 0011 87000000 		.4byte	.LASF24
 614 0015 F5000000 		.4byte	.LASF25
 615 0019 00000000 		.4byte	0x0
 616 001d 00000000 		.4byte	0x0
 617 0021 00000000 		.4byte	.Ldebug_ranges0+0x0
 618 0025 00000000 		.4byte	.Ldebug_line0
 619 0029 02       		.uleb128 0x2
 620 002a 01       		.byte	0x1
 621 002b 06       		.byte	0x6
 622 002c 85010000 		.4byte	.LASF0
 623 0030 02       		.uleb128 0x2
 624 0031 01       		.byte	0x1
 625 0032 08       		.byte	0x8
 626 0033 C0000000 		.4byte	.LASF1
 627 0037 02       		.uleb128 0x2
ARM GAS  C:\Users\KEVIN-~1\AppData\Local\Temp\ccMhmRZ8.s 			page 21


 628 0038 02       		.byte	0x2
 629 0039 05       		.byte	0x5
 630 003a 9B010000 		.4byte	.LASF2
 631 003e 02       		.uleb128 0x2
 632 003f 02       		.byte	0x2
 633 0040 07       		.byte	0x7
 634 0041 72010000 		.4byte	.LASF3
 635 0045 02       		.uleb128 0x2
 636 0046 04       		.byte	0x4
 637 0047 05       		.byte	0x5
 638 0048 D3000000 		.4byte	.LASF4
 639 004c 02       		.uleb128 0x2
 640 004d 04       		.byte	0x4
 641 004e 07       		.byte	0x7
 642 004f 5E000000 		.4byte	.LASF5
 643 0053 02       		.uleb128 0x2
 644 0054 08       		.byte	0x8
 645 0055 05       		.byte	0x5
 646 0056 00000000 		.4byte	.LASF6
 647 005a 02       		.uleb128 0x2
 648 005b 08       		.byte	0x8
 649 005c 07       		.byte	0x7
 650 005d 70000000 		.4byte	.LASF7
 651 0061 03       		.uleb128 0x3
 652 0062 04       		.byte	0x4
 653 0063 05       		.byte	0x5
 654 0064 696E7400 		.ascii	"int\000"
 655 0068 02       		.uleb128 0x2
 656 0069 04       		.byte	0x4
 657 006a 07       		.byte	0x7
 658 006b 21000000 		.4byte	.LASF8
 659 006f 02       		.uleb128 0x2
 660 0070 01       		.byte	0x1
 661 0071 08       		.byte	0x8
 662 0072 CE000000 		.4byte	.LASF9
 663 0076 04       		.uleb128 0x4
 664 0077 58000000 		.4byte	.LASF26
 665 007b 02       		.byte	0x2
 666 007c 60       		.byte	0x60
 667 007d 30000000 		.4byte	0x30
 668 0081 05       		.uleb128 0x5
 669 0082 04       		.byte	0x4
 670 0083 07       		.byte	0x7
 671 0084 06       		.uleb128 0x6
 672 0085 01       		.byte	0x1
 673 0086 91010000 		.4byte	.LASF12
 674 008a 01       		.byte	0x1
 675 008b 32       		.byte	0x32
 676 008c 01       		.byte	0x1
 677 008d 00000000 		.4byte	.LFB0
 678 0091 2A000000 		.4byte	.LFE0
 679 0095 00000000 		.4byte	.LLST0
 680 0099 07       		.uleb128 0x7
 681 009a 01       		.byte	0x1
 682 009b 39000000 		.4byte	.LASF15
 683 009f 01       		.byte	0x1
 684 00a0 4F       		.byte	0x4f
ARM GAS  C:\Users\KEVIN-~1\AppData\Local\Temp\ccMhmRZ8.s 			page 22


 685 00a1 01       		.byte	0x1
 686 00a2 00000000 		.4byte	.LFB1
 687 00a6 A4000000 		.4byte	.LFE1
 688 00aa 2B000000 		.4byte	.LLST1
 689 00ae CF000000 		.4byte	0xcf
 690 00b2 08       		.uleb128 0x8
 691 00b3 42000000 		.4byte	.LASF10
 692 00b7 01       		.byte	0x1
 693 00b8 52       		.byte	0x52
 694 00b9 76000000 		.4byte	0x76
 695 00bd 02       		.byte	0x2
 696 00be 91       		.byte	0x91
 697 00bf 76       		.sleb128 -10
 698 00c0 08       		.uleb128 0x8
 699 00c1 0E000000 		.4byte	.LASF11
 700 00c5 01       		.byte	0x1
 701 00c6 58       		.byte	0x58
 702 00c7 76000000 		.4byte	0x76
 703 00cb 02       		.byte	0x2
 704 00cc 91       		.byte	0x91
 705 00cd 77       		.sleb128 -9
 706 00ce 00       		.byte	0x0
 707 00cf 06       		.uleb128 0x6
 708 00d0 01       		.byte	0x1
 709 00d1 2E000000 		.4byte	.LASF13
 710 00d5 01       		.byte	0x1
 711 00d6 C8       		.byte	0xc8
 712 00d7 01       		.byte	0x1
 713 00d8 00000000 		.4byte	.LFB2
 714 00dc 2A000000 		.4byte	.LFE2
 715 00e0 62000000 		.4byte	.LLST2
 716 00e4 06       		.uleb128 0x6
 717 00e5 01       		.byte	0x1
 718 00e6 EC000000 		.4byte	.LASF14
 719 00ea 01       		.byte	0x1
 720 00eb EA       		.byte	0xea
 721 00ec 01       		.byte	0x1
 722 00ed 00000000 		.4byte	.LFB3
 723 00f1 24000000 		.4byte	.LFE3
 724 00f5 8D000000 		.4byte	.LLST3
 725 00f9 09       		.uleb128 0x9
 726 00fa 01       		.byte	0x1
 727 00fb C8010000 		.4byte	.LASF16
 728 00ff 01       		.byte	0x1
 729 0100 8801     		.2byte	0x188
 730 0102 01       		.byte	0x1
 731 0103 00000000 		.4byte	.LFB4
 732 0107 20000000 		.4byte	.LFE4
 733 010b B8000000 		.4byte	.LLST4
 734 010f 23010000 		.4byte	0x123
 735 0113 0A       		.uleb128 0xa
 736 0114 6A010000 		.4byte	.LASF19
 737 0118 01       		.byte	0x1
 738 0119 8801     		.2byte	0x188
 739 011b 76000000 		.4byte	0x76
 740 011f 02       		.byte	0x2
 741 0120 91       		.byte	0x91
ARM GAS  C:\Users\KEVIN-~1\AppData\Local\Temp\ccMhmRZ8.s 			page 23


 742 0121 77       		.sleb128 -9
 743 0122 00       		.byte	0x0
 744 0123 0B       		.uleb128 0xb
 745 0124 01       		.byte	0x1
 746 0125 B1010000 		.4byte	.LASF27
 747 0129 01       		.byte	0x1
 748 012a 9D01     		.2byte	0x19d
 749 012c 01       		.byte	0x1
 750 012d 76000000 		.4byte	0x76
 751 0131 00000000 		.4byte	.LFB5
 752 0135 22000000 		.4byte	.LFE5
 753 0139 EF000000 		.4byte	.LLST5
 754 013d 0C       		.uleb128 0xc
 755 013e 01       		.byte	0x1
 756 013f A6000000 		.4byte	.LASF17
 757 0143 01       		.byte	0x1
 758 0144 BA01     		.2byte	0x1ba
 759 0146 01       		.byte	0x1
 760 0147 00000000 		.4byte	.LFB6
 761 014b 2A000000 		.4byte	.LFE6
 762 014f 1A010000 		.4byte	.LLST6
 763 0153 09       		.uleb128 0x9
 764 0154 01       		.byte	0x1
 765 0155 DC000000 		.4byte	.LASF18
 766 0159 01       		.byte	0x1
 767 015a D301     		.2byte	0x1d3
 768 015c 01       		.byte	0x1
 769 015d 00000000 		.4byte	.LFB7
 770 0161 20000000 		.4byte	.LFE7
 771 0165 45010000 		.4byte	.LLST7
 772 0169 7D010000 		.4byte	0x17d
 773 016d 0A       		.uleb128 0xa
 774 016e C1010000 		.4byte	.LASF20
 775 0172 01       		.byte	0x1
 776 0173 D301     		.2byte	0x1d3
 777 0175 76000000 		.4byte	0x76
 778 0179 02       		.byte	0x2
 779 017a 91       		.byte	0x91
 780 017b 77       		.sleb128 -9
 781 017c 00       		.byte	0x0
 782 017d 09       		.uleb128 0x9
 783 017e 01       		.byte	0x1
 784 017f 47000000 		.4byte	.LASF21
 785 0183 01       		.byte	0x1
 786 0184 F601     		.2byte	0x1f6
 787 0186 01       		.byte	0x1
 788 0187 00000000 		.4byte	.LFB8
 789 018b 20000000 		.4byte	.LFE8
 790 018f 7C010000 		.4byte	.LLST8
 791 0193 A7010000 		.4byte	0x1a7
 792 0197 0A       		.uleb128 0xa
 793 0198 62010000 		.4byte	.LASF22
 794 019c 01       		.byte	0x1
 795 019d F601     		.2byte	0x1f6
 796 019f 76000000 		.4byte	0x76
 797 01a3 02       		.byte	0x2
 798 01a4 91       		.byte	0x91
ARM GAS  C:\Users\KEVIN-~1\AppData\Local\Temp\ccMhmRZ8.s 			page 24


 799 01a5 77       		.sleb128 -9
 800 01a6 00       		.byte	0x0
 801 01a7 0D       		.uleb128 0xd
 802 01a8 A5010000 		.4byte	.LASF28
 803 01ac 01       		.byte	0x1
 804 01ad 1B       		.byte	0x1b
 805 01ae 76000000 		.4byte	0x76
 806 01b2 01       		.byte	0x1
 807 01b3 05       		.byte	0x5
 808 01b4 03       		.byte	0x3
 809 01b5 00000000 		.4byte	PWM_initVar
 810 01b9 00       		.byte	0x0
 811              		.section	.debug_abbrev
 812 0000 01       		.uleb128 0x1
 813 0001 11       		.uleb128 0x11
 814 0002 01       		.byte	0x1
 815 0003 25       		.uleb128 0x25
 816 0004 0E       		.uleb128 0xe
 817 0005 13       		.uleb128 0x13
 818 0006 0B       		.uleb128 0xb
 819 0007 03       		.uleb128 0x3
 820 0008 0E       		.uleb128 0xe
 821 0009 1B       		.uleb128 0x1b
 822 000a 0E       		.uleb128 0xe
 823 000b 11       		.uleb128 0x11
 824 000c 01       		.uleb128 0x1
 825 000d 52       		.uleb128 0x52
 826 000e 01       		.uleb128 0x1
 827 000f 55       		.uleb128 0x55
 828 0010 06       		.uleb128 0x6
 829 0011 10       		.uleb128 0x10
 830 0012 06       		.uleb128 0x6
 831 0013 00       		.byte	0x0
 832 0014 00       		.byte	0x0
 833 0015 02       		.uleb128 0x2
 834 0016 24       		.uleb128 0x24
 835 0017 00       		.byte	0x0
 836 0018 0B       		.uleb128 0xb
 837 0019 0B       		.uleb128 0xb
 838 001a 3E       		.uleb128 0x3e
 839 001b 0B       		.uleb128 0xb
 840 001c 03       		.uleb128 0x3
 841 001d 0E       		.uleb128 0xe
 842 001e 00       		.byte	0x0
 843 001f 00       		.byte	0x0
 844 0020 03       		.uleb128 0x3
 845 0021 24       		.uleb128 0x24
 846 0022 00       		.byte	0x0
 847 0023 0B       		.uleb128 0xb
 848 0024 0B       		.uleb128 0xb
 849 0025 3E       		.uleb128 0x3e
 850 0026 0B       		.uleb128 0xb
 851 0027 03       		.uleb128 0x3
 852 0028 08       		.uleb128 0x8
 853 0029 00       		.byte	0x0
 854 002a 00       		.byte	0x0
 855 002b 04       		.uleb128 0x4
ARM GAS  C:\Users\KEVIN-~1\AppData\Local\Temp\ccMhmRZ8.s 			page 25


 856 002c 16       		.uleb128 0x16
 857 002d 00       		.byte	0x0
 858 002e 03       		.uleb128 0x3
 859 002f 0E       		.uleb128 0xe
 860 0030 3A       		.uleb128 0x3a
 861 0031 0B       		.uleb128 0xb
 862 0032 3B       		.uleb128 0x3b
 863 0033 0B       		.uleb128 0xb
 864 0034 49       		.uleb128 0x49
 865 0035 13       		.uleb128 0x13
 866 0036 00       		.byte	0x0
 867 0037 00       		.byte	0x0
 868 0038 05       		.uleb128 0x5
 869 0039 24       		.uleb128 0x24
 870 003a 00       		.byte	0x0
 871 003b 0B       		.uleb128 0xb
 872 003c 0B       		.uleb128 0xb
 873 003d 3E       		.uleb128 0x3e
 874 003e 0B       		.uleb128 0xb
 875 003f 00       		.byte	0x0
 876 0040 00       		.byte	0x0
 877 0041 06       		.uleb128 0x6
 878 0042 2E       		.uleb128 0x2e
 879 0043 00       		.byte	0x0
 880 0044 3F       		.uleb128 0x3f
 881 0045 0C       		.uleb128 0xc
 882 0046 03       		.uleb128 0x3
 883 0047 0E       		.uleb128 0xe
 884 0048 3A       		.uleb128 0x3a
 885 0049 0B       		.uleb128 0xb
 886 004a 3B       		.uleb128 0x3b
 887 004b 0B       		.uleb128 0xb
 888 004c 27       		.uleb128 0x27
 889 004d 0C       		.uleb128 0xc
 890 004e 11       		.uleb128 0x11
 891 004f 01       		.uleb128 0x1
 892 0050 12       		.uleb128 0x12
 893 0051 01       		.uleb128 0x1
 894 0052 40       		.uleb128 0x40
 895 0053 06       		.uleb128 0x6
 896 0054 00       		.byte	0x0
 897 0055 00       		.byte	0x0
 898 0056 07       		.uleb128 0x7
 899 0057 2E       		.uleb128 0x2e
 900 0058 01       		.byte	0x1
 901 0059 3F       		.uleb128 0x3f
 902 005a 0C       		.uleb128 0xc
 903 005b 03       		.uleb128 0x3
 904 005c 0E       		.uleb128 0xe
 905 005d 3A       		.uleb128 0x3a
 906 005e 0B       		.uleb128 0xb
 907 005f 3B       		.uleb128 0x3b
 908 0060 0B       		.uleb128 0xb
 909 0061 27       		.uleb128 0x27
 910 0062 0C       		.uleb128 0xc
 911 0063 11       		.uleb128 0x11
 912 0064 01       		.uleb128 0x1
ARM GAS  C:\Users\KEVIN-~1\AppData\Local\Temp\ccMhmRZ8.s 			page 26


 913 0065 12       		.uleb128 0x12
 914 0066 01       		.uleb128 0x1
 915 0067 40       		.uleb128 0x40
 916 0068 06       		.uleb128 0x6
 917 0069 01       		.uleb128 0x1
 918 006a 13       		.uleb128 0x13
 919 006b 00       		.byte	0x0
 920 006c 00       		.byte	0x0
 921 006d 08       		.uleb128 0x8
 922 006e 34       		.uleb128 0x34
 923 006f 00       		.byte	0x0
 924 0070 03       		.uleb128 0x3
 925 0071 0E       		.uleb128 0xe
 926 0072 3A       		.uleb128 0x3a
 927 0073 0B       		.uleb128 0xb
 928 0074 3B       		.uleb128 0x3b
 929 0075 0B       		.uleb128 0xb
 930 0076 49       		.uleb128 0x49
 931 0077 13       		.uleb128 0x13
 932 0078 02       		.uleb128 0x2
 933 0079 0A       		.uleb128 0xa
 934 007a 00       		.byte	0x0
 935 007b 00       		.byte	0x0
 936 007c 09       		.uleb128 0x9
 937 007d 2E       		.uleb128 0x2e
 938 007e 01       		.byte	0x1
 939 007f 3F       		.uleb128 0x3f
 940 0080 0C       		.uleb128 0xc
 941 0081 03       		.uleb128 0x3
 942 0082 0E       		.uleb128 0xe
 943 0083 3A       		.uleb128 0x3a
 944 0084 0B       		.uleb128 0xb
 945 0085 3B       		.uleb128 0x3b
 946 0086 05       		.uleb128 0x5
 947 0087 27       		.uleb128 0x27
 948 0088 0C       		.uleb128 0xc
 949 0089 11       		.uleb128 0x11
 950 008a 01       		.uleb128 0x1
 951 008b 12       		.uleb128 0x12
 952 008c 01       		.uleb128 0x1
 953 008d 40       		.uleb128 0x40
 954 008e 06       		.uleb128 0x6
 955 008f 01       		.uleb128 0x1
 956 0090 13       		.uleb128 0x13
 957 0091 00       		.byte	0x0
 958 0092 00       		.byte	0x0
 959 0093 0A       		.uleb128 0xa
 960 0094 05       		.uleb128 0x5
 961 0095 00       		.byte	0x0
 962 0096 03       		.uleb128 0x3
 963 0097 0E       		.uleb128 0xe
 964 0098 3A       		.uleb128 0x3a
 965 0099 0B       		.uleb128 0xb
 966 009a 3B       		.uleb128 0x3b
 967 009b 05       		.uleb128 0x5
 968 009c 49       		.uleb128 0x49
 969 009d 13       		.uleb128 0x13
ARM GAS  C:\Users\KEVIN-~1\AppData\Local\Temp\ccMhmRZ8.s 			page 27


 970 009e 02       		.uleb128 0x2
 971 009f 0A       		.uleb128 0xa
 972 00a0 00       		.byte	0x0
 973 00a1 00       		.byte	0x0
 974 00a2 0B       		.uleb128 0xb
 975 00a3 2E       		.uleb128 0x2e
 976 00a4 00       		.byte	0x0
 977 00a5 3F       		.uleb128 0x3f
 978 00a6 0C       		.uleb128 0xc
 979 00a7 03       		.uleb128 0x3
 980 00a8 0E       		.uleb128 0xe
 981 00a9 3A       		.uleb128 0x3a
 982 00aa 0B       		.uleb128 0xb
 983 00ab 3B       		.uleb128 0x3b
 984 00ac 05       		.uleb128 0x5
 985 00ad 27       		.uleb128 0x27
 986 00ae 0C       		.uleb128 0xc
 987 00af 49       		.uleb128 0x49
 988 00b0 13       		.uleb128 0x13
 989 00b1 11       		.uleb128 0x11
 990 00b2 01       		.uleb128 0x1
 991 00b3 12       		.uleb128 0x12
 992 00b4 01       		.uleb128 0x1
 993 00b5 40       		.uleb128 0x40
 994 00b6 06       		.uleb128 0x6
 995 00b7 00       		.byte	0x0
 996 00b8 00       		.byte	0x0
 997 00b9 0C       		.uleb128 0xc
 998 00ba 2E       		.uleb128 0x2e
 999 00bb 00       		.byte	0x0
 1000 00bc 3F       		.uleb128 0x3f
 1001 00bd 0C       		.uleb128 0xc
 1002 00be 03       		.uleb128 0x3
 1003 00bf 0E       		.uleb128 0xe
 1004 00c0 3A       		.uleb128 0x3a
 1005 00c1 0B       		.uleb128 0xb
 1006 00c2 3B       		.uleb128 0x3b
 1007 00c3 05       		.uleb128 0x5
 1008 00c4 27       		.uleb128 0x27
 1009 00c5 0C       		.uleb128 0xc
 1010 00c6 11       		.uleb128 0x11
 1011 00c7 01       		.uleb128 0x1
 1012 00c8 12       		.uleb128 0x12
 1013 00c9 01       		.uleb128 0x1
 1014 00ca 40       		.uleb128 0x40
 1015 00cb 06       		.uleb128 0x6
 1016 00cc 00       		.byte	0x0
 1017 00cd 00       		.byte	0x0
 1018 00ce 0D       		.uleb128 0xd
 1019 00cf 34       		.uleb128 0x34
 1020 00d0 00       		.byte	0x0
 1021 00d1 03       		.uleb128 0x3
 1022 00d2 0E       		.uleb128 0xe
 1023 00d3 3A       		.uleb128 0x3a
 1024 00d4 0B       		.uleb128 0xb
 1025 00d5 3B       		.uleb128 0x3b
 1026 00d6 0B       		.uleb128 0xb
ARM GAS  C:\Users\KEVIN-~1\AppData\Local\Temp\ccMhmRZ8.s 			page 28


 1027 00d7 49       		.uleb128 0x49
 1028 00d8 13       		.uleb128 0x13
 1029 00d9 3F       		.uleb128 0x3f
 1030 00da 0C       		.uleb128 0xc
 1031 00db 02       		.uleb128 0x2
 1032 00dc 0A       		.uleb128 0xa
 1033 00dd 00       		.byte	0x0
 1034 00de 00       		.byte	0x0
 1035 00df 00       		.byte	0x0
 1036              		.section	.debug_pubnames,"",%progbits
 1037 0000 B9000000 		.4byte	0xb9
 1038 0004 0200     		.2byte	0x2
 1039 0006 00000000 		.4byte	.Ldebug_info0
 1040 000a BA010000 		.4byte	0x1ba
 1041 000e 84000000 		.4byte	0x84
 1042 0012 50574D5F 		.ascii	"PWM_Start\000"
 1042      53746172 
 1042      7400
 1043 001c 99000000 		.4byte	0x99
 1044 0020 50574D5F 		.ascii	"PWM_Init\000"
 1044      496E6974 
 1044      00
 1045 0029 CF000000 		.4byte	0xcf
 1046 002d 50574D5F 		.ascii	"PWM_Enable\000"
 1046      456E6162 
 1046      6C6500
 1047 0038 E4000000 		.4byte	0xe4
 1048 003c 50574D5F 		.ascii	"PWM_Stop\000"
 1048      53746F70 
 1048      00
 1049 0045 F9000000 		.4byte	0xf9
 1050 0049 50574D5F 		.ascii	"PWM_WriteCounter\000"
 1050      57726974 
 1050      65436F75 
 1050      6E746572 
 1050      00
 1051 005a 23010000 		.4byte	0x123
 1052 005e 50574D5F 		.ascii	"PWM_ReadCounter\000"
 1052      52656164 
 1052      436F756E 
 1052      74657200 
 1053 006e 3D010000 		.4byte	0x13d
 1054 0072 50574D5F 		.ascii	"PWM_ClearFIFO\000"
 1054      436C6561 
 1054      72464946 
 1054      4F00
 1055 0080 53010000 		.4byte	0x153
 1056 0084 50574D5F 		.ascii	"PWM_WritePeriod\000"
 1056      57726974 
 1056      65506572 
 1056      696F6400 
 1057 0094 7D010000 		.4byte	0x17d
 1058 0098 50574D5F 		.ascii	"PWM_WriteCompare\000"
 1058      57726974 
 1058      65436F6D 
 1058      70617265 
 1058      00
ARM GAS  C:\Users\KEVIN-~1\AppData\Local\Temp\ccMhmRZ8.s 			page 29


 1059 00a9 A7010000 		.4byte	0x1a7
 1060 00ad 50574D5F 		.ascii	"PWM_initVar\000"
 1060      696E6974 
 1060      56617200 
 1061 00b9 00000000 		.4byte	0x0
 1062              		.section	.debug_aranges,"",%progbits
 1063 0000 5C000000 		.4byte	0x5c
 1064 0004 0200     		.2byte	0x2
 1065 0006 00000000 		.4byte	.Ldebug_info0
 1066 000a 04       		.byte	0x4
 1067 000b 00       		.byte	0x0
 1068 000c 0000     		.2byte	0x0
 1069 000e 0000     		.2byte	0x0
 1070 0010 00000000 		.4byte	.LFB0
 1071 0014 2A000000 		.4byte	.LFE0-.LFB0
 1072 0018 00000000 		.4byte	.LFB1
 1073 001c A4000000 		.4byte	.LFE1-.LFB1
 1074 0020 00000000 		.4byte	.LFB2
 1075 0024 2A000000 		.4byte	.LFE2-.LFB2
 1076 0028 00000000 		.4byte	.LFB3
 1077 002c 24000000 		.4byte	.LFE3-.LFB3
 1078 0030 00000000 		.4byte	.LFB4
 1079 0034 20000000 		.4byte	.LFE4-.LFB4
 1080 0038 00000000 		.4byte	.LFB5
 1081 003c 22000000 		.4byte	.LFE5-.LFB5
 1082 0040 00000000 		.4byte	.LFB6
 1083 0044 2A000000 		.4byte	.LFE6-.LFB6
 1084 0048 00000000 		.4byte	.LFB7
 1085 004c 20000000 		.4byte	.LFE7-.LFB7
 1086 0050 00000000 		.4byte	.LFB8
 1087 0054 20000000 		.4byte	.LFE8-.LFB8
 1088 0058 00000000 		.4byte	0x0
 1089 005c 00000000 		.4byte	0x0
 1090              		.section	.debug_ranges,"",%progbits
 1091              	.Ldebug_ranges0:
 1092 0000 00000000 		.4byte	.Ltext0
 1093 0004 00000000 		.4byte	.Letext0
 1094 0008 00000000 		.4byte	.LFB0
 1095 000c 2A000000 		.4byte	.LFE0
 1096 0010 00000000 		.4byte	.LFB1
 1097 0014 A4000000 		.4byte	.LFE1
 1098 0018 00000000 		.4byte	.LFB2
 1099 001c 2A000000 		.4byte	.LFE2
 1100 0020 00000000 		.4byte	.LFB3
 1101 0024 24000000 		.4byte	.LFE3
 1102 0028 00000000 		.4byte	.LFB4
 1103 002c 20000000 		.4byte	.LFE4
 1104 0030 00000000 		.4byte	.LFB5
 1105 0034 22000000 		.4byte	.LFE5
 1106 0038 00000000 		.4byte	.LFB6
 1107 003c 2A000000 		.4byte	.LFE6
 1108 0040 00000000 		.4byte	.LFB7
 1109 0044 20000000 		.4byte	.LFE7
 1110 0048 00000000 		.4byte	.LFB8
 1111 004c 20000000 		.4byte	.LFE8
 1112 0050 00000000 		.4byte	0x0
 1113 0054 00000000 		.4byte	0x0
ARM GAS  C:\Users\KEVIN-~1\AppData\Local\Temp\ccMhmRZ8.s 			page 30


 1114              		.section	.debug_str,"MS",%progbits,1
 1115              	.LASF6:
 1116 0000 6C6F6E67 		.ascii	"long long int\000"
 1116      206C6F6E 
 1116      6720696E 
 1116      7400
 1117              	.LASF11:
 1118 000e 50574D5F 		.ascii	"PWM_interruptState\000"
 1118      696E7465 
 1118      72727570 
 1118      74537461 
 1118      746500
 1119              	.LASF8:
 1120 0021 756E7369 		.ascii	"unsigned int\000"
 1120      676E6564 
 1120      20696E74 
 1120      00
 1121              	.LASF13:
 1122 002e 50574D5F 		.ascii	"PWM_Enable\000"
 1122      456E6162 
 1122      6C6500
 1123              	.LASF15:
 1124 0039 50574D5F 		.ascii	"PWM_Init\000"
 1124      496E6974 
 1124      00
 1125              	.LASF10:
 1126 0042 6374726C 		.ascii	"ctrl\000"
 1126      00
 1127              	.LASF21:
 1128 0047 50574D5F 		.ascii	"PWM_WriteCompare\000"
 1128      57726974 
 1128      65436F6D 
 1128      70617265 
 1128      00
 1129              	.LASF26:
 1130 0058 75696E74 		.ascii	"uint8\000"
 1130      3800
 1131              	.LASF5:
 1132 005e 6C6F6E67 		.ascii	"long unsigned int\000"
 1132      20756E73 
 1132      69676E65 
 1132      6420696E 
 1132      7400
 1133              	.LASF7:
 1134 0070 6C6F6E67 		.ascii	"long long unsigned int\000"
 1134      206C6F6E 
 1134      6720756E 
 1134      7369676E 
 1134      65642069 
 1135              	.LASF24:
 1136 0087 2E5C4765 		.ascii	".\\Generated_Source\\PSoC5\\PWM.c\000"
 1136      6E657261 
 1136      7465645F 
 1136      536F7572 
 1136      63655C50 
 1137              	.LASF17:
 1138 00a6 50574D5F 		.ascii	"PWM_ClearFIFO\000"
ARM GAS  C:\Users\KEVIN-~1\AppData\Local\Temp\ccMhmRZ8.s 			page 31


 1138      436C6561 
 1138      72464946 
 1138      4F00
 1139              	.LASF23:
 1140 00b4 474E5520 		.ascii	"GNU C 4.4.1\000"
 1140      4320342E 
 1140      342E3100 
 1141              	.LASF1:
 1142 00c0 756E7369 		.ascii	"unsigned char\000"
 1142      676E6564 
 1142      20636861 
 1142      7200
 1143              	.LASF9:
 1144 00ce 63686172 		.ascii	"char\000"
 1144      00
 1145              	.LASF4:
 1146 00d3 6C6F6E67 		.ascii	"long int\000"
 1146      20696E74 
 1146      00
 1147              	.LASF18:
 1148 00dc 50574D5F 		.ascii	"PWM_WritePeriod\000"
 1148      57726974 
 1148      65506572 
 1148      696F6400 
 1149              	.LASF14:
 1150 00ec 50574D5F 		.ascii	"PWM_Stop\000"
 1150      53746F70 
 1150      00
 1151              	.LASF25:
 1152 00f5 433A5C55 		.ascii	"C:\\Users\\Kevin-Patxi\\Downloads\\AN82072(PSoC Cre"
 1152      73657273 
 1152      5C4B6576 
 1152      696E2D50 
 1152      61747869 
 1153 0124 61746F72 		.ascii	"ator 2.1 SP1)\\AN82072\\PSoC Projects\\Project 1\\P"
 1153      20322E31 
 1153      20535031 
 1153      295C414E 
 1153      38323037 
 1154 0153 726F6A65 		.ascii	"roject 1.cydsn\000"
 1154      63742031 
 1154      2E637964 
 1154      736E00
 1155              	.LASF22:
 1156 0162 636F6D70 		.ascii	"compare\000"
 1156      61726500 
 1157              	.LASF19:
 1158 016a 636F756E 		.ascii	"counter\000"
 1158      74657200 
 1159              	.LASF3:
 1160 0172 73686F72 		.ascii	"short unsigned int\000"
 1160      7420756E 
 1160      7369676E 
 1160      65642069 
 1160      6E7400
 1161              	.LASF0:
 1162 0185 7369676E 		.ascii	"signed char\000"
ARM GAS  C:\Users\KEVIN-~1\AppData\Local\Temp\ccMhmRZ8.s 			page 32


 1162      65642063 
 1162      68617200 
 1163              	.LASF12:
 1164 0191 50574D5F 		.ascii	"PWM_Start\000"
 1164      53746172 
 1164      7400
 1165              	.LASF2:
 1166 019b 73686F72 		.ascii	"short int\000"
 1166      7420696E 
 1166      7400
 1167              	.LASF28:
 1168 01a5 50574D5F 		.ascii	"PWM_initVar\000"
 1168      696E6974 
 1168      56617200 
 1169              	.LASF27:
 1170 01b1 50574D5F 		.ascii	"PWM_ReadCounter\000"
 1170      52656164 
 1170      436F756E 
 1170      74657200 
 1171              	.LASF20:
 1172 01c1 70657269 		.ascii	"period\000"
 1172      6F6400
 1173              	.LASF16:
 1174 01c8 50574D5F 		.ascii	"PWM_WriteCounter\000"
 1174      57726974 
 1174      65436F75 
 1174      6E746572 
 1174      00
 1175              		.ident	"GCC: (Sourcery G++ Lite 2010q1-188) 4.4.1"
