ARM GAS  C:\Users\KEVIN-~1\AppData\Local\Temp\ccSW881n.s 			page 1


   1              		.syntax unified
   2              		.cpu cortex-m3
   3              		.fpu softvfp
   4              		.eabi_attribute 20, 1
   5              		.eabi_attribute 21, 1
   6              		.eabi_attribute 23, 3
   7              		.eabi_attribute 24, 1
   8              		.eabi_attribute 25, 1
   9              		.eabi_attribute 26, 1
  10              		.eabi_attribute 30, 6
  11              		.eabi_attribute 18, 4
  12              		.thumb
  13              		.file	"USBFS_pm.c"
  14              		.section	.debug_abbrev,"",%progbits
  15              	.Ldebug_abbrev0:
  16              		.section	.debug_info,"",%progbits
  17              	.Ldebug_info0:
  18              		.section	.debug_line,"",%progbits
  19              	.Ldebug_line0:
  20 0000 07010000 		.text
  20      02007900 
  20      00000201 
  20      FB0E0D00 
  20      01010101 
  21              	.Ltext0:
  22              		.cfi_sections	.debug_frame
  23              		.bss
  24              		.align	2
  25              	USBFS_backup:
  26 0000 0000     		.space	2
  27 0002 0000     		.section	.text.USBFS_DP_ISR,"ax",%progbits
  28              		.align	2
  29              		.global	USBFS_DP_ISR
  30              		.thumb
  31              		.thumb_func
  32              		.type	USBFS_DP_ISR, %function
  33              	USBFS_DP_ISR:
  34              	.LFB29:
  35              		.file 1 ".\\Generated_Source\\PSoC5\\USBFS_pm.c"
   1:.\Generated_Source\PSoC5/USBFS_pm.c **** /*******************************************************************************
   2:.\Generated_Source\PSoC5/USBFS_pm.c **** * File Name: USBFS_pm.c
   3:.\Generated_Source\PSoC5/USBFS_pm.c **** * Version 2.40
   4:.\Generated_Source\PSoC5/USBFS_pm.c **** *
   5:.\Generated_Source\PSoC5/USBFS_pm.c **** * Description:
   6:.\Generated_Source\PSoC5/USBFS_pm.c **** *  This file provides Suspend/Resume APIs functionality.
   7:.\Generated_Source\PSoC5/USBFS_pm.c **** *
   8:.\Generated_Source\PSoC5/USBFS_pm.c **** * Note:
   9:.\Generated_Source\PSoC5/USBFS_pm.c **** *
  10:.\Generated_Source\PSoC5/USBFS_pm.c **** ********************************************************************************
  11:.\Generated_Source\PSoC5/USBFS_pm.c **** * Copyright 2008-2012, Cypress Semiconductor Corporation.  All rights reserved.
  12:.\Generated_Source\PSoC5/USBFS_pm.c **** * You may use this file only in accordance with the license, terms, conditions,
  13:.\Generated_Source\PSoC5/USBFS_pm.c **** * disclaimers, and limitations in the end user license agreement accompanying
  14:.\Generated_Source\PSoC5/USBFS_pm.c **** * the software package with which this file was provided.
  15:.\Generated_Source\PSoC5/USBFS_pm.c **** *******************************************************************************/
  16:.\Generated_Source\PSoC5/USBFS_pm.c **** 
  17:.\Generated_Source\PSoC5/USBFS_pm.c **** #include <device.h>
  18:.\Generated_Source\PSoC5/USBFS_pm.c **** #include "USBFS.h"
ARM GAS  C:\Users\KEVIN-~1\AppData\Local\Temp\ccSW881n.s 			page 2


  19:.\Generated_Source\PSoC5/USBFS_pm.c **** 
  20:.\Generated_Source\PSoC5/USBFS_pm.c **** 
  21:.\Generated_Source\PSoC5/USBFS_pm.c **** /***************************************
  22:.\Generated_Source\PSoC5/USBFS_pm.c **** * Custom Declarations
  23:.\Generated_Source\PSoC5/USBFS_pm.c **** ***************************************/
  24:.\Generated_Source\PSoC5/USBFS_pm.c **** /* `#START PM_CUSTOM_DECLARATIONS` Place your declaration here */
  25:.\Generated_Source\PSoC5/USBFS_pm.c **** 
  26:.\Generated_Source\PSoC5/USBFS_pm.c **** /* `#END` */
  27:.\Generated_Source\PSoC5/USBFS_pm.c **** 
  28:.\Generated_Source\PSoC5/USBFS_pm.c **** 
  29:.\Generated_Source\PSoC5/USBFS_pm.c **** /***************************************
  30:.\Generated_Source\PSoC5/USBFS_pm.c **** * Local data allocation
  31:.\Generated_Source\PSoC5/USBFS_pm.c **** ***************************************/
  32:.\Generated_Source\PSoC5/USBFS_pm.c **** 
  33:.\Generated_Source\PSoC5/USBFS_pm.c **** static USBFS_BACKUP_STRUCT  USBFS_backup;
  34:.\Generated_Source\PSoC5/USBFS_pm.c **** 
  35:.\Generated_Source\PSoC5/USBFS_pm.c **** 
  36:.\Generated_Source\PSoC5/USBFS_pm.c **** /***************************************
  37:.\Generated_Source\PSoC5/USBFS_pm.c **** * External data references
  38:.\Generated_Source\PSoC5/USBFS_pm.c **** ***************************************/
  39:.\Generated_Source\PSoC5/USBFS_pm.c **** 
  40:.\Generated_Source\PSoC5/USBFS_pm.c **** extern volatile uint8 USBFS_configuration;
  41:.\Generated_Source\PSoC5/USBFS_pm.c **** 
  42:.\Generated_Source\PSoC5/USBFS_pm.c **** 
  43:.\Generated_Source\PSoC5/USBFS_pm.c **** /***************************************
  44:.\Generated_Source\PSoC5/USBFS_pm.c **** * External function references
  45:.\Generated_Source\PSoC5/USBFS_pm.c **** ***************************************/
  46:.\Generated_Source\PSoC5/USBFS_pm.c **** 
  47:.\Generated_Source\PSoC5/USBFS_pm.c **** extern void USBFS_ConfigReg(void) ;
  48:.\Generated_Source\PSoC5/USBFS_pm.c **** #if(USBFS_EP_MM != USBFS__EP_MANUAL)
  49:.\Generated_Source\PSoC5/USBFS_pm.c ****     extern void USBFS_Stop_DMA(uint8 epNumber) ;
  50:.\Generated_Source\PSoC5/USBFS_pm.c **** #endif   /* End USBFS_EP_MM != USBFS__EP_MANUAL */
  51:.\Generated_Source\PSoC5/USBFS_pm.c **** 
  52:.\Generated_Source\PSoC5/USBFS_pm.c **** #if((USBFS_DP_ISR_REMOVE == 0u) && (!CY_PSOC5A))
  53:.\Generated_Source\PSoC5/USBFS_pm.c **** 
  54:.\Generated_Source\PSoC5/USBFS_pm.c **** 
  55:.\Generated_Source\PSoC5/USBFS_pm.c ****     /*******************************************************************************
  56:.\Generated_Source\PSoC5/USBFS_pm.c ****     * Function Name: USBFS_DP_Interrupt
  57:.\Generated_Source\PSoC5/USBFS_pm.c ****     ********************************************************************************
  58:.\Generated_Source\PSoC5/USBFS_pm.c ****     *
  59:.\Generated_Source\PSoC5/USBFS_pm.c ****     * Summary:
  60:.\Generated_Source\PSoC5/USBFS_pm.c ****     *  This Interrupt Service Routine handles DP pin changes for wake-up from
  61:.\Generated_Source\PSoC5/USBFS_pm.c ****     *  the sleep mode.
  62:.\Generated_Source\PSoC5/USBFS_pm.c ****     *
  63:.\Generated_Source\PSoC5/USBFS_pm.c ****     * Parameters:
  64:.\Generated_Source\PSoC5/USBFS_pm.c ****     *  None.
  65:.\Generated_Source\PSoC5/USBFS_pm.c ****     *
  66:.\Generated_Source\PSoC5/USBFS_pm.c ****     * Return:
  67:.\Generated_Source\PSoC5/USBFS_pm.c ****     *  None.
  68:.\Generated_Source\PSoC5/USBFS_pm.c ****     *
  69:.\Generated_Source\PSoC5/USBFS_pm.c ****     *******************************************************************************/
  70:.\Generated_Source\PSoC5/USBFS_pm.c ****     CY_ISR(USBFS_DP_ISR)
  71:.\Generated_Source\PSoC5/USBFS_pm.c ****     {
  36              		.loc 1 71 0
  37              		.cfi_startproc
  38              		@ args = 0, pretend = 0, frame = 0
  39              		@ frame_needed = 1, uses_anonymous_args = 0
ARM GAS  C:\Users\KEVIN-~1\AppData\Local\Temp\ccSW881n.s 			page 3


  40              		@ link register save eliminated.
  41 0000 80B4     		push	{r7}
  42              	.LCFI0:
  43              		.cfi_def_cfa_offset 4
  44 0002 00AF     		add	r7, sp, #0
  45              		.cfi_offset 7, -4
  46              	.LCFI1:
  47              		.cfi_def_cfa_register 7
  72:.\Generated_Source\PSoC5/USBFS_pm.c ****         /* `#START DP_USER_CODE` Place your code here */
  73:.\Generated_Source\PSoC5/USBFS_pm.c **** 
  74:.\Generated_Source\PSoC5/USBFS_pm.c ****         /* `#END` */
  75:.\Generated_Source\PSoC5/USBFS_pm.c **** 
  76:.\Generated_Source\PSoC5/USBFS_pm.c ****         /* Clears active interrupt */
  77:.\Generated_Source\PSoC5/USBFS_pm.c ****         CY_GET_REG8(USBFS_DP_INTSTAT_PTR);
  48              		.loc 1 77 0
  49 0004 44F28F53 		movw	r3, #:lower16:1073759631
  50 0008 C4F20003 		movt	r3, #:upper16:1073759631
  51 000c 1B78     		ldrb	r3, [r3, #0]
  78:.\Generated_Source\PSoC5/USBFS_pm.c ****     }
  52              		.loc 1 78 0
  53 000e BD46     		mov	sp, r7
  54 0010 80BC     		pop	{r7}
  55 0012 7047     		bx	lr
  56              		.cfi_endproc
  57              	.LFE29:
  58              		.size	USBFS_DP_ISR, .-USBFS_DP_ISR
  59              		.section	.text.USBFS_SaveConfig,"ax",%progbits
  60              		.align	2
  61              		.global	USBFS_SaveConfig
  62              		.thumb
  63              		.thumb_func
  64              		.type	USBFS_SaveConfig, %function
  65              	USBFS_SaveConfig:
  66              	.LFB30:
  79:.\Generated_Source\PSoC5/USBFS_pm.c **** 
  80:.\Generated_Source\PSoC5/USBFS_pm.c **** #endif /* (USBFS_DP_ISR_REMOVE == 0u) && (!CY_PSOC5A) */
  81:.\Generated_Source\PSoC5/USBFS_pm.c **** 
  82:.\Generated_Source\PSoC5/USBFS_pm.c **** 
  83:.\Generated_Source\PSoC5/USBFS_pm.c **** /*******************************************************************************
  84:.\Generated_Source\PSoC5/USBFS_pm.c **** * Function Name: USBFS_SaveConfig
  85:.\Generated_Source\PSoC5/USBFS_pm.c **** ********************************************************************************
  86:.\Generated_Source\PSoC5/USBFS_pm.c **** *
  87:.\Generated_Source\PSoC5/USBFS_pm.c **** * Summary:
  88:.\Generated_Source\PSoC5/USBFS_pm.c **** *  Saves the current user configuration.
  89:.\Generated_Source\PSoC5/USBFS_pm.c **** *
  90:.\Generated_Source\PSoC5/USBFS_pm.c **** * Parameters:
  91:.\Generated_Source\PSoC5/USBFS_pm.c **** *  None.
  92:.\Generated_Source\PSoC5/USBFS_pm.c **** *
  93:.\Generated_Source\PSoC5/USBFS_pm.c **** * Return:
  94:.\Generated_Source\PSoC5/USBFS_pm.c **** *  None.
  95:.\Generated_Source\PSoC5/USBFS_pm.c **** *
  96:.\Generated_Source\PSoC5/USBFS_pm.c **** * Reentrant:
  97:.\Generated_Source\PSoC5/USBFS_pm.c **** *  No.
  98:.\Generated_Source\PSoC5/USBFS_pm.c **** *
  99:.\Generated_Source\PSoC5/USBFS_pm.c **** *******************************************************************************/
 100:.\Generated_Source\PSoC5/USBFS_pm.c **** void USBFS_SaveConfig(void) 
 101:.\Generated_Source\PSoC5/USBFS_pm.c **** {
ARM GAS  C:\Users\KEVIN-~1\AppData\Local\Temp\ccSW881n.s 			page 4


  67              		.loc 1 101 0
  68              		.cfi_startproc
  69              		@ args = 0, pretend = 0, frame = 0
  70              		@ frame_needed = 1, uses_anonymous_args = 0
  71              		@ link register save eliminated.
  72 0000 80B4     		push	{r7}
  73              	.LCFI2:
  74              		.cfi_def_cfa_offset 4
  75 0002 00AF     		add	r7, sp, #0
  76              		.cfi_offset 7, -4
  77              	.LCFI3:
  78              		.cfi_def_cfa_register 7
 102:.\Generated_Source\PSoC5/USBFS_pm.c **** 
 103:.\Generated_Source\PSoC5/USBFS_pm.c **** }
  79              		.loc 1 103 0
  80 0004 BD46     		mov	sp, r7
  81 0006 80BC     		pop	{r7}
  82 0008 7047     		bx	lr
  83              		.cfi_endproc
  84              	.LFE30:
  85              		.size	USBFS_SaveConfig, .-USBFS_SaveConfig
  86 000a 00BF     		.section	.text.USBFS_RestoreConfig,"ax",%progbits
  87              		.align	2
  88              		.global	USBFS_RestoreConfig
  89              		.thumb
  90              		.thumb_func
  91              		.type	USBFS_RestoreConfig, %function
  92              	USBFS_RestoreConfig:
  93              	.LFB31:
 104:.\Generated_Source\PSoC5/USBFS_pm.c **** 
 105:.\Generated_Source\PSoC5/USBFS_pm.c **** 
 106:.\Generated_Source\PSoC5/USBFS_pm.c **** /*******************************************************************************
 107:.\Generated_Source\PSoC5/USBFS_pm.c **** * Function Name: USBFS_RestoreConfig
 108:.\Generated_Source\PSoC5/USBFS_pm.c **** ********************************************************************************
 109:.\Generated_Source\PSoC5/USBFS_pm.c **** *
 110:.\Generated_Source\PSoC5/USBFS_pm.c **** * Summary:
 111:.\Generated_Source\PSoC5/USBFS_pm.c **** *  Restores the current user configuration.
 112:.\Generated_Source\PSoC5/USBFS_pm.c **** *
 113:.\Generated_Source\PSoC5/USBFS_pm.c **** * Parameters:
 114:.\Generated_Source\PSoC5/USBFS_pm.c **** *  None.
 115:.\Generated_Source\PSoC5/USBFS_pm.c **** *
 116:.\Generated_Source\PSoC5/USBFS_pm.c **** * Return:
 117:.\Generated_Source\PSoC5/USBFS_pm.c **** *  None.
 118:.\Generated_Source\PSoC5/USBFS_pm.c **** *
 119:.\Generated_Source\PSoC5/USBFS_pm.c **** * Reentrant:
 120:.\Generated_Source\PSoC5/USBFS_pm.c **** *  No.
 121:.\Generated_Source\PSoC5/USBFS_pm.c **** *
 122:.\Generated_Source\PSoC5/USBFS_pm.c **** *******************************************************************************/
 123:.\Generated_Source\PSoC5/USBFS_pm.c **** void USBFS_RestoreConfig(void) 
 124:.\Generated_Source\PSoC5/USBFS_pm.c **** {
  94              		.loc 1 124 0
  95              		.cfi_startproc
  96              		@ args = 0, pretend = 0, frame = 0
  97              		@ frame_needed = 1, uses_anonymous_args = 0
  98 0000 80B5     		push	{r7, lr}
  99              	.LCFI4:
 100              		.cfi_def_cfa_offset 8
ARM GAS  C:\Users\KEVIN-~1\AppData\Local\Temp\ccSW881n.s 			page 5


 101 0002 00AF     		add	r7, sp, #0
 102              		.cfi_offset 14, -4
 103              		.cfi_offset 7, -8
 104              	.LCFI5:
 105              		.cfi_def_cfa_register 7
 125:.\Generated_Source\PSoC5/USBFS_pm.c ****     if(USBFS_configuration != 0)
 106              		.loc 1 125 0
 107 0004 40F20003 		movw	r3, #:lower16:USBFS_configuration
 108 0008 C0F20003 		movt	r3, #:upper16:USBFS_configuration
 109 000c 1B78     		ldrb	r3, [r3, #0]
 110 000e DBB2     		uxtb	r3, r3
 111 0010 002B     		cmp	r3, #0
 112 0012 01D0     		beq	.L7
 126:.\Generated_Source\PSoC5/USBFS_pm.c ****     {
 127:.\Generated_Source\PSoC5/USBFS_pm.c ****         USBFS_ConfigReg();    
 113              		.loc 1 127 0
 114 0014 FFF7FEFF 		bl	USBFS_ConfigReg
 115              	.L7:
 128:.\Generated_Source\PSoC5/USBFS_pm.c ****     }
 129:.\Generated_Source\PSoC5/USBFS_pm.c **** }
 116              		.loc 1 129 0
 117 0018 80BD     		pop	{r7, pc}
 118              		.cfi_endproc
 119              	.LFE31:
 120              		.size	USBFS_RestoreConfig, .-USBFS_RestoreConfig
 121 001a 00BF     		.section	.text.USBFS_Suspend,"ax",%progbits
 122              		.align	2
 123              		.global	USBFS_Suspend
 124              		.thumb
 125              		.thumb_func
 126              		.type	USBFS_Suspend, %function
 127              	USBFS_Suspend:
 128              	.LFB32:
 130:.\Generated_Source\PSoC5/USBFS_pm.c **** 
 131:.\Generated_Source\PSoC5/USBFS_pm.c **** 
 132:.\Generated_Source\PSoC5/USBFS_pm.c **** /*******************************************************************************
 133:.\Generated_Source\PSoC5/USBFS_pm.c **** * Function Name: USBFS_Suspend
 134:.\Generated_Source\PSoC5/USBFS_pm.c **** ********************************************************************************
 135:.\Generated_Source\PSoC5/USBFS_pm.c **** *
 136:.\Generated_Source\PSoC5/USBFS_pm.c **** * Summary:
 137:.\Generated_Source\PSoC5/USBFS_pm.c **** *  This function disables the USBFS block and prepares for power donwn mode.
 138:.\Generated_Source\PSoC5/USBFS_pm.c **** *
 139:.\Generated_Source\PSoC5/USBFS_pm.c **** * Parameters:
 140:.\Generated_Source\PSoC5/USBFS_pm.c **** *  None.
 141:.\Generated_Source\PSoC5/USBFS_pm.c **** *
 142:.\Generated_Source\PSoC5/USBFS_pm.c **** * Return:
 143:.\Generated_Source\PSoC5/USBFS_pm.c **** *   None.
 144:.\Generated_Source\PSoC5/USBFS_pm.c **** *
 145:.\Generated_Source\PSoC5/USBFS_pm.c **** * Global variables:
 146:.\Generated_Source\PSoC5/USBFS_pm.c **** *  USBFS_backup.enable:  modified.
 147:.\Generated_Source\PSoC5/USBFS_pm.c **** *
 148:.\Generated_Source\PSoC5/USBFS_pm.c **** * Reentrant:
 149:.\Generated_Source\PSoC5/USBFS_pm.c **** *  No.
 150:.\Generated_Source\PSoC5/USBFS_pm.c **** *
 151:.\Generated_Source\PSoC5/USBFS_pm.c **** *******************************************************************************/
 152:.\Generated_Source\PSoC5/USBFS_pm.c **** void USBFS_Suspend(void) 
 153:.\Generated_Source\PSoC5/USBFS_pm.c **** {
ARM GAS  C:\Users\KEVIN-~1\AppData\Local\Temp\ccSW881n.s 			page 6


 129              		.loc 1 153 0
 130              		.cfi_startproc
 131              		@ args = 0, pretend = 0, frame = 8
 132              		@ frame_needed = 1, uses_anonymous_args = 0
 133 0000 80B5     		push	{r7, lr}
 134              	.LCFI6:
 135              		.cfi_def_cfa_offset 8
 136 0002 82B0     		sub	sp, sp, #8
 137              	.LCFI7:
 138              		.cfi_def_cfa_offset 16
 139 0004 00AF     		add	r7, sp, #0
 140              		.cfi_offset 14, -4
 141              		.cfi_offset 7, -8
 142              	.LCFI8:
 143              		.cfi_def_cfa_register 7
 154:.\Generated_Source\PSoC5/USBFS_pm.c ****     uint8 enableInterrupts;
 155:.\Generated_Source\PSoC5/USBFS_pm.c ****     enableInterrupts = CyEnterCriticalSection();
 144              		.loc 1 155 0
 145 0006 FFF7FEFF 		bl	CyEnterCriticalSection
 146 000a 0346     		mov	r3, r0
 147 000c FB71     		strb	r3, [r7, #7]
 156:.\Generated_Source\PSoC5/USBFS_pm.c **** 
 157:.\Generated_Source\PSoC5/USBFS_pm.c ****     if((CY_GET_REG8(USBFS_CR0_PTR) & USBFS_CR0_ENABLE) != 0u)
 148              		.loc 1 157 0
 149 000e 46F20803 		movw	r3, #:lower16:1073766408
 150 0012 C4F20003 		movt	r3, #:upper16:1073766408
 151 0016 1B78     		ldrb	r3, [r3, #0]
 152 0018 DBB2     		uxtb	r3, r3
 153 001a 5BB2     		sxtb	r3, r3
 154 001c 002B     		cmp	r3, #0
 155 001e 80F28F80 		bge	.L9
 158:.\Generated_Source\PSoC5/USBFS_pm.c ****     {   /* USB block is enabled */
 159:.\Generated_Source\PSoC5/USBFS_pm.c ****         USBFS_backup.enableState = 1u;
 156              		.loc 1 159 0
 157 0022 40F20003 		movw	r3, #:lower16:USBFS_backup
 158 0026 C0F20003 		movt	r3, #:upper16:USBFS_backup
 159 002a 4FF00102 		mov	r2, #1
 160 002e 1A70     		strb	r2, [r3, #0]
 160:.\Generated_Source\PSoC5/USBFS_pm.c **** 
 161:.\Generated_Source\PSoC5/USBFS_pm.c ****         #if(USBFS_EP_MM != USBFS__EP_MANUAL)
 162:.\Generated_Source\PSoC5/USBFS_pm.c ****             USBFS_Stop_DMA(USBFS_MAX_EP);     /* Stop all DMAs */
 163:.\Generated_Source\PSoC5/USBFS_pm.c ****         #endif   /* End USBFS_EP_MM != USBFS__EP_MANUAL */
 164:.\Generated_Source\PSoC5/USBFS_pm.c **** 
 165:.\Generated_Source\PSoC5/USBFS_pm.c ****         #if(CY_PSOC5A)
 166:.\Generated_Source\PSoC5/USBFS_pm.c ****             /* Disable USBIO block */
 167:.\Generated_Source\PSoC5/USBFS_pm.c ****             USBFS_PM_AVAIL_CR_REG &= ~USBFS_PM_AVAIL_EN_FSUSBIO;
 168:.\Generated_Source\PSoC5/USBFS_pm.c ****         #endif /* End CY_PSOC5A */
 169:.\Generated_Source\PSoC5/USBFS_pm.c **** 
 170:.\Generated_Source\PSoC5/USBFS_pm.c ****         /* Power Down Sequencing for USBIO for TO4*/
 171:.\Generated_Source\PSoC5/USBFS_pm.c ****         #if(!CY_PSOC5A)
 172:.\Generated_Source\PSoC5/USBFS_pm.c ****             /* Ensure USB transmit enable is low (USB_USBIO_CR0.ten). - Manual Transmission - Disab
 173:.\Generated_Source\PSoC5/USBFS_pm.c ****             USBFS_USBIO_CR0_REG &= ~USBFS_USBIO_CR0_TEN;
 161              		.loc 1 173 0
 162 0030 46F21003 		movw	r3, #:lower16:1073766416
 163 0034 C4F20003 		movt	r3, #:upper16:1073766416
 164 0038 46F21002 		movw	r2, #:lower16:1073766416
 165 003c C4F20002 		movt	r2, #:upper16:1073766416
ARM GAS  C:\Users\KEVIN-~1\AppData\Local\Temp\ccSW881n.s 			page 7


 166 0040 1278     		ldrb	r2, [r2, #0]
 167 0042 D2B2     		uxtb	r2, r2
 168 0044 02F07F02 		and	r2, r2, #127
 169 0048 1A70     		strb	r2, [r3, #0]
 174:.\Generated_Source\PSoC5/USBFS_pm.c ****             CyDelayUs(0);  /*~50ns delay */
 170              		.loc 1 174 0
 171 004a 4FF00000 		mov	r0, #0
 172 004e FFF7FEFF 		bl	CyDelayUs
 175:.\Generated_Source\PSoC5/USBFS_pm.c **** 
 176:.\Generated_Source\PSoC5/USBFS_pm.c ****             /* Disable the USBIO by asserting PM.USB_CR0.fsusbio_pd_n(Inverted) and pd_pullup_hv(In
 177:.\Generated_Source\PSoC5/USBFS_pm.c ****             USBFS_PM_USB_CR0_REG &= \
 173              		.loc 1 177 0
 174 0052 44F29433 		movw	r3, #:lower16:1073759124
 175 0056 C4F20003 		movt	r3, #:upper16:1073759124
 176 005a 44F29432 		movw	r2, #:lower16:1073759124
 177 005e C4F20002 		movt	r2, #:upper16:1073759124
 178 0062 1278     		ldrb	r2, [r2, #0]
 179 0064 D2B2     		uxtb	r2, r2
 180 0066 02F0F902 		and	r2, r2, #249
 181 006a 1A70     		strb	r2, [r3, #0]
 178:.\Generated_Source\PSoC5/USBFS_pm.c ****                                     ~(USBFS_PM_USB_CR0_PD_N | USBFS_PM_USB_CR0_PD_PULLUP_N);
 179:.\Generated_Source\PSoC5/USBFS_pm.c ****          #endif /* End !CY_PSOC5A */
 180:.\Generated_Source\PSoC5/USBFS_pm.c **** 
 181:.\Generated_Source\PSoC5/USBFS_pm.c ****         /* Disable the SIE */
 182:.\Generated_Source\PSoC5/USBFS_pm.c ****         USBFS_CR0_REG &= ~USBFS_CR0_ENABLE;
 182              		.loc 1 182 0
 183 006c 46F20803 		movw	r3, #:lower16:1073766408
 184 0070 C4F20003 		movt	r3, #:upper16:1073766408
 185 0074 46F20802 		movw	r2, #:lower16:1073766408
 186 0078 C4F20002 		movt	r2, #:upper16:1073766408
 187 007c 1278     		ldrb	r2, [r2, #0]
 188 007e D2B2     		uxtb	r2, r2
 189 0080 02F07F02 		and	r2, r2, #127
 190 0084 1A70     		strb	r2, [r3, #0]
 183:.\Generated_Source\PSoC5/USBFS_pm.c **** 
 184:.\Generated_Source\PSoC5/USBFS_pm.c ****         #if(!CY_PSOC5A)
 185:.\Generated_Source\PSoC5/USBFS_pm.c ****             CyDelayUs(0);  /*~50ns delay */
 191              		.loc 1 185 0
 192 0086 4FF00000 		mov	r0, #0
 193 008a FFF7FEFF 		bl	CyDelayUs
 186:.\Generated_Source\PSoC5/USBFS_pm.c ****             /* Store mode and Disable VRegulator*/
 187:.\Generated_Source\PSoC5/USBFS_pm.c ****             USBFS_backup.mode = USBFS_CR1_REG & USBFS_CR1_REG_ENABLE;
 194              		.loc 1 187 0
 195 008e 46F20903 		movw	r3, #:lower16:1073766409
 196 0092 C4F20003 		movt	r3, #:upper16:1073766409
 197 0096 1B78     		ldrb	r3, [r3, #0]
 198 0098 DBB2     		uxtb	r3, r3
 199 009a 1A46     		mov	r2, r3
 200 009c 02F00102 		and	r2, r2, #1
 201 00a0 40F20003 		movw	r3, #:lower16:USBFS_backup
 202 00a4 C0F20003 		movt	r3, #:upper16:USBFS_backup
 203 00a8 5A70     		strb	r2, [r3, #1]
 188:.\Generated_Source\PSoC5/USBFS_pm.c ****             USBFS_CR1_REG &= ~USBFS_CR1_REG_ENABLE;
 204              		.loc 1 188 0
 205 00aa 46F20903 		movw	r3, #:lower16:1073766409
 206 00ae C4F20003 		movt	r3, #:upper16:1073766409
 207 00b2 46F20902 		movw	r2, #:lower16:1073766409
ARM GAS  C:\Users\KEVIN-~1\AppData\Local\Temp\ccSW881n.s 			page 8


 208 00b6 C4F20002 		movt	r2, #:upper16:1073766409
 209 00ba 1278     		ldrb	r2, [r2, #0]
 210 00bc D2B2     		uxtb	r2, r2
 211 00be 02F0FE02 		and	r2, r2, #254
 212 00c2 1A70     		strb	r2, [r3, #0]
 189:.\Generated_Source\PSoC5/USBFS_pm.c **** 
 190:.\Generated_Source\PSoC5/USBFS_pm.c ****             CyDelayUs(1);  /* 0.5 us min delay */
 213              		.loc 1 190 0
 214 00c4 4FF00100 		mov	r0, #1
 215 00c8 FFF7FEFF 		bl	CyDelayUs
 191:.\Generated_Source\PSoC5/USBFS_pm.c ****             /* Disable the USBIO reference by setting PM.USB_CR0.fsusbio_ref_en.*/
 192:.\Generated_Source\PSoC5/USBFS_pm.c ****             USBFS_PM_USB_CR0_REG &= ~USBFS_PM_USB_CR0_REF_EN;
 216              		.loc 1 192 0
 217 00cc 44F29433 		movw	r3, #:lower16:1073759124
 218 00d0 C4F20003 		movt	r3, #:upper16:1073759124
 219 00d4 44F29432 		movw	r2, #:lower16:1073759124
 220 00d8 C4F20002 		movt	r2, #:upper16:1073759124
 221 00dc 1278     		ldrb	r2, [r2, #0]
 222 00de D2B2     		uxtb	r2, r2
 223 00e0 02F0FE02 		and	r2, r2, #254
 224 00e4 1A70     		strb	r2, [r3, #0]
 193:.\Generated_Source\PSoC5/USBFS_pm.c **** 
 194:.\Generated_Source\PSoC5/USBFS_pm.c ****             /* Switch DP and DM terminals to GPIO mode and disconnect 1.5k pullup*/
 195:.\Generated_Source\PSoC5/USBFS_pm.c ****             USBFS_USBIO_CR1_REG |= USBFS_USBIO_CR1_IOMODE;
 225              		.loc 1 195 0
 226 00e6 46F21203 		movw	r3, #:lower16:1073766418
 227 00ea C4F20003 		movt	r3, #:upper16:1073766418
 228 00ee 46F21202 		movw	r2, #:lower16:1073766418
 229 00f2 C4F20002 		movt	r2, #:upper16:1073766418
 230 00f6 1278     		ldrb	r2, [r2, #0]
 231 00f8 D2B2     		uxtb	r2, r2
 232 00fa 42F02002 		orr	r2, r2, #32
 233 00fe D2B2     		uxtb	r2, r2
 234 0100 1A70     		strb	r2, [r3, #0]
 196:.\Generated_Source\PSoC5/USBFS_pm.c **** 
 197:.\Generated_Source\PSoC5/USBFS_pm.c ****         #endif /* End !CY_PSOC5A*/
 198:.\Generated_Source\PSoC5/USBFS_pm.c **** 
 199:.\Generated_Source\PSoC5/USBFS_pm.c ****         /* Disable USB in ACT PM */
 200:.\Generated_Source\PSoC5/USBFS_pm.c ****         USBFS_PM_ACT_CFG_REG &= ~USBFS_PM_ACT_EN_FSUSB;
 235              		.loc 1 200 0
 236 0102 44F2A533 		movw	r3, #:lower16:1073759141
 237 0106 C4F20003 		movt	r3, #:upper16:1073759141
 238 010a 44F2A532 		movw	r2, #:lower16:1073759141
 239 010e C4F20002 		movt	r2, #:upper16:1073759141
 240 0112 1278     		ldrb	r2, [r2, #0]
 241 0114 D2B2     		uxtb	r2, r2
 242 0116 02F0FE02 		and	r2, r2, #254
 243 011a 1A70     		strb	r2, [r3, #0]
 201:.\Generated_Source\PSoC5/USBFS_pm.c ****         /* Disable USB block for Standby Power Mode */
 202:.\Generated_Source\PSoC5/USBFS_pm.c ****         USBFS_PM_STBY_CFG_REG &= ~USBFS_PM_STBY_EN_FSUSB;
 244              		.loc 1 202 0
 245 011c 44F2B533 		movw	r3, #:lower16:1073759157
 246 0120 C4F20003 		movt	r3, #:upper16:1073759157
 247 0124 44F2B532 		movw	r2, #:lower16:1073759157
 248 0128 C4F20002 		movt	r2, #:upper16:1073759157
 249 012c 1278     		ldrb	r2, [r2, #0]
 250 012e D2B2     		uxtb	r2, r2
ARM GAS  C:\Users\KEVIN-~1\AppData\Local\Temp\ccSW881n.s 			page 9


 251 0130 02F0FE02 		and	r2, r2, #254
 252 0134 1A70     		strb	r2, [r3, #0]
 203:.\Generated_Source\PSoC5/USBFS_pm.c ****         CyDelayUs(1); /* min  0.5us delay required */
 253              		.loc 1 203 0
 254 0136 4FF00100 		mov	r0, #1
 255 013a FFF7FEFF 		bl	CyDelayUs
 256 013e 06E0     		b	.L10
 257              	.L9:
 204:.\Generated_Source\PSoC5/USBFS_pm.c **** 
 205:.\Generated_Source\PSoC5/USBFS_pm.c ****     }
 206:.\Generated_Source\PSoC5/USBFS_pm.c ****     else
 207:.\Generated_Source\PSoC5/USBFS_pm.c ****     {
 208:.\Generated_Source\PSoC5/USBFS_pm.c ****         USBFS_backup.enableState = 0u;
 258              		.loc 1 208 0
 259 0140 40F20003 		movw	r3, #:lower16:USBFS_backup
 260 0144 C0F20003 		movt	r3, #:upper16:USBFS_backup
 261 0148 4FF00002 		mov	r2, #0
 262 014c 1A70     		strb	r2, [r3, #0]
 263              	.L10:
 209:.\Generated_Source\PSoC5/USBFS_pm.c ****     }
 210:.\Generated_Source\PSoC5/USBFS_pm.c ****     CyExitCriticalSection(enableInterrupts);
 264              		.loc 1 210 0
 265 014e FB79     		ldrb	r3, [r7, #7]	@ zero_extendqisi2
 266 0150 1846     		mov	r0, r3
 267 0152 FFF7FEFF 		bl	CyExitCriticalSection
 211:.\Generated_Source\PSoC5/USBFS_pm.c **** 
 212:.\Generated_Source\PSoC5/USBFS_pm.c ****     /* Set the DP Interrupt for wake-up from sleep mode. */
 213:.\Generated_Source\PSoC5/USBFS_pm.c ****     #if((USBFS_DP_ISR_REMOVE == 0u) && (!CY_PSOC5A))
 214:.\Generated_Source\PSoC5/USBFS_pm.c ****         CyIntSetVector(USBFS_DP_INTC_VECT_NUM,   USBFS_DP_ISR);
 268              		.loc 1 214 0
 269 0156 4FF00C00 		mov	r0, #12
 270 015a 40F20001 		movw	r1, #:lower16:USBFS_DP_ISR
 271 015e C0F20001 		movt	r1, #:upper16:USBFS_DP_ISR
 272 0162 FFF7FEFF 		bl	CyIntSetVector
 215:.\Generated_Source\PSoC5/USBFS_pm.c ****         CyIntSetPriority(USBFS_DP_INTC_VECT_NUM, USBFS_DP_INTC_PRIOR);
 273              		.loc 1 215 0
 274 0166 4FF00C00 		mov	r0, #12
 275 016a 4FF00701 		mov	r1, #7
 276 016e FFF7FEFF 		bl	CyIntSetPriority
 216:.\Generated_Source\PSoC5/USBFS_pm.c ****         CyIntClearPending(USBFS_DP_INTC_VECT_NUM);
 277              		.loc 1 216 0
 278 0172 4FF00C00 		mov	r0, #12
 279 0176 FFF7FEFF 		bl	CyIntClearPending
 217:.\Generated_Source\PSoC5/USBFS_pm.c ****         CyIntEnable(USBFS_DP_INTC_VECT_NUM);
 280              		.loc 1 217 0
 281 017a 4FF00C00 		mov	r0, #12
 282 017e FFF7FEFF 		bl	CyIntEnable
 218:.\Generated_Source\PSoC5/USBFS_pm.c ****     #endif /* (USBFS_DP_ISR_REMOVE == 0u) && (!CY_PSOC5A) */
 219:.\Generated_Source\PSoC5/USBFS_pm.c **** 
 220:.\Generated_Source\PSoC5/USBFS_pm.c **** }
 283              		.loc 1 220 0
 284 0182 07F10807 		add	r7, r7, #8
 285 0186 BD46     		mov	sp, r7
 286 0188 80BD     		pop	{r7, pc}
 287              		.cfi_endproc
 288              	.LFE32:
 289              		.size	USBFS_Suspend, .-USBFS_Suspend
ARM GAS  C:\Users\KEVIN-~1\AppData\Local\Temp\ccSW881n.s 			page 10


 290 018a 00BF     		.section	.text.USBFS_Resume,"ax",%progbits
 291              		.align	2
 292              		.global	USBFS_Resume
 293              		.thumb
 294              		.thumb_func
 295              		.type	USBFS_Resume, %function
 296              	USBFS_Resume:
 297              	.LFB33:
 221:.\Generated_Source\PSoC5/USBFS_pm.c **** 
 222:.\Generated_Source\PSoC5/USBFS_pm.c **** 
 223:.\Generated_Source\PSoC5/USBFS_pm.c **** /*******************************************************************************
 224:.\Generated_Source\PSoC5/USBFS_pm.c **** * Function Name: USBFS_Resume
 225:.\Generated_Source\PSoC5/USBFS_pm.c **** ********************************************************************************
 226:.\Generated_Source\PSoC5/USBFS_pm.c **** *
 227:.\Generated_Source\PSoC5/USBFS_pm.c **** * Summary:
 228:.\Generated_Source\PSoC5/USBFS_pm.c **** *  This function enables the USBFS block after power down mode.
 229:.\Generated_Source\PSoC5/USBFS_pm.c **** *
 230:.\Generated_Source\PSoC5/USBFS_pm.c **** * Parameters:
 231:.\Generated_Source\PSoC5/USBFS_pm.c **** *  None.
 232:.\Generated_Source\PSoC5/USBFS_pm.c **** *
 233:.\Generated_Source\PSoC5/USBFS_pm.c **** * Return:
 234:.\Generated_Source\PSoC5/USBFS_pm.c **** *  None.
 235:.\Generated_Source\PSoC5/USBFS_pm.c **** *
 236:.\Generated_Source\PSoC5/USBFS_pm.c **** * Global variables:
 237:.\Generated_Source\PSoC5/USBFS_pm.c **** *  USBFS_backup - checked.
 238:.\Generated_Source\PSoC5/USBFS_pm.c **** *
 239:.\Generated_Source\PSoC5/USBFS_pm.c **** * Reentrant:
 240:.\Generated_Source\PSoC5/USBFS_pm.c **** *  No.
 241:.\Generated_Source\PSoC5/USBFS_pm.c **** *
 242:.\Generated_Source\PSoC5/USBFS_pm.c **** *******************************************************************************/
 243:.\Generated_Source\PSoC5/USBFS_pm.c **** void USBFS_Resume(void) 
 244:.\Generated_Source\PSoC5/USBFS_pm.c **** {
 298              		.loc 1 244 0
 299              		.cfi_startproc
 300              		@ args = 0, pretend = 0, frame = 8
 301              		@ frame_needed = 1, uses_anonymous_args = 0
 302 0000 80B5     		push	{r7, lr}
 303              	.LCFI9:
 304              		.cfi_def_cfa_offset 8
 305 0002 82B0     		sub	sp, sp, #8
 306              	.LCFI10:
 307              		.cfi_def_cfa_offset 16
 308 0004 00AF     		add	r7, sp, #0
 309              		.cfi_offset 14, -4
 310              		.cfi_offset 7, -8
 311              	.LCFI11:
 312              		.cfi_def_cfa_register 7
 245:.\Generated_Source\PSoC5/USBFS_pm.c ****     uint8 enableInterrupts;
 246:.\Generated_Source\PSoC5/USBFS_pm.c ****     enableInterrupts = CyEnterCriticalSection();
 313              		.loc 1 246 0
 314 0006 FFF7FEFF 		bl	CyEnterCriticalSection
 315 000a 0346     		mov	r3, r0
 316 000c FB71     		strb	r3, [r7, #7]
 247:.\Generated_Source\PSoC5/USBFS_pm.c **** 
 248:.\Generated_Source\PSoC5/USBFS_pm.c ****     if(USBFS_backup.enableState != 0u)
 317              		.loc 1 248 0
 318 000e 40F20003 		movw	r3, #:lower16:USBFS_backup
ARM GAS  C:\Users\KEVIN-~1\AppData\Local\Temp\ccSW881n.s 			page 11


 319 0012 C0F20003 		movt	r3, #:upper16:USBFS_backup
 320 0016 1B78     		ldrb	r3, [r3, #0]	@ zero_extendqisi2
 321 0018 002B     		cmp	r3, #0
 322 001a 00F09B80 		beq	.L13
 249:.\Generated_Source\PSoC5/USBFS_pm.c ****     {
 250:.\Generated_Source\PSoC5/USBFS_pm.c ****         #if((USBFS_DP_ISR_REMOVE == 0u) && (!CY_PSOC5A))
 251:.\Generated_Source\PSoC5/USBFS_pm.c ****             CyIntDisable(USBFS_DP_INTC_VECT_NUM);
 323              		.loc 1 251 0
 324 001e 4FF00C00 		mov	r0, #12
 325 0022 FFF7FEFF 		bl	CyIntDisable
 252:.\Generated_Source\PSoC5/USBFS_pm.c ****         #endif /* End USBFS_DP_ISR_REMOVE */
 253:.\Generated_Source\PSoC5/USBFS_pm.c **** 
 254:.\Generated_Source\PSoC5/USBFS_pm.c ****         #if(CY_PSOC5A)
 255:.\Generated_Source\PSoC5/USBFS_pm.c ****             /* Enable USBIO block */
 256:.\Generated_Source\PSoC5/USBFS_pm.c ****             USBFS_PM_AVAIL_CR_REG |= USBFS_PM_AVAIL_EN_FSUSBIO;
 257:.\Generated_Source\PSoC5/USBFS_pm.c **** 
 258:.\Generated_Source\PSoC5/USBFS_pm.c ****             /* Bus Reset Length, It has correct default value in ES3 */
 259:.\Generated_Source\PSoC5/USBFS_pm.c ****             USBFS_BUS_RST_CNT_REG = USBFS_BUS_RST_COUNT;
 260:.\Generated_Source\PSoC5/USBFS_pm.c ****         #endif /* End CY_PSOC5A */
 261:.\Generated_Source\PSoC5/USBFS_pm.c **** 
 262:.\Generated_Source\PSoC5/USBFS_pm.c ****         /* Enable USB block */
 263:.\Generated_Source\PSoC5/USBFS_pm.c ****         USBFS_PM_ACT_CFG_REG |= USBFS_PM_ACT_EN_FSUSB;
 326              		.loc 1 263 0
 327 0026 44F2A533 		movw	r3, #:lower16:1073759141
 328 002a C4F20003 		movt	r3, #:upper16:1073759141
 329 002e 44F2A532 		movw	r2, #:lower16:1073759141
 330 0032 C4F20002 		movt	r2, #:upper16:1073759141
 331 0036 1278     		ldrb	r2, [r2, #0]
 332 0038 D2B2     		uxtb	r2, r2
 333 003a 42F00102 		orr	r2, r2, #1
 334 003e D2B2     		uxtb	r2, r2
 335 0040 1A70     		strb	r2, [r3, #0]
 264:.\Generated_Source\PSoC5/USBFS_pm.c ****         /* Enable USB block for Standby Power Mode */
 265:.\Generated_Source\PSoC5/USBFS_pm.c ****         USBFS_PM_STBY_CFG_REG |= USBFS_PM_STBY_EN_FSUSB;
 336              		.loc 1 265 0
 337 0042 44F2B533 		movw	r3, #:lower16:1073759157
 338 0046 C4F20003 		movt	r3, #:upper16:1073759157
 339 004a 44F2B532 		movw	r2, #:lower16:1073759157
 340 004e C4F20002 		movt	r2, #:upper16:1073759157
 341 0052 1278     		ldrb	r2, [r2, #0]
 342 0054 D2B2     		uxtb	r2, r2
 343 0056 42F00102 		orr	r2, r2, #1
 344 005a D2B2     		uxtb	r2, r2
 345 005c 1A70     		strb	r2, [r3, #0]
 266:.\Generated_Source\PSoC5/USBFS_pm.c ****         /* Enable core clock */
 267:.\Generated_Source\PSoC5/USBFS_pm.c ****         USBFS_USB_CLK_EN_REG |= USBFS_USB_CLK_ENABLE;
 346              		.loc 1 267 0
 347 005e 46F29D03 		movw	r3, #:lower16:1073766557
 348 0062 C4F20003 		movt	r3, #:upper16:1073766557
 349 0066 46F29D02 		movw	r2, #:lower16:1073766557
 350 006a C4F20002 		movt	r2, #:upper16:1073766557
 351 006e 1278     		ldrb	r2, [r2, #0]
 352 0070 D2B2     		uxtb	r2, r2
 353 0072 42F00102 		orr	r2, r2, #1
 354 0076 D2B2     		uxtb	r2, r2
 355 0078 1A70     		strb	r2, [r3, #0]
 268:.\Generated_Source\PSoC5/USBFS_pm.c **** 
ARM GAS  C:\Users\KEVIN-~1\AppData\Local\Temp\ccSW881n.s 			page 12


 269:.\Generated_Source\PSoC5/USBFS_pm.c ****         /* USBIO Wakeup Sequencing for TO4 */
 270:.\Generated_Source\PSoC5/USBFS_pm.c ****         #if (!CY_PSOC5A)
 271:.\Generated_Source\PSoC5/USBFS_pm.c ****             /* Enable the USBIO reference by setting PM.USB_CR0.fsusbio_ref_en.*/
 272:.\Generated_Source\PSoC5/USBFS_pm.c ****             USBFS_PM_USB_CR0_REG |= USBFS_PM_USB_CR0_REF_EN;
 356              		.loc 1 272 0
 357 007a 44F29433 		movw	r3, #:lower16:1073759124
 358 007e C4F20003 		movt	r3, #:upper16:1073759124
 359 0082 44F29432 		movw	r2, #:lower16:1073759124
 360 0086 C4F20002 		movt	r2, #:upper16:1073759124
 361 008a 1278     		ldrb	r2, [r2, #0]
 362 008c D2B2     		uxtb	r2, r2
 363 008e 42F00102 		orr	r2, r2, #1
 364 0092 D2B2     		uxtb	r2, r2
 365 0094 1A70     		strb	r2, [r3, #0]
 273:.\Generated_Source\PSoC5/USBFS_pm.c ****             /* The reference will be available ~40us after power restored */
 274:.\Generated_Source\PSoC5/USBFS_pm.c ****             CyDelayUs(40);
 366              		.loc 1 274 0
 367 0096 4FF02800 		mov	r0, #40
 368 009a FFF7FEFF 		bl	CyDelayUs
 275:.\Generated_Source\PSoC5/USBFS_pm.c ****             /* Return VRegulator*/
 276:.\Generated_Source\PSoC5/USBFS_pm.c ****             USBFS_CR1_REG |= USBFS_backup.mode;
 369              		.loc 1 276 0
 370 009e 46F20903 		movw	r3, #:lower16:1073766409
 371 00a2 C4F20003 		movt	r3, #:upper16:1073766409
 372 00a6 46F20902 		movw	r2, #:lower16:1073766409
 373 00aa C4F20002 		movt	r2, #:upper16:1073766409
 374 00ae 1278     		ldrb	r2, [r2, #0]
 375 00b0 D1B2     		uxtb	r1, r2
 376 00b2 40F20002 		movw	r2, #:lower16:USBFS_backup
 377 00b6 C0F20002 		movt	r2, #:upper16:USBFS_backup
 378 00ba 5278     		ldrb	r2, [r2, #1]	@ zero_extendqisi2
 379 00bc 41EA0202 		orr	r2, r1, r2
 380 00c0 D2B2     		uxtb	r2, r2
 381 00c2 1A70     		strb	r2, [r3, #0]
 277:.\Generated_Source\PSoC5/USBFS_pm.c ****             CyDelayUs(0);  /*~50ns delay */
 382              		.loc 1 277 0
 383 00c4 4FF00000 		mov	r0, #0
 384 00c8 FFF7FEFF 		bl	CyDelayUs
 278:.\Generated_Source\PSoC5/USBFS_pm.c ****             /* Enable USBIO */
 279:.\Generated_Source\PSoC5/USBFS_pm.c ****             USBFS_PM_USB_CR0_REG |= USBFS_PM_USB_CR0_PD_N;
 385              		.loc 1 279 0
 386 00cc 44F29433 		movw	r3, #:lower16:1073759124
 387 00d0 C4F20003 		movt	r3, #:upper16:1073759124
 388 00d4 44F29432 		movw	r2, #:lower16:1073759124
 389 00d8 C4F20002 		movt	r2, #:upper16:1073759124
 390 00dc 1278     		ldrb	r2, [r2, #0]
 391 00de D2B2     		uxtb	r2, r2
 392 00e0 42F00202 		orr	r2, r2, #2
 393 00e4 D2B2     		uxtb	r2, r2
 394 00e6 1A70     		strb	r2, [r3, #0]
 280:.\Generated_Source\PSoC5/USBFS_pm.c ****             CyDelayUs(2);
 395              		.loc 1 280 0
 396 00e8 4FF00200 		mov	r0, #2
 397 00ec FFF7FEFF 		bl	CyDelayUs
 281:.\Generated_Source\PSoC5/USBFS_pm.c ****             /* Set the USBIO pull-up enable */
 282:.\Generated_Source\PSoC5/USBFS_pm.c ****             USBFS_PM_USB_CR0_REG |= USBFS_PM_USB_CR0_PD_PULLUP_N;
 398              		.loc 1 282 0
ARM GAS  C:\Users\KEVIN-~1\AppData\Local\Temp\ccSW881n.s 			page 13


 399 00f0 44F29433 		movw	r3, #:lower16:1073759124
 400 00f4 C4F20003 		movt	r3, #:upper16:1073759124
 401 00f8 44F29432 		movw	r2, #:lower16:1073759124
 402 00fc C4F20002 		movt	r2, #:upper16:1073759124
 403 0100 1278     		ldrb	r2, [r2, #0]
 404 0102 D2B2     		uxtb	r2, r2
 405 0104 42F00402 		orr	r2, r2, #4
 406 0108 D2B2     		uxtb	r2, r2
 407 010a 1A70     		strb	r2, [r3, #0]
 283:.\Generated_Source\PSoC5/USBFS_pm.c ****         #endif /* End !CY_PSOC5A */
 284:.\Generated_Source\PSoC5/USBFS_pm.c **** 
 285:.\Generated_Source\PSoC5/USBFS_pm.c ****         /* Reinit Arbiter congiguration for DMA transfers */
 286:.\Generated_Source\PSoC5/USBFS_pm.c ****         #if(USBFS_EP_MM != USBFS__EP_MANUAL)
 287:.\Generated_Source\PSoC5/USBFS_pm.c ****             /* usb arb interrupt enable */
 288:.\Generated_Source\PSoC5/USBFS_pm.c ****             USBFS_ARB_INT_EN_REG = USBFS_ARB_INT_MASK;
 289:.\Generated_Source\PSoC5/USBFS_pm.c ****             #if(USBFS_EP_MM == USBFS__EP_DMAMANUAL)
 290:.\Generated_Source\PSoC5/USBFS_pm.c ****                 USBFS_ARB_CFG_REG = USBFS_ARB_CFG_MANUAL_DMA;
 291:.\Generated_Source\PSoC5/USBFS_pm.c ****             #endif   /* End USBFS_EP_MM == USBFS__EP_DMAMANUAL */
 292:.\Generated_Source\PSoC5/USBFS_pm.c ****             #if(USBFS_EP_MM == USBFS__EP_DMAAUTO)
 293:.\Generated_Source\PSoC5/USBFS_pm.c ****                 /*Set cfg cmplt this rises DMA request when the full configuration is done */
 294:.\Generated_Source\PSoC5/USBFS_pm.c ****                 USBFS_ARB_CFG_REG = USBFS_ARB_CFG_AUTO_DMA | USBFS_ARB_CFG_AUTO_MEM;
 295:.\Generated_Source\PSoC5/USBFS_pm.c ****             #endif   /* End USBFS_EP_MM == USBFS__EP_DMAAUTO */
 296:.\Generated_Source\PSoC5/USBFS_pm.c ****         #endif   /* End USBFS_EP_MM != USBFS__EP_MANUAL */
 297:.\Generated_Source\PSoC5/USBFS_pm.c **** 
 298:.\Generated_Source\PSoC5/USBFS_pm.c ****         /* STALL_IN_OUT */
 299:.\Generated_Source\PSoC5/USBFS_pm.c ****         CY_SET_REG8(USBFS_EP0_CR_PTR, USBFS_MODE_STALL_IN_OUT);
 408              		.loc 1 299 0
 409 010c 46F22803 		movw	r3, #:lower16:1073766440
 410 0110 C4F20003 		movt	r3, #:upper16:1073766440
 411 0114 4FF00302 		mov	r2, #3
 412 0118 1A70     		strb	r2, [r3, #0]
 300:.\Generated_Source\PSoC5/USBFS_pm.c ****         /* Enable the SIE with a last address */
 301:.\Generated_Source\PSoC5/USBFS_pm.c ****         USBFS_CR0_REG |= USBFS_CR0_ENABLE;
 413              		.loc 1 301 0
 414 011a 46F20803 		movw	r3, #:lower16:1073766408
 415 011e C4F20003 		movt	r3, #:upper16:1073766408
 416 0122 46F20802 		movw	r2, #:lower16:1073766408
 417 0126 C4F20002 		movt	r2, #:upper16:1073766408
 418 012a 1278     		ldrb	r2, [r2, #0]
 419 012c D2B2     		uxtb	r2, r2
 420 012e 6FEA4262 		mvn	r2, r2, lsl #25
 421 0132 6FEA5262 		mvn	r2, r2, lsr #25
 422 0136 D2B2     		uxtb	r2, r2
 423 0138 1A70     		strb	r2, [r3, #0]
 302:.\Generated_Source\PSoC5/USBFS_pm.c ****         CyDelayCycles(1);
 424              		.loc 1 302 0
 425 013a 4FF00100 		mov	r0, #1
 426 013e FFF7FEFF 		bl	CyDelayCycles
 303:.\Generated_Source\PSoC5/USBFS_pm.c ****         /* Finally, Enable d+ pullup and select iomode to USB mode*/
 304:.\Generated_Source\PSoC5/USBFS_pm.c ****         CY_SET_REG8(USBFS_USBIO_CR1_PTR, USBFS_USBIO_CR1_USBPUEN);
 427              		.loc 1 304 0
 428 0142 46F21203 		movw	r3, #:lower16:1073766418
 429 0146 C4F20003 		movt	r3, #:upper16:1073766418
 430 014a 4FF00402 		mov	r2, #4
 431 014e 1A70     		strb	r2, [r3, #0]
 305:.\Generated_Source\PSoC5/USBFS_pm.c **** 
 306:.\Generated_Source\PSoC5/USBFS_pm.c ****         /* Restore USB register settings */
ARM GAS  C:\Users\KEVIN-~1\AppData\Local\Temp\ccSW881n.s 			page 14


 307:.\Generated_Source\PSoC5/USBFS_pm.c ****         USBFS_RestoreConfig();
 432              		.loc 1 307 0
 433 0150 FFF7FEFF 		bl	USBFS_RestoreConfig
 434              	.L13:
 308:.\Generated_Source\PSoC5/USBFS_pm.c ****     
 309:.\Generated_Source\PSoC5/USBFS_pm.c ****     }
 310:.\Generated_Source\PSoC5/USBFS_pm.c ****     CyExitCriticalSection(enableInterrupts);
 435              		.loc 1 310 0
 436 0154 FB79     		ldrb	r3, [r7, #7]	@ zero_extendqisi2
 437 0156 1846     		mov	r0, r3
 438 0158 FFF7FEFF 		bl	CyExitCriticalSection
 311:.\Generated_Source\PSoC5/USBFS_pm.c **** }
 439              		.loc 1 311 0
 440 015c 07F10807 		add	r7, r7, #8
 441 0160 BD46     		mov	sp, r7
 442 0162 80BD     		pop	{r7, pc}
 443              		.cfi_endproc
 444              	.LFE33:
 445              		.size	USBFS_Resume, .-USBFS_Resume
 446              		.text
 447              	.Letext0:
 448              		.section	.debug_loc,"",%progbits
 449              	.Ldebug_loc0:
 450              	.LLST0:
 451 0000 00000000 		.4byte	.LFB29
 452 0004 02000000 		.4byte	.LCFI0
 453 0008 0100     		.2byte	0x1
 454 000a 5D       		.byte	0x5d
 455 000b 02000000 		.4byte	.LCFI0
 456 000f 04000000 		.4byte	.LCFI1
 457 0013 0200     		.2byte	0x2
 458 0015 7D       		.byte	0x7d
 459 0016 04       		.sleb128 4
 460 0017 04000000 		.4byte	.LCFI1
 461 001b 14000000 		.4byte	.LFE29
 462 001f 0200     		.2byte	0x2
 463 0021 77       		.byte	0x77
 464 0022 04       		.sleb128 4
 465 0023 00000000 		.4byte	0x0
 466 0027 00000000 		.4byte	0x0
 467              	.LLST1:
 468 002b 00000000 		.4byte	.LFB30
 469 002f 02000000 		.4byte	.LCFI2
 470 0033 0100     		.2byte	0x1
 471 0035 5D       		.byte	0x5d
 472 0036 02000000 		.4byte	.LCFI2
 473 003a 04000000 		.4byte	.LCFI3
 474 003e 0200     		.2byte	0x2
 475 0040 7D       		.byte	0x7d
 476 0041 04       		.sleb128 4
 477 0042 04000000 		.4byte	.LCFI3
 478 0046 0A000000 		.4byte	.LFE30
 479 004a 0200     		.2byte	0x2
 480 004c 77       		.byte	0x77
 481 004d 04       		.sleb128 4
 482 004e 00000000 		.4byte	0x0
 483 0052 00000000 		.4byte	0x0
ARM GAS  C:\Users\KEVIN-~1\AppData\Local\Temp\ccSW881n.s 			page 15


 484              	.LLST2:
 485 0056 00000000 		.4byte	.LFB31
 486 005a 02000000 		.4byte	.LCFI4
 487 005e 0100     		.2byte	0x1
 488 0060 5D       		.byte	0x5d
 489 0061 02000000 		.4byte	.LCFI4
 490 0065 04000000 		.4byte	.LCFI5
 491 0069 0200     		.2byte	0x2
 492 006b 7D       		.byte	0x7d
 493 006c 08       		.sleb128 8
 494 006d 04000000 		.4byte	.LCFI5
 495 0071 1A000000 		.4byte	.LFE31
 496 0075 0200     		.2byte	0x2
 497 0077 77       		.byte	0x77
 498 0078 08       		.sleb128 8
 499 0079 00000000 		.4byte	0x0
 500 007d 00000000 		.4byte	0x0
 501              	.LLST3:
 502 0081 00000000 		.4byte	.LFB32
 503 0085 02000000 		.4byte	.LCFI6
 504 0089 0100     		.2byte	0x1
 505 008b 5D       		.byte	0x5d
 506 008c 02000000 		.4byte	.LCFI6
 507 0090 04000000 		.4byte	.LCFI7
 508 0094 0200     		.2byte	0x2
 509 0096 7D       		.byte	0x7d
 510 0097 08       		.sleb128 8
 511 0098 04000000 		.4byte	.LCFI7
 512 009c 06000000 		.4byte	.LCFI8
 513 00a0 0200     		.2byte	0x2
 514 00a2 7D       		.byte	0x7d
 515 00a3 10       		.sleb128 16
 516 00a4 06000000 		.4byte	.LCFI8
 517 00a8 8A010000 		.4byte	.LFE32
 518 00ac 0200     		.2byte	0x2
 519 00ae 77       		.byte	0x77
 520 00af 10       		.sleb128 16
 521 00b0 00000000 		.4byte	0x0
 522 00b4 00000000 		.4byte	0x0
 523              	.LLST4:
 524 00b8 00000000 		.4byte	.LFB33
 525 00bc 02000000 		.4byte	.LCFI9
 526 00c0 0100     		.2byte	0x1
 527 00c2 5D       		.byte	0x5d
 528 00c3 02000000 		.4byte	.LCFI9
 529 00c7 04000000 		.4byte	.LCFI10
 530 00cb 0200     		.2byte	0x2
 531 00cd 7D       		.byte	0x7d
 532 00ce 08       		.sleb128 8
 533 00cf 04000000 		.4byte	.LCFI10
 534 00d3 06000000 		.4byte	.LCFI11
 535 00d7 0200     		.2byte	0x2
 536 00d9 7D       		.byte	0x7d
 537 00da 10       		.sleb128 16
 538 00db 06000000 		.4byte	.LCFI11
 539 00df 64010000 		.4byte	.LFE33
 540 00e3 0200     		.2byte	0x2
ARM GAS  C:\Users\KEVIN-~1\AppData\Local\Temp\ccSW881n.s 			page 16


 541 00e5 77       		.byte	0x77
 542 00e6 10       		.sleb128 16
 543 00e7 00000000 		.4byte	0x0
 544 00eb 00000000 		.4byte	0x0
 545              		.file 2 "./Generated_Source/PSoC5/USBFS.h"
 546              		.file 3 "./Generated_Source/PSoC5/cytypes.h"
 547              		.file 4 "./Generated_Source/PSoC5/core_cm3.h"
 548              		.section	.debug_info
 549 0000 7A010000 		.4byte	0x17a
 550 0004 0200     		.2byte	0x2
 551 0006 00000000 		.4byte	.Ldebug_abbrev0
 552 000a 04       		.byte	0x4
 553 000b 01       		.uleb128 0x1
 554 000c E5000000 		.4byte	.LASF23
 555 0010 01       		.byte	0x1
 556 0011 3D010000 		.4byte	.LASF24
 557 0015 6E010000 		.4byte	.LASF25
 558 0019 00000000 		.4byte	0x0
 559 001d 00000000 		.4byte	0x0
 560 0021 00000000 		.4byte	.Ldebug_ranges0+0x0
 561 0025 00000000 		.4byte	.Ldebug_line0
 562 0029 02       		.uleb128 0x2
 563 002a 01       		.byte	0x1
 564 002b 06       		.byte	0x6
 565 002c E5010000 		.4byte	.LASF0
 566 0030 02       		.uleb128 0x2
 567 0031 01       		.byte	0x1
 568 0032 08       		.byte	0x8
 569 0033 29000000 		.4byte	.LASF1
 570 0037 02       		.uleb128 0x2
 571 0038 02       		.byte	0x2
 572 0039 05       		.byte	0x5
 573 003a DB010000 		.4byte	.LASF2
 574 003e 02       		.uleb128 0x2
 575 003f 02       		.byte	0x2
 576 0040 07       		.byte	0x7
 577 0041 85000000 		.4byte	.LASF3
 578 0045 02       		.uleb128 0x2
 579 0046 04       		.byte	0x4
 580 0047 05       		.byte	0x5
 581 0048 27010000 		.4byte	.LASF4
 582 004c 02       		.uleb128 0x2
 583 004d 04       		.byte	0x4
 584 004e 07       		.byte	0x7
 585 004f 5C000000 		.4byte	.LASF5
 586 0053 02       		.uleb128 0x2
 587 0054 08       		.byte	0x8
 588 0055 05       		.byte	0x5
 589 0056 00000000 		.4byte	.LASF6
 590 005a 02       		.uleb128 0x2
 591 005b 08       		.byte	0x8
 592 005c 07       		.byte	0x7
 593 005d 6E000000 		.4byte	.LASF7
 594 0061 03       		.uleb128 0x3
 595 0062 04       		.byte	0x4
 596 0063 05       		.byte	0x5
 597 0064 696E7400 		.ascii	"int\000"
ARM GAS  C:\Users\KEVIN-~1\AppData\Local\Temp\ccSW881n.s 			page 17


 598 0068 02       		.uleb128 0x2
 599 0069 04       		.byte	0x4
 600 006a 07       		.byte	0x7
 601 006b 1C000000 		.4byte	.LASF8
 602 006f 02       		.uleb128 0x2
 603 0070 01       		.byte	0x1
 604 0071 08       		.byte	0x8
 605 0072 0E010000 		.4byte	.LASF9
 606 0076 04       		.uleb128 0x4
 607 0077 3C000000 		.4byte	.LASF12
 608 007b 03       		.byte	0x3
 609 007c 60       		.byte	0x60
 610 007d 30000000 		.4byte	0x30
 611 0081 05       		.uleb128 0x5
 612 0082 76000000 		.4byte	0x76
 613 0086 06       		.uleb128 0x6
 614 0087 04       		.byte	0x4
 615 0088 07       		.byte	0x7
 616 0089 07       		.uleb128 0x7
 617 008a BD000000 		.4byte	.LASF26
 618 008e 02       		.byte	0x2
 619 008f 02       		.byte	0x2
 620 0090 A3       		.byte	0xa3
 621 0091 B2000000 		.4byte	0xb2
 622 0095 08       		.uleb128 0x8
 623 0096 02010000 		.4byte	.LASF10
 624 009a 02       		.byte	0x2
 625 009b A4       		.byte	0xa4
 626 009c 76000000 		.4byte	0x76
 627 00a0 02       		.byte	0x2
 628 00a1 23       		.byte	0x23
 629 00a2 00       		.uleb128 0x0
 630 00a3 08       		.uleb128 0x8
 631 00a4 37000000 		.4byte	.LASF11
 632 00a8 02       		.byte	0x2
 633 00a9 A5       		.byte	0xa5
 634 00aa 76000000 		.4byte	0x76
 635 00ae 02       		.byte	0x2
 636 00af 23       		.byte	0x23
 637 00b0 01       		.uleb128 0x1
 638 00b1 00       		.byte	0x0
 639 00b2 04       		.uleb128 0x4
 640 00b3 A9000000 		.4byte	.LASF13
 641 00b7 02       		.byte	0x2
 642 00b8 A6       		.byte	0xa6
 643 00b9 89000000 		.4byte	0x89
 644 00bd 09       		.uleb128 0x9
 645 00be 01       		.byte	0x1
 646 00bf 42000000 		.4byte	.LASF14
 647 00c3 01       		.byte	0x1
 648 00c4 46       		.byte	0x46
 649 00c5 01       		.byte	0x1
 650 00c6 00000000 		.4byte	.LFB29
 651 00ca 14000000 		.4byte	.LFE29
 652 00ce 00000000 		.4byte	.LLST0
 653 00d2 09       		.uleb128 0x9
 654 00d3 01       		.byte	0x1
ARM GAS  C:\Users\KEVIN-~1\AppData\Local\Temp\ccSW881n.s 			page 18


 655 00d4 F1000000 		.4byte	.LASF15
 656 00d8 01       		.byte	0x1
 657 00d9 64       		.byte	0x64
 658 00da 01       		.byte	0x1
 659 00db 00000000 		.4byte	.LFB30
 660 00df 0A000000 		.4byte	.LFE30
 661 00e3 2B000000 		.4byte	.LLST1
 662 00e7 09       		.uleb128 0x9
 663 00e8 01       		.byte	0x1
 664 00e9 D1000000 		.4byte	.LASF16
 665 00ed 01       		.byte	0x1
 666 00ee 7B       		.byte	0x7b
 667 00ef 01       		.byte	0x1
 668 00f0 00000000 		.4byte	.LFB31
 669 00f4 1A000000 		.4byte	.LFE31
 670 00f8 56000000 		.4byte	.LLST2
 671 00fc 0A       		.uleb128 0xa
 672 00fd 01       		.byte	0x1
 673 00fe 0E000000 		.4byte	.LASF17
 674 0102 01       		.byte	0x1
 675 0103 98       		.byte	0x98
 676 0104 01       		.byte	0x1
 677 0105 00000000 		.4byte	.LFB32
 678 0109 8A010000 		.4byte	.LFE32
 679 010d 81000000 		.4byte	.LLST3
 680 0111 24010000 		.4byte	0x124
 681 0115 0B       		.uleb128 0xb
 682 0116 98000000 		.4byte	.LASF19
 683 011a 01       		.byte	0x1
 684 011b 9A       		.byte	0x9a
 685 011c 76000000 		.4byte	0x76
 686 0120 02       		.byte	0x2
 687 0121 91       		.byte	0x91
 688 0122 77       		.sleb128 -9
 689 0123 00       		.byte	0x0
 690 0124 0A       		.uleb128 0xa
 691 0125 01       		.byte	0x1
 692 0126 4F000000 		.4byte	.LASF18
 693 012a 01       		.byte	0x1
 694 012b F3       		.byte	0xf3
 695 012c 01       		.byte	0x1
 696 012d 00000000 		.4byte	.LFB33
 697 0131 64010000 		.4byte	.LFE33
 698 0135 B8000000 		.4byte	.LLST4
 699 0139 4C010000 		.4byte	0x14c
 700 013d 0B       		.uleb128 0xb
 701 013e 98000000 		.4byte	.LASF19
 702 0142 01       		.byte	0x1
 703 0143 F5       		.byte	0xf5
 704 0144 76000000 		.4byte	0x76
 705 0148 02       		.byte	0x2
 706 0149 91       		.byte	0x91
 707 014a 77       		.sleb128 -9
 708 014b 00       		.byte	0x0
 709 014c 0B       		.uleb128 0xb
 710 014d 30010000 		.4byte	.LASF20
 711 0151 01       		.byte	0x1
ARM GAS  C:\Users\KEVIN-~1\AppData\Local\Temp\ccSW881n.s 			page 19


 712 0152 21       		.byte	0x21
 713 0153 B2000000 		.4byte	0xb2
 714 0157 05       		.byte	0x5
 715 0158 03       		.byte	0x3
 716 0159 00000000 		.4byte	USBFS_backup
 717 015d 0C       		.uleb128 0xc
 718 015e 61010000 		.4byte	.LASF21
 719 0162 04       		.byte	0x4
 720 0163 CE06     		.2byte	0x6ce
 721 0165 6B010000 		.4byte	0x16b
 722 0169 01       		.byte	0x1
 723 016a 01       		.byte	0x1
 724 016b 05       		.uleb128 0x5
 725 016c 61000000 		.4byte	0x61
 726 0170 0D       		.uleb128 0xd
 727 0171 13010000 		.4byte	.LASF22
 728 0175 01       		.byte	0x1
 729 0176 28       		.byte	0x28
 730 0177 81000000 		.4byte	0x81
 731 017b 01       		.byte	0x1
 732 017c 01       		.byte	0x1
 733 017d 00       		.byte	0x0
 734              		.section	.debug_abbrev
 735 0000 01       		.uleb128 0x1
 736 0001 11       		.uleb128 0x11
 737 0002 01       		.byte	0x1
 738 0003 25       		.uleb128 0x25
 739 0004 0E       		.uleb128 0xe
 740 0005 13       		.uleb128 0x13
 741 0006 0B       		.uleb128 0xb
 742 0007 03       		.uleb128 0x3
 743 0008 0E       		.uleb128 0xe
 744 0009 1B       		.uleb128 0x1b
 745 000a 0E       		.uleb128 0xe
 746 000b 11       		.uleb128 0x11
 747 000c 01       		.uleb128 0x1
 748 000d 52       		.uleb128 0x52
 749 000e 01       		.uleb128 0x1
 750 000f 55       		.uleb128 0x55
 751 0010 06       		.uleb128 0x6
 752 0011 10       		.uleb128 0x10
 753 0012 06       		.uleb128 0x6
 754 0013 00       		.byte	0x0
 755 0014 00       		.byte	0x0
 756 0015 02       		.uleb128 0x2
 757 0016 24       		.uleb128 0x24
 758 0017 00       		.byte	0x0
 759 0018 0B       		.uleb128 0xb
 760 0019 0B       		.uleb128 0xb
 761 001a 3E       		.uleb128 0x3e
 762 001b 0B       		.uleb128 0xb
 763 001c 03       		.uleb128 0x3
 764 001d 0E       		.uleb128 0xe
 765 001e 00       		.byte	0x0
 766 001f 00       		.byte	0x0
 767 0020 03       		.uleb128 0x3
 768 0021 24       		.uleb128 0x24
ARM GAS  C:\Users\KEVIN-~1\AppData\Local\Temp\ccSW881n.s 			page 20


 769 0022 00       		.byte	0x0
 770 0023 0B       		.uleb128 0xb
 771 0024 0B       		.uleb128 0xb
 772 0025 3E       		.uleb128 0x3e
 773 0026 0B       		.uleb128 0xb
 774 0027 03       		.uleb128 0x3
 775 0028 08       		.uleb128 0x8
 776 0029 00       		.byte	0x0
 777 002a 00       		.byte	0x0
 778 002b 04       		.uleb128 0x4
 779 002c 16       		.uleb128 0x16
 780 002d 00       		.byte	0x0
 781 002e 03       		.uleb128 0x3
 782 002f 0E       		.uleb128 0xe
 783 0030 3A       		.uleb128 0x3a
 784 0031 0B       		.uleb128 0xb
 785 0032 3B       		.uleb128 0x3b
 786 0033 0B       		.uleb128 0xb
 787 0034 49       		.uleb128 0x49
 788 0035 13       		.uleb128 0x13
 789 0036 00       		.byte	0x0
 790 0037 00       		.byte	0x0
 791 0038 05       		.uleb128 0x5
 792 0039 35       		.uleb128 0x35
 793 003a 00       		.byte	0x0
 794 003b 49       		.uleb128 0x49
 795 003c 13       		.uleb128 0x13
 796 003d 00       		.byte	0x0
 797 003e 00       		.byte	0x0
 798 003f 06       		.uleb128 0x6
 799 0040 24       		.uleb128 0x24
 800 0041 00       		.byte	0x0
 801 0042 0B       		.uleb128 0xb
 802 0043 0B       		.uleb128 0xb
 803 0044 3E       		.uleb128 0x3e
 804 0045 0B       		.uleb128 0xb
 805 0046 00       		.byte	0x0
 806 0047 00       		.byte	0x0
 807 0048 07       		.uleb128 0x7
 808 0049 13       		.uleb128 0x13
 809 004a 01       		.byte	0x1
 810 004b 03       		.uleb128 0x3
 811 004c 0E       		.uleb128 0xe
 812 004d 0B       		.uleb128 0xb
 813 004e 0B       		.uleb128 0xb
 814 004f 3A       		.uleb128 0x3a
 815 0050 0B       		.uleb128 0xb
 816 0051 3B       		.uleb128 0x3b
 817 0052 0B       		.uleb128 0xb
 818 0053 01       		.uleb128 0x1
 819 0054 13       		.uleb128 0x13
 820 0055 00       		.byte	0x0
 821 0056 00       		.byte	0x0
 822 0057 08       		.uleb128 0x8
 823 0058 0D       		.uleb128 0xd
 824 0059 00       		.byte	0x0
 825 005a 03       		.uleb128 0x3
ARM GAS  C:\Users\KEVIN-~1\AppData\Local\Temp\ccSW881n.s 			page 21


 826 005b 0E       		.uleb128 0xe
 827 005c 3A       		.uleb128 0x3a
 828 005d 0B       		.uleb128 0xb
 829 005e 3B       		.uleb128 0x3b
 830 005f 0B       		.uleb128 0xb
 831 0060 49       		.uleb128 0x49
 832 0061 13       		.uleb128 0x13
 833 0062 38       		.uleb128 0x38
 834 0063 0A       		.uleb128 0xa
 835 0064 00       		.byte	0x0
 836 0065 00       		.byte	0x0
 837 0066 09       		.uleb128 0x9
 838 0067 2E       		.uleb128 0x2e
 839 0068 00       		.byte	0x0
 840 0069 3F       		.uleb128 0x3f
 841 006a 0C       		.uleb128 0xc
 842 006b 03       		.uleb128 0x3
 843 006c 0E       		.uleb128 0xe
 844 006d 3A       		.uleb128 0x3a
 845 006e 0B       		.uleb128 0xb
 846 006f 3B       		.uleb128 0x3b
 847 0070 0B       		.uleb128 0xb
 848 0071 27       		.uleb128 0x27
 849 0072 0C       		.uleb128 0xc
 850 0073 11       		.uleb128 0x11
 851 0074 01       		.uleb128 0x1
 852 0075 12       		.uleb128 0x12
 853 0076 01       		.uleb128 0x1
 854 0077 40       		.uleb128 0x40
 855 0078 06       		.uleb128 0x6
 856 0079 00       		.byte	0x0
 857 007a 00       		.byte	0x0
 858 007b 0A       		.uleb128 0xa
 859 007c 2E       		.uleb128 0x2e
 860 007d 01       		.byte	0x1
 861 007e 3F       		.uleb128 0x3f
 862 007f 0C       		.uleb128 0xc
 863 0080 03       		.uleb128 0x3
 864 0081 0E       		.uleb128 0xe
 865 0082 3A       		.uleb128 0x3a
 866 0083 0B       		.uleb128 0xb
 867 0084 3B       		.uleb128 0x3b
 868 0085 0B       		.uleb128 0xb
 869 0086 27       		.uleb128 0x27
 870 0087 0C       		.uleb128 0xc
 871 0088 11       		.uleb128 0x11
 872 0089 01       		.uleb128 0x1
 873 008a 12       		.uleb128 0x12
 874 008b 01       		.uleb128 0x1
 875 008c 40       		.uleb128 0x40
 876 008d 06       		.uleb128 0x6
 877 008e 01       		.uleb128 0x1
 878 008f 13       		.uleb128 0x13
 879 0090 00       		.byte	0x0
 880 0091 00       		.byte	0x0
 881 0092 0B       		.uleb128 0xb
 882 0093 34       		.uleb128 0x34
ARM GAS  C:\Users\KEVIN-~1\AppData\Local\Temp\ccSW881n.s 			page 22


 883 0094 00       		.byte	0x0
 884 0095 03       		.uleb128 0x3
 885 0096 0E       		.uleb128 0xe
 886 0097 3A       		.uleb128 0x3a
 887 0098 0B       		.uleb128 0xb
 888 0099 3B       		.uleb128 0x3b
 889 009a 0B       		.uleb128 0xb
 890 009b 49       		.uleb128 0x49
 891 009c 13       		.uleb128 0x13
 892 009d 02       		.uleb128 0x2
 893 009e 0A       		.uleb128 0xa
 894 009f 00       		.byte	0x0
 895 00a0 00       		.byte	0x0
 896 00a1 0C       		.uleb128 0xc
 897 00a2 34       		.uleb128 0x34
 898 00a3 00       		.byte	0x0
 899 00a4 03       		.uleb128 0x3
 900 00a5 0E       		.uleb128 0xe
 901 00a6 3A       		.uleb128 0x3a
 902 00a7 0B       		.uleb128 0xb
 903 00a8 3B       		.uleb128 0x3b
 904 00a9 05       		.uleb128 0x5
 905 00aa 49       		.uleb128 0x49
 906 00ab 13       		.uleb128 0x13
 907 00ac 3F       		.uleb128 0x3f
 908 00ad 0C       		.uleb128 0xc
 909 00ae 3C       		.uleb128 0x3c
 910 00af 0C       		.uleb128 0xc
 911 00b0 00       		.byte	0x0
 912 00b1 00       		.byte	0x0
 913 00b2 0D       		.uleb128 0xd
 914 00b3 34       		.uleb128 0x34
 915 00b4 00       		.byte	0x0
 916 00b5 03       		.uleb128 0x3
 917 00b6 0E       		.uleb128 0xe
 918 00b7 3A       		.uleb128 0x3a
 919 00b8 0B       		.uleb128 0xb
 920 00b9 3B       		.uleb128 0x3b
 921 00ba 0B       		.uleb128 0xb
 922 00bb 49       		.uleb128 0x49
 923 00bc 13       		.uleb128 0x13
 924 00bd 3F       		.uleb128 0x3f
 925 00be 0C       		.uleb128 0xc
 926 00bf 3C       		.uleb128 0x3c
 927 00c0 0C       		.uleb128 0xc
 928 00c1 00       		.byte	0x0
 929 00c2 00       		.byte	0x0
 930 00c3 00       		.byte	0x0
 931              		.section	.debug_pubnames,"",%progbits
 932 0000 6F000000 		.4byte	0x6f
 933 0004 0200     		.2byte	0x2
 934 0006 00000000 		.4byte	.Ldebug_info0
 935 000a 7E010000 		.4byte	0x17e
 936 000e BD000000 		.4byte	0xbd
 937 0012 55534246 		.ascii	"USBFS_DP_ISR\000"
 937      535F4450 
 937      5F495352 
ARM GAS  C:\Users\KEVIN-~1\AppData\Local\Temp\ccSW881n.s 			page 23


 937      00
 938 001f D2000000 		.4byte	0xd2
 939 0023 55534246 		.ascii	"USBFS_SaveConfig\000"
 939      535F5361 
 939      7665436F 
 939      6E666967 
 939      00
 940 0034 E7000000 		.4byte	0xe7
 941 0038 55534246 		.ascii	"USBFS_RestoreConfig\000"
 941      535F5265 
 941      73746F72 
 941      65436F6E 
 941      66696700 
 942 004c FC000000 		.4byte	0xfc
 943 0050 55534246 		.ascii	"USBFS_Suspend\000"
 943      535F5375 
 943      7370656E 
 943      6400
 944 005e 24010000 		.4byte	0x124
 945 0062 55534246 		.ascii	"USBFS_Resume\000"
 945      535F5265 
 945      73756D65 
 945      00
 946 006f 00000000 		.4byte	0x0
 947              		.section	.debug_aranges,"",%progbits
 948 0000 3C000000 		.4byte	0x3c
 949 0004 0200     		.2byte	0x2
 950 0006 00000000 		.4byte	.Ldebug_info0
 951 000a 04       		.byte	0x4
 952 000b 00       		.byte	0x0
 953 000c 0000     		.2byte	0x0
 954 000e 0000     		.2byte	0x0
 955 0010 00000000 		.4byte	.LFB29
 956 0014 14000000 		.4byte	.LFE29-.LFB29
 957 0018 00000000 		.4byte	.LFB30
 958 001c 0A000000 		.4byte	.LFE30-.LFB30
 959 0020 00000000 		.4byte	.LFB31
 960 0024 1A000000 		.4byte	.LFE31-.LFB31
 961 0028 00000000 		.4byte	.LFB32
 962 002c 8A010000 		.4byte	.LFE32-.LFB32
 963 0030 00000000 		.4byte	.LFB33
 964 0034 64010000 		.4byte	.LFE33-.LFB33
 965 0038 00000000 		.4byte	0x0
 966 003c 00000000 		.4byte	0x0
 967              		.section	.debug_ranges,"",%progbits
 968              	.Ldebug_ranges0:
 969 0000 00000000 		.4byte	.Ltext0
 970 0004 00000000 		.4byte	.Letext0
 971 0008 00000000 		.4byte	.LFB29
 972 000c 14000000 		.4byte	.LFE29
 973 0010 00000000 		.4byte	.LFB30
 974 0014 0A000000 		.4byte	.LFE30
 975 0018 00000000 		.4byte	.LFB31
 976 001c 1A000000 		.4byte	.LFE31
 977 0020 00000000 		.4byte	.LFB32
 978 0024 8A010000 		.4byte	.LFE32
 979 0028 00000000 		.4byte	.LFB33
ARM GAS  C:\Users\KEVIN-~1\AppData\Local\Temp\ccSW881n.s 			page 24


 980 002c 64010000 		.4byte	.LFE33
 981 0030 00000000 		.4byte	0x0
 982 0034 00000000 		.4byte	0x0
 983              		.section	.debug_str,"MS",%progbits,1
 984              	.LASF6:
 985 0000 6C6F6E67 		.ascii	"long long int\000"
 985      206C6F6E 
 985      6720696E 
 985      7400
 986              	.LASF17:
 987 000e 55534246 		.ascii	"USBFS_Suspend\000"
 987      535F5375 
 987      7370656E 
 987      6400
 988              	.LASF8:
 989 001c 756E7369 		.ascii	"unsigned int\000"
 989      676E6564 
 989      20696E74 
 989      00
 990              	.LASF1:
 991 0029 756E7369 		.ascii	"unsigned char\000"
 991      676E6564 
 991      20636861 
 991      7200
 992              	.LASF11:
 993 0037 6D6F6465 		.ascii	"mode\000"
 993      00
 994              	.LASF12:
 995 003c 75696E74 		.ascii	"uint8\000"
 995      3800
 996              	.LASF14:
 997 0042 55534246 		.ascii	"USBFS_DP_ISR\000"
 997      535F4450 
 997      5F495352 
 997      00
 998              	.LASF18:
 999 004f 55534246 		.ascii	"USBFS_Resume\000"
 999      535F5265 
 999      73756D65 
 999      00
 1000              	.LASF5:
 1001 005c 6C6F6E67 		.ascii	"long unsigned int\000"
 1001      20756E73 
 1001      69676E65 
 1001      6420696E 
 1001      7400
 1002              	.LASF7:
 1003 006e 6C6F6E67 		.ascii	"long long unsigned int\000"
 1003      206C6F6E 
 1003      6720756E 
 1003      7369676E 
 1003      65642069 
 1004              	.LASF3:
 1005 0085 73686F72 		.ascii	"short unsigned int\000"
 1005      7420756E 
 1005      7369676E 
 1005      65642069 
ARM GAS  C:\Users\KEVIN-~1\AppData\Local\Temp\ccSW881n.s 			page 25


 1005      6E7400
 1006              	.LASF19:
 1007 0098 656E6162 		.ascii	"enableInterrupts\000"
 1007      6C65496E 
 1007      74657272 
 1007      75707473 
 1007      00
 1008              	.LASF13:
 1009 00a9 55534246 		.ascii	"USBFS_BACKUP_STRUCT\000"
 1009      535F4241 
 1009      434B5550 
 1009      5F535452 
 1009      55435400 
 1010              	.LASF26:
 1011 00bd 5F555342 		.ascii	"_USBFS_BackupStruct\000"
 1011      46535F42 
 1011      61636B75 
 1011      70537472 
 1011      75637400 
 1012              	.LASF16:
 1013 00d1 55534246 		.ascii	"USBFS_RestoreConfig\000"
 1013      535F5265 
 1013      73746F72 
 1013      65436F6E 
 1013      66696700 
 1014              	.LASF23:
 1015 00e5 474E5520 		.ascii	"GNU C 4.4.1\000"
 1015      4320342E 
 1015      342E3100 
 1016              	.LASF15:
 1017 00f1 55534246 		.ascii	"USBFS_SaveConfig\000"
 1017      535F5361 
 1017      7665436F 
 1017      6E666967 
 1017      00
 1018              	.LASF10:
 1019 0102 656E6162 		.ascii	"enableState\000"
 1019      6C655374 
 1019      61746500 
 1020              	.LASF9:
 1021 010e 63686172 		.ascii	"char\000"
 1021      00
 1022              	.LASF22:
 1023 0113 55534246 		.ascii	"USBFS_configuration\000"
 1023      535F636F 
 1023      6E666967 
 1023      75726174 
 1023      696F6E00 
 1024              	.LASF4:
 1025 0127 6C6F6E67 		.ascii	"long int\000"
 1025      20696E74 
 1025      00
 1026              	.LASF20:
 1027 0130 55534246 		.ascii	"USBFS_backup\000"
 1027      535F6261 
 1027      636B7570 
 1027      00
ARM GAS  C:\Users\KEVIN-~1\AppData\Local\Temp\ccSW881n.s 			page 26


 1028              	.LASF24:
 1029 013d 2E5C4765 		.ascii	".\\Generated_Source\\PSoC5\\USBFS_pm.c\000"
 1029      6E657261 
 1029      7465645F 
 1029      536F7572 
 1029      63655C50 
 1030              	.LASF21:
 1031 0161 49544D5F 		.ascii	"ITM_RxBuffer\000"
 1031      52784275 
 1031      66666572 
 1031      00
 1032              	.LASF25:
 1033 016e 433A5C55 		.ascii	"C:\\Users\\Kevin-Patxi\\Downloads\\AN82072(PSoC Cre"
 1033      73657273 
 1033      5C4B6576 
 1033      696E2D50 
 1033      61747869 
 1034 019d 61746F72 		.ascii	"ator 2.1 SP1)\\AN82072\\PSoC Projects\\Project 1\\P"
 1034      20322E31 
 1034      20535031 
 1034      295C414E 
 1034      38323037 
 1035 01cc 726F6A65 		.ascii	"roject 1.cydsn\000"
 1035      63742031 
 1035      2E637964 
 1035      736E00
 1036              	.LASF2:
 1037 01db 73686F72 		.ascii	"short int\000"
 1037      7420696E 
 1037      7400
 1038              	.LASF0:
 1039 01e5 7369676E 		.ascii	"signed char\000"
 1039      65642063 
 1039      68617200 
 1040              		.ident	"GCC: (Sourcery G++ Lite 2010q1-188) 4.4.1"
